Archive member included to satisfy reference by file (symbol)

C:/Program Files/Arm/GNU Toolchain mingw-w64-x86_64-arm-none-eabi/bin/../lib/gcc/arm-none-eabi/15.2.1/../../../../arm-none-eabi/lib/thumb/v8-m.main+fp/softfp\libm.a(libm_a-wf_sqrt.o)
                              CMakeFiles/your_app.dir/C_/Users/zhasanr/Desktop/pico-sdk/src/rp2_common/pico_float/float_math.c.obj (sqrtf)
C:/Program Files/Arm/GNU Toolchain mingw-w64-x86_64-arm-none-eabi/bin/../lib/gcc/arm-none-eabi/15.2.1/../../../../arm-none-eabi/lib/thumb/v8-m.main+fp/softfp\libm.a(libm_a-ef_sqrt.o)
                              C:/Program Files/Arm/GNU Toolchain mingw-w64-x86_64-arm-none-eabi/bin/../lib/gcc/arm-none-eabi/15.2.1/../../../../arm-none-eabi/lib/thumb/v8-m.main+fp/softfp\libm.a(libm_a-wf_sqrt.o) (__ieee754_sqrtf)
C:/Program Files/Arm/GNU Toolchain mingw-w64-x86_64-arm-none-eabi/bin/../lib/gcc/arm-none-eabi/15.2.1/thumb/v8-m.main+fp/softfp\libgcc.a(_arm_addsubdf3.o)
                              CMakeFiles/your_app.dir/C_/Users/zhasanr/Desktop/pico-sdk/src/rp2_common/pico_float/float_math.c.obj (__aeabi_f2d)
C:/Program Files/Arm/GNU Toolchain mingw-w64-x86_64-arm-none-eabi/bin/../lib/gcc/arm-none-eabi/15.2.1/thumb/v8-m.main+fp/softfp\libgcc.a(_aeabi_ldivmod.o)
                              CMakeFiles/your_app.dir/C_/Users/zhasanr/Desktop/pico-sdk/src/common/pico_time/time.c.obj (__aeabi_ldivmod)
C:/Program Files/Arm/GNU Toolchain mingw-w64-x86_64-arm-none-eabi/bin/../lib/gcc/arm-none-eabi/15.2.1/thumb/v8-m.main+fp/softfp\libgcc.a(_aeabi_uldivmod.o)
                              CMakeFiles/your_app.dir/C_/Users/zhasanr/Desktop/pico-sdk/src/rp2_common/hardware_clocks/clocks.c.obj (__aeabi_uldivmod)
C:/Program Files/Arm/GNU Toolchain mingw-w64-x86_64-arm-none-eabi/bin/../lib/gcc/arm-none-eabi/15.2.1/thumb/v8-m.main+fp/softfp\libgcc.a(_udivmoddi4.o)
                              C:/Program Files/Arm/GNU Toolchain mingw-w64-x86_64-arm-none-eabi/bin/../lib/gcc/arm-none-eabi/15.2.1/thumb/v8-m.main+fp/softfp\libgcc.a(_aeabi_ldivmod.o) (__udivmoddi4)
C:/Program Files/Arm/GNU Toolchain mingw-w64-x86_64-arm-none-eabi/bin/../lib/gcc/arm-none-eabi/15.2.1/thumb/v8-m.main+fp/softfp\libgcc.a(_dvmd_tls.o)
                              C:/Program Files/Arm/GNU Toolchain mingw-w64-x86_64-arm-none-eabi/bin/../lib/gcc/arm-none-eabi/15.2.1/thumb/v8-m.main+fp/softfp\libgcc.a(_aeabi_ldivmod.o) (__aeabi_ldiv0)
C:/Program Files/Arm/GNU Toolchain mingw-w64-x86_64-arm-none-eabi/bin/../lib/gcc/arm-none-eabi/15.2.1/../../../../arm-none-eabi/lib/thumb/v8-m.main+fp/softfp\libg.a(libc_a-atoi.o)
                              CMakeFiles/your_app.dir/C_/Users/zhasanr/Desktop/pico-sdk/lib/lwip/src/core/netif.c.obj (atoi)
C:/Program Files/Arm/GNU Toolchain mingw-w64-x86_64-arm-none-eabi/bin/../lib/gcc/arm-none-eabi/15.2.1/../../../../arm-none-eabi/lib/thumb/v8-m.main+fp/softfp\libg.a(libc_a-calloc.o)
                              CMakeFiles/your_app.dir/C_/Users/zhasanr/Desktop/pico-sdk/src/rp2_common/pico_malloc/malloc.c.obj (calloc)
C:/Program Files/Arm/GNU Toolchain mingw-w64-x86_64-arm-none-eabi/bin/../lib/gcc/arm-none-eabi/15.2.1/../../../../arm-none-eabi/lib/thumb/v8-m.main+fp/softfp\libg.a(libc_a-callocr.o)
                              C:/Program Files/Arm/GNU Toolchain mingw-w64-x86_64-arm-none-eabi/bin/../lib/gcc/arm-none-eabi/15.2.1/../../../../arm-none-eabi/lib/thumb/v8-m.main+fp/softfp\libg.a(libc_a-calloc.o) (_calloc_r)
C:/Program Files/Arm/GNU Toolchain mingw-w64-x86_64-arm-none-eabi/bin/../lib/gcc/arm-none-eabi/15.2.1/../../../../arm-none-eabi/lib/thumb/v8-m.main+fp/softfp\libg.a(libc_a-malloc.o)
                              CMakeFiles/your_app.dir/C_/Users/zhasanr/Desktop/pico-sdk/src/rp2_common/pico_malloc/malloc.c.obj (malloc)
C:/Program Files/Arm/GNU Toolchain mingw-w64-x86_64-arm-none-eabi/bin/../lib/gcc/arm-none-eabi/15.2.1/../../../../arm-none-eabi/lib/thumb/v8-m.main+fp/softfp\libg.a(libc_a-mallocr.o)
                              C:/Program Files/Arm/GNU Toolchain mingw-w64-x86_64-arm-none-eabi/bin/../lib/gcc/arm-none-eabi/15.2.1/../../../../arm-none-eabi/lib/thumb/v8-m.main+fp/softfp\libg.a(libc_a-callocr.o) (_malloc_r)
C:/Program Files/Arm/GNU Toolchain mingw-w64-x86_64-arm-none-eabi/bin/../lib/gcc/arm-none-eabi/15.2.1/../../../../arm-none-eabi/lib/thumb/v8-m.main+fp/softfp\libg.a(libc_a-mlock.o)
                              C:/Program Files/Arm/GNU Toolchain mingw-w64-x86_64-arm-none-eabi/bin/../lib/gcc/arm-none-eabi/15.2.1/../../../../arm-none-eabi/lib/thumb/v8-m.main+fp/softfp\libg.a(libc_a-mallocr.o) (__malloc_lock)
C:/Program Files/Arm/GNU Toolchain mingw-w64-x86_64-arm-none-eabi/bin/../lib/gcc/arm-none-eabi/15.2.1/../../../../arm-none-eabi/lib/thumb/v8-m.main+fp/softfp\libg.a(libc_a-realloc.o)
                              CMakeFiles/your_app.dir/C_/Users/zhasanr/Desktop/pico-sdk/src/rp2_common/pico_malloc/malloc.c.obj (realloc)
[...]
Memory Configuration

Name             Origin             Length             Attributes
FLASH            0x10000000         0x00400000         xr
RAM              0x20000000         0x00080000         xrw
SCRATCH_X        0x20080000         0x00001000         xrw
SCRATCH_Y        0x20081000         0x00001000         xrw
*default*        0x00000000         0xffffffff

Linker script and memory map

LOAD C:/Program Files/Arm/GNU Toolchain mingw-w64-x86_64-arm-none-eabi/bin/../lib/gcc/arm-none-eabi/15.2.1/thumb/v8-m.main+fp/softfp/crti.o
LOAD C:/Program Files/Arm/GNU Toolchain mingw-w64-x86_64-arm-none-eabi/bin/../lib/gcc/arm-none-eabi/15.2.1/thumb/v8-m.main+fp/softfp/crtbegin.o
LOAD C:/Program Files/Arm/GNU Toolchain mingw-w64-x86_64-arm-none-eabi/bin/../lib/gcc/arm-none-eabi/15.2.1/../../../../arm-none-eabi/lib/thumb/v8-m.main+fp/softfp/crt0.o

.flash_begin    0x10000000        0x0
                0x10000000                        __flash_binary_start = .

.text           0x10000000    0x1cadc
                0x10000000                        __logical_binary_start = .
 *(.vectors)
 .vectors       0x10000000      0x124 CMakeFiles/your_app.dir/C_/Users/zhasanr/Desktop/pico-sdk/src/rp2_common/pico_crt0/crt0.S.obj
                0x10000000                __VECTOR_TABLE
                0x10000000                __vectors
                0x10000110                __unhandled_user_irq
                0x10000110                isr_irq49
                0x10000110                isr_irq13
                0x10000110                isr_irq43
                0x10000110                isr_irq45
                0x10000110                isr_irq27
                0x10000110                isr_irq32
                0x10000110                isr_irq31
                0x10000110                isr_irq12
                0x10000110                isr_irq5
                0x10000110                isr_irq11
                0x10000110                isr_irq3
                0x10000110                isr_irq23
                0x10000110                isr_usagefault
                0x10000110                isr_irq48
                0x10000110                isr_irq30
                0x10000110                isr_irq18
                0x10000110                isr_irq50
                0x10000110                isr_irq33
                0x10000110                isr_irq40
                0x10000110                isr_irq28
                0x10000110                isr_irq19
                0x10000110                isr_irq36
                0x10000110                isr_irq41
                0x10000110                isr_irq0
                0x10000110                isr_irq6
                0x10000110                isr_irq26
                0x10000110                isr_irq29
                0x10000110                isr_memmanage
                0x10000110                isr_irq37
                0x10000110                isr_irq42
                0x10000110                isr_irq22
                0x10000110                isr_irq35
                0x10000110                isr_irq17
                0x10000110                isr_irq38
                0x10000110                isr_irq14
                0x10000110                __vectors_end
                0x10000110                __default_isrs_start
                0x10000110                isr_irq2
                0x10000110                isr_irq10
                0x10000110                isr_irq8
                0x10000110                isr_debugmonitor
                0x10000110                isr_irq24
                0x10000110                isr_irq46
                0x10000110                isr_irq1
                0x10000110                isr_irq47
                0x10000110                isr_irq51
                0x10000110                isr_irq7
                0x10000110                isr_irq21
                0x10000110                isr_irq39
                0x10000110                isr_irq20
                0x10000110                isr_irq15
                0x10000110                isr_irq25
                0x10000110                isr_irq34
                0x10000110                isr_irq44
                0x10000110                isr_securefault
                0x10000110                isr_irq4
                0x10000110                isr_busfault
                0x10000110                isr_irq16
                0x10000110                isr_irq9
                0x10000116                unhandled_user_irq_num_in_r0
                0x10000118                isr_invalid
                0x1000011a                isr_nmi
                0x1000011c                isr_hardfault
                0x1000011e                isr_svcall
                0x10000120                isr_pendsv
                0x10000122                isr_systick
                0x10000124                __default_isrs_end
 *(.binary_info_header)
 .binary_info_header
                0x10000124       0x14 CMakeFiles/your_app.dir/C_/Users/zhasanr/Desktop/pico-sdk/src/rp2_common/pico_crt0/crt0.S.obj
                0x10000138                        __binary_info_header_end = .
 *(.embedded_block)
 .embedded_block
                0x10000138       0x14 CMakeFiles/your_app.dir/C_/Users/zhasanr/Desktop/pico-sdk/src/rp2_common/pico_crt0/crt0.S.obj
                0x1000014c                        __embedded_block_end = .
 *(.reset)
 .reset         0x1000014c       0x98 CMakeFiles/your_app.dir/C_/Users/zhasanr/Desktop/pico-sdk/src/rp2_common/pico_crt0/crt0.S.obj
                0x1000014c                _entry_point
 *(.init)
 .init          0x100001e4        0x4 C:/Program Files/Arm/GNU Toolchain mingw-w64-x86_64-arm-none-eabi/bin/../lib/gcc/arm-none-eabi/15.2.1/thumb/v8-m.main+fp/softfp/crti.o
                0x100001e4                _init
 *libgcc.a:cmse_nonsecure_call.o()
 *(EXCLUDE_FILE(*libm.a: *libc.a:*lib_a-mem*.o *libgcc.a:) .text*)
 .text.register_tm_clones
                0x100001e8       0x28 C:/Program Files/Arm/GNU Toolchain mingw-w64-x86_64-arm-none-eabi/bin/../lib/gcc/arm-none-eabi/15.2.1/thumb/v8-m.main+fp/softfp/crtbegin.o
 .text.frame_dummy
                0x10000210       0x24 C:/Program Files/Arm/GNU Toolchain mingw-w64-x86_64-arm-none-eabi/bin/../lib/gcc/arm-none-eabi/15.2.1/thumb/v8-m.main+fp/softfp/crtbegin.o
 .text.motor_movement_task
                0x10000234      0x11c CMakeFiles/your_app.dir/src/main.c.obj
                0x10000234                motor_movement_task
 .text.html_server_task
                0x10000350      0x140 CMakeFiles/your_app.dir/src/main.c.obj
                0x10000350                html_server_task
 .text.determine_if_safe_task
                0x10000490       0xd4 CMakeFiles/your_app.dir/src/main.c.obj
                0x10000490                determine_if_safe_task
 .text.setup_gpio
                0x10000564       0x5c CMakeFiles/your_app.dir/src/main.c.obj
                0x10000564                setup_gpio
 .text.startup.main
                0x100005c0       0xb8 CMakeFiles/your_app.dir/src/main.c.obj
                0x100005c0                main
 .text.gpio_set_function
                0x10000678       0x3c CMakeFiles/your_app.dir/C_/Users/zhasanr/Desktop/pico-sdk/src/rp2_common/hardware_gpio/gpio.c.obj
                0x10000678                gpio_set_function
 .text.gpio_set_pulls
                0x100006b4       0x24 CMakeFiles/your_app.dir/C_/Users/zhasanr/Desktop/pico-sdk/src/rp2_common/hardware_gpio/gpio.c.obj
                0x100006b4                gpio_set_pulls
 .text.gpio_set_input_hysteresis_enabled
                0x100006d8       0x20 CMakeFiles/your_app.dir/C_/Users/zhasanr/Desktop/pico-sdk/src/rp2_common/hardware_gpio/gpio.c.obj
                0x100006d8                gpio_set_input_hysteresis_enabled
 .text.gpio_set_irq_enabled
                0x100006f8       0x48 CMakeFiles/your_app.dir/C_/Users/zhasanr/Desktop/pico-sdk/src/rp2_common/hardware_gpio/gpio.c.obj
                0x100006f8                gpio_set_irq_enabled
 .text.gpio_add_raw_irq_handler_with_order_priority_masked
                0x10000740       0x48 CMakeFiles/your_app.dir/C_/Users/zhasanr/Desktop/pico-sdk/src/rp2_common/hardware_gpio/gpio.c.obj
                0x10000740                gpio_add_raw_irq_handler_with_order_priority_masked
 .text.gpio_remove_raw_irq_handler_masked
                0x10000788       0x24 CMakeFiles/your_app.dir/C_/Users/zhasanr/Desktop/pico-sdk/src/rp2_common/hardware_gpio/gpio.c.obj
                0x10000788                gpio_remove_raw_irq_handler_masked
 .text.gpio_init
                0x100007ac       0x4c CMakeFiles/your_app.dir/C_/Users/zhasanr/Desktop/pico-sdk/src/rp2_common/hardware_gpio/gpio.c.obj
                0x100007ac                gpio_init
 .text.panic    0x100007f8       0x30 CMakeFiles/your_app.dir/C_/Users/zhasanr/Desktop/pico-sdk/src/rp2_common/pico_platform_panic/panic.c.obj
                0x100007f8                panic
 .text.hw_claim_lock
                0x10000828       0x24 CMakeFiles/your_app.dir/C_/Users/zhasanr/Desktop/pico-sdk/src/common/hardware_claim/claim.c.obj
                0x10000828                hw_claim_lock
 .text.hw_claim_unlock
                0x1000084c       0x14 CMakeFiles/your_app.dir/C_/Users/zhasanr/Desktop/pico-sdk/src/common/hardware_claim/claim.c.obj
                0x1000084c                hw_claim_unlock
 .text.hw_claim_or_assert
                0x10000860       0x58 CMakeFiles/your_app.dir/C_/Users/zhasanr/Desktop/pico-sdk/src/common/hardware_claim/claim.c.obj
                0x10000860                hw_claim_or_assert
 .text.hw_claim_unused_from_range
                0x100008b8       0x84 CMakeFiles/your_app.dir/C_/Users/zhasanr/Desktop/pico-sdk/src/common/hardware_claim/claim.c.obj
                0x100008b8                hw_claim_unused_from_range
 .text.hw_claim_clear
                0x1000093c       0x50 CMakeFiles/your_app.dir/C_/Users/zhasanr/Desktop/pico-sdk/src/common/hardware_claim/claim.c.obj
                0x1000093c                hw_claim_clear
 .text.next_striped_spin_lock_num
                0x1000098c       0x18 CMakeFiles/your_app.dir/C_/Users/zhasanr/Desktop/pico-sdk/src/rp2_common/hardware_sync/sync.c.obj
                0x1000098c                next_striped_spin_lock_num
 .text.spin_lock_claim
                0x100009a4       0x14 CMakeFiles/your_app.dir/C_/Users/zhasanr/Desktop/pico-sdk/src/rp2_common/hardware_sync/sync.c.obj
                0x100009a4                spin_lock_claim
 .text.spin_lock_claim_unused
                0x100009b8       0x24 CMakeFiles/your_app.dir/C_/Users/zhasanr/Desktop/pico-sdk/src/rp2_common/hardware_sync/sync.c.obj
                0x100009b8                spin_lock_claim_unused
 .text.spinlock_set_extexclall
                0x100009dc       0x10 CMakeFiles/your_app.dir/C_/Users/zhasanr/Desktop/pico-sdk/src/rp2_common/hardware_sync_spin_lock/sync_spin_lock.c.obj
 .text.spin_locks_reset
                0x100009ec       0x18 CMakeFiles/your_app.dir/C_/Users/zhasanr/Desktop/pico-sdk/src/rp2_common/hardware_sync_spin_lock/sync_spin_lock.c.obj
                0x100009ec                spin_locks_reset
 .text.runtime_init_per_core_irq_priorities
                0x10000a04       0x40 CMakeFiles/your_app.dir/C_/Users/zhasanr/Desktop/pico-sdk/src/rp2_common/hardware_irq/irq.c.obj
                0x10000a04                runtime_init_per_core_irq_priorities
 .text.irq_set_enabled
                0x10000a44       0x2c CMakeFiles/your_app.dir/C_/Users/zhasanr/Desktop/pico-sdk/src/rp2_common/hardware_irq/irq.c.obj
                0x10000a44                irq_set_enabled
 .text.irq_is_enabled
                0x10000a70       0x20 CMakeFiles/your_app.dir/C_/Users/zhasanr/Desktop/pico-sdk/src/rp2_common/hardware_irq/irq.c.obj
                0x10000a70                irq_is_enabled
 .text.irq_set_pending
                0x10000a90       0x18 CMakeFiles/your_app.dir/C_/Users/zhasanr/Desktop/pico-sdk/src/rp2_common/hardware_irq/irq.c.obj
                0x10000a90                irq_set_pending
 .text.irq_has_shared_handler
                0x10000aa8       0x20 CMakeFiles/your_app.dir/C_/Users/zhasanr/Desktop/pico-sdk/src/rp2_common/hardware_irq/irq.c.obj
                0x10000aa8                irq_has_shared_handler
 .text.irq_set_exclusive_handler
                0x10000ac8       0x70 CMakeFiles/your_app.dir/C_/Users/zhasanr/Desktop/pico-sdk/src/rp2_common/hardware_irq/irq.c.obj
                0x10000ac8                irq_set_exclusive_handler
 .text.irq_add_shared_handler
                0x10000b38      0x1f4 CMakeFiles/your_app.dir/C_/Users/zhasanr/Desktop/pico-sdk/src/rp2_common/hardware_irq/irq.c.obj
                0x10000b38                irq_add_shared_handler
 .text.irq_remove_handler
                0x10000d2c      0x208 CMakeFiles/your_app.dir/C_/Users/zhasanr/Desktop/pico-sdk/src/rp2_common/hardware_irq/irq.c.obj
                0x10000d2c                irq_remove_handler
 .text.irq_set_priority
                0x10000f34       0x28 CMakeFiles/your_app.dir/C_/Users/zhasanr/Desktop/pico-sdk/src/rp2_common/hardware_irq/irq.c.obj
                0x10000f34                irq_set_priority
 .text.irq_add_tail_to_free_list
                0x10000f5c       0xcc CMakeFiles/your_app.dir/C_/Users/zhasanr/Desktop/pico-sdk/src/rp2_common/hardware_irq/irq.c.obj
                0x10000f5c                irq_add_tail_to_free_list
 .text.user_irq_claim_unused
                0x10001028       0x2c CMakeFiles/your_app.dir/C_/Users/zhasanr/Desktop/pico-sdk/src/rp2_common/hardware_irq/irq.c.obj
                0x10001028                user_irq_claim_unused
 .text.lock_init
                0x10001054        0xc CMakeFiles/your_app.dir/C_/Users/zhasanr/Desktop/pico-sdk/src/common/pico_sync/lock_core.c.obj
                0x10001054                lock_init
 .text.runtime_init_mutex
                0x10001060       0x54 CMakeFiles/your_app.dir/C_/Users/zhasanr/Desktop/pico-sdk/src/common/pico_sync/mutex.c.obj
                0x10001060                runtime_init_mutex
 .text.mutex_init
                0x100010b4       0x1c CMakeFiles/your_app.dir/C_/Users/zhasanr/Desktop/pico-sdk/src/common/pico_sync/mutex.c.obj
                0x100010b4                mutex_init
 .text.critical_section_init
                0x100010d0       0x1c CMakeFiles/your_app.dir/C_/Users/zhasanr/Desktop/pico-sdk/src/common/pico_sync/critical_section.c.obj
                0x100010d0                critical_section_init
 .text.critical_section_init_with_lock_num
                0x100010ec       0x10 CMakeFiles/your_app.dir/C_/Users/zhasanr/Desktop/pico-sdk/src/common/pico_sync/critical_section.c.obj
                0x100010ec                critical_section_init_with_lock_num
 *fill*         0x100010fc        0x4 
 .text.alarm_pool_irq_handler
                0x10001100      0x2ec CMakeFiles/your_app.dir/C_/Users/zhasanr/Desktop/pico-sdk/src/common/pico_time/time.c.obj
 .text.sleep_until_callback
                0x100013ec       0x34 CMakeFiles/your_app.dir/C_/Users/zhasanr/Desktop/pico-sdk/src/common/pico_time/time.c.obj
 .text.runtime_init_default_alarm_pool
                0x10001420      0x104 CMakeFiles/your_app.dir/C_/Users/zhasanr/Desktop/pico-sdk/src/common/pico_time/time.c.obj
                0x10001420                runtime_init_default_alarm_pool
 .text.alarm_pool_get_default
                0x10001524        0x8 CMakeFiles/your_app.dir/C_/Users/zhasanr/Desktop/pico-sdk/src/common/pico_time/time.c.obj
                0x10001524                alarm_pool_get_default
 .text.alarm_pool_add_alarm_at
                0x1000152c       0xe4 CMakeFiles/your_app.dir/C_/Users/zhasanr/Desktop/pico-sdk/src/common/pico_time/time.c.obj
                0x1000152c                alarm_pool_add_alarm_at
 .text.alarm_pool_add_alarm_at_force_in_context
                0x10001610       0xcc CMakeFiles/your_app.dir/C_/Users/zhasanr/Desktop/pico-sdk/src/common/pico_time/time.c.obj
                0x10001610                alarm_pool_add_alarm_at_force_in_context
 .text.alarm_pool_cancel_alarm
                0x100016dc       0x84 CMakeFiles/your_app.dir/C_/Users/zhasanr/Desktop/pico-sdk/src/common/pico_time/time.c.obj
                0x100016dc                alarm_pool_cancel_alarm
 .text.alarm_pool_core_num
                0x10001760        0x4 CMakeFiles/your_app.dir/C_/Users/zhasanr/Desktop/pico-sdk/src/common/pico_time/time.c.obj
                0x10001760                alarm_pool_core_num
 .text.best_effort_wfe_or_timeout
                0x10001764       0xf8 CMakeFiles/your_app.dir/C_/Users/zhasanr/Desktop/pico-sdk/src/common/pico_time/time.c.obj
                0x10001764                best_effort_wfe_or_timeout
 .text.timer_hardware_alarm_claim
                0x1000185c       0x24 CMakeFiles/your_app.dir/C_/Users/zhasanr/Desktop/pico-sdk/src/rp2_common/hardware_timer/timer.c.obj
                0x1000185c                timer_hardware_alarm_claim
 .text.timer_time_us_64
                0x10001880       0x10 CMakeFiles/your_app.dir/C_/Users/zhasanr/Desktop/pico-sdk/src/rp2_common/hardware_timer/timer.c.obj
                0x10001880                timer_time_us_64
 .text.time_us_64
                0x10001890       0x14 CMakeFiles/your_app.dir/C_/Users/zhasanr/Desktop/pico-sdk/src/rp2_common/hardware_timer/timer.c.obj
                0x10001890                time_us_64
 .text.busy_wait_us
                0x100018a4       0x60 CMakeFiles/your_app.dir/C_/Users/zhasanr/Desktop/pico-sdk/src/rp2_common/hardware_timer/timer.c.obj
                0x100018a4                busy_wait_us
 .text.clock_configure_undivided
                0x10001904       0xdc CMakeFiles/your_app.dir/C_/Users/zhasanr/Desktop/pico-sdk/src/rp2_common/hardware_clocks/clocks.c.obj
                0x10001904                clock_configure_undivided
 .text.clock_get_hz
                0x100019e0        0xc CMakeFiles/your_app.dir/C_/Users/zhasanr/Desktop/pico-sdk/src/rp2_common/hardware_clocks/clocks.c.obj
                0x100019e0                clock_get_hz
 .text.pll_init
                0x100019ec       0x90 CMakeFiles/your_app.dir/C_/Users/zhasanr/Desktop/pico-sdk/src/rp2_common/hardware_pll/pll.c.obj
                0x100019ec                pll_init
 .text.watchdog_reboot
                0x10001a7c       0xac CMakeFiles/your_app.dir/C_/Users/zhasanr/Desktop/pico-sdk/src/rp2_common/hardware_watchdog/watchdog.c.obj
                0x10001a7c                watchdog_reboot
 .text.tick_start
                0x10001b28       0x18 CMakeFiles/your_app.dir/C_/Users/zhasanr/Desktop/pico-sdk/src/rp2_common/hardware_ticks/ticks.c.obj
                0x10001b28                tick_start
 .text.rom_reboot.constprop.0.isra.0
                0x10001b40       0x38 CMakeFiles/your_app.dir/C_/Users/zhasanr/Desktop/pico-sdk/src/rp2_common/pico_bootrom/bootrom.c.obj
 .text.rom_func_lookup
                0x10001b78       0x18 CMakeFiles/your_app.dir/C_/Users/zhasanr/Desktop/pico-sdk/src/rp2_common/pico_bootrom/bootrom.c.obj
                0x10001b78                rom_func_lookup
 .text.rom_reset_usb_boot_extra
                0x10001b90       0x1c CMakeFiles/your_app.dir/C_/Users/zhasanr/Desktop/pico-sdk/src/rp2_common/pico_bootrom/bootrom.c.obj
                0x10001b90                rom_reset_usb_boot_extra
 .text.rom_get_boot_random
                0x10001bac       0x48 CMakeFiles/your_app.dir/C_/Users/zhasanr/Desktop/pico-sdk/src/rp2_common/pico_bootrom/bootrom.c.obj
                0x10001bac                rom_get_boot_random
 .text.runtime_init_bootrom_locking_enable
                0x10001bf4       0x14 CMakeFiles/your_app.dir/C_/Users/zhasanr/Desktop/pico-sdk/src/rp2_common/pico_bootrom/bootrom_lock.c.obj
                0x10001bf4                runtime_init_bootrom_locking_enable
 .text.runtime_init_boot_locks_reset
                0x10001c08       0x1c CMakeFiles/your_app.dir/C_/Users/zhasanr/Desktop/pico-sdk/src/rp2_common/hardware_boot_lock/boot_lock.c.obj
                0x10001c08                runtime_init_boot_locks_reset
 .text.xosc_init
                0x10001c24       0x2c CMakeFiles/your_app.dir/C_/Users/zhasanr/Desktop/pico-sdk/src/rp2_common/hardware_xosc/xosc.c.obj
                0x10001c24                xosc_init
 .text.first_per_core_initializer
                0x10001c50        0x4 CMakeFiles/your_app.dir/C_/Users/zhasanr/Desktop/pico-sdk/src/rp2_common/pico_runtime/runtime.c.obj
 .text.hard_assertion_failure
                0x10001c54        0xc CMakeFiles/your_app.dir/C_/Users/zhasanr/Desktop/pico-sdk/src/rp2_common/pico_runtime/runtime.c.obj
                0x10001c54                hard_assertion_failure
 .text.runtime_run_initializers
                0x10001c60       0x20 CMakeFiles/your_app.dir/C_/Users/zhasanr/Desktop/pico-sdk/src/rp2_common/pico_runtime/runtime.c.obj
                0x10001c60                runtime_run_initializers
 .text.runtime_run_per_core_initializers
                0x10001c80       0x20 CMakeFiles/your_app.dir/C_/Users/zhasanr/Desktop/pico-sdk/src/rp2_common/pico_runtime/runtime.c.obj
                0x10001c80                runtime_run_per_core_initializers
 .text.runtime_init_early_resets
                0x10001ca0       0x30 CMakeFiles/your_app.dir/C_/Users/zhasanr/Desktop/pico-sdk/src/rp2_common/pico_runtime_init/runtime_init.c.obj
                0x10001ca0                runtime_init_early_resets
 .text.runtime_init_usb_power_down
                0x10001cd0       0x1c CMakeFiles/your_app.dir/C_/Users/zhasanr/Desktop/pico-sdk/src/rp2_common/pico_runtime_init/runtime_init.c.obj
                0x10001cd0                runtime_init_usb_power_down
 .text.runtime_init_per_core_enable_coprocessors
                0x10001cec       0x1c CMakeFiles/your_app.dir/C_/Users/zhasanr/Desktop/pico-sdk/src/rp2_common/pico_runtime_init/runtime_init.c.obj
                0x10001cec                runtime_init_per_core_enable_coprocessors
 .text.runtime_init_post_clock_resets
                0x10001d08       0x20 CMakeFiles/your_app.dir/C_/Users/zhasanr/Desktop/pico-sdk/src/rp2_common/pico_runtime_init/runtime_init.c.obj
                0x10001d08                runtime_init_post_clock_resets
 .text.runtime_init_bootrom_reset
                0x10001d28       0x14 CMakeFiles/your_app.dir/C_/Users/zhasanr/Desktop/pico-sdk/src/rp2_common/pico_runtime_init/runtime_init.c.obj
                0x10001d28                runtime_init_bootrom_reset
 .text.runtime_init_per_core_bootrom_reset
                0x10001d3c       0x14 CMakeFiles/your_app.dir/C_/Users/zhasanr/Desktop/pico-sdk/src/rp2_common/pico_runtime_init/runtime_init.c.obj
                0x10001d3c                runtime_init_per_core_bootrom_reset
 .text.runtime_init_spin_locks_reset
                0x10001d50        0x4 CMakeFiles/your_app.dir/C_/Users/zhasanr/Desktop/pico-sdk/src/rp2_common/pico_runtime_init/runtime_init.c.obj
                0x10001d50                runtime_init_spin_locks_reset
 .text.runtime_init_install_ram_vector_table
                0x10001d54       0x68 CMakeFiles/your_app.dir/C_/Users/zhasanr/Desktop/pico-sdk/src/rp2_common/pico_runtime_init/runtime_init.c.obj
                0x10001d54                runtime_init_install_ram_vector_table
 .text.runtime_init_clocks
                0x10001dbc       0xdc CMakeFiles/your_app.dir/C_/Users/zhasanr/Desktop/pico-sdk/src/rp2_common/pico_runtime_init/runtime_init_clocks.c.obj
                0x10001dbc                runtime_init_clocks
 .text.__rp2350_dcp_engaged_state_save_restore
                0x10001e98       0x3a CMakeFiles/your_app.dir/C_/Users/zhasanr/Desktop/pico-sdk/src/rp2_common/pico_double/double_aeabi_dcp.S.obj
 *fill*         0x10001ed2        0x2 
 .text.__wrap___aeabi_dadd
                0x10001ed4       0x28 CMakeFiles/your_app.dir/C_/Users/zhasanr/Desktop/pico-sdk/src/rp2_common/pico_double/double_aeabi_dcp.S.obj
                0x10001edc                __wrap___aeabi_dadd
 .text.__wrap___aeabi_dsub
                0x10001efc       0x28 CMakeFiles/your_app.dir/C_/Users/zhasanr/Desktop/pico-sdk/src/rp2_common/pico_double/double_aeabi_dcp.S.obj
                0x10001f04                __wrap___aeabi_dsub
 .text.__wrap___aeabi_dmul
                0x10001f24       0x4c CMakeFiles/your_app.dir/C_/Users/zhasanr/Desktop/pico-sdk/src/rp2_common/pico_double/double_aeabi_dcp.S.obj
                0x10001f2c                __wrap___aeabi_dmul
 .text.__wrap___aeabi_ddiv
                0x10001f70       0x9c CMakeFiles/your_app.dir/C_/Users/zhasanr/Desktop/pico-sdk/src/rp2_common/pico_double/double_aeabi_dcp.S.obj
                0x10001f78                __wrap___aeabi_ddiv
 .text.__wrap___aeabi_i2d
                0x1000200c       0x24 CMakeFiles/your_app.dir/C_/Users/zhasanr/Desktop/pico-sdk/src/rp2_common/pico_double/double_aeabi_dcp.S.obj
                0x10002014                int2double
                0x10002014                __wrap___aeabi_i2d
 .text.__wrap___aeabi_ui2d
                0x10002030       0x24 CMakeFiles/your_app.dir/C_/Users/zhasanr/Desktop/pico-sdk/src/rp2_common/pico_double/double_aeabi_dcp.S.obj
                0x10002038                uint2double
                0x10002038                __wrap___aeabi_ui2d
 .text.__wrap___aeabi_d2iz
                0x10002054       0x24 CMakeFiles/your_app.dir/C_/Users/zhasanr/Desktop/pico-sdk/src/rp2_common/pico_double/double_aeabi_dcp.S.obj
                0x1000205c                double2int_z
                0x1000205c                __wrap___aeabi_d2iz
 .text.__wrap___aeabi_d2uiz
                0x10002078       0x24 CMakeFiles/your_app.dir/C_/Users/zhasanr/Desktop/pico-sdk/src/rp2_common/pico_double/double_aeabi_dcp.S.obj
                0x10002080                double2uint
                0x10002080                __wrap___aeabi_d2uiz
                0x10002080                double2uint_z
 .text.__wrap___aeabi_dcmpun
                0x1000209c       0x24 CMakeFiles/your_app.dir/C_/Users/zhasanr/Desktop/pico-sdk/src/rp2_common/pico_double/double_aeabi_dcp.S.obj
                0x100020a4                __wrap___aeabi_dcmpun
 .text.__wrap___aeabi_dcmplt
                0x100020c0       0x28 CMakeFiles/your_app.dir/C_/Users/zhasanr/Desktop/pico-sdk/src/rp2_common/pico_double/double_aeabi_dcp.S.obj
                0x100020c8                __wrap___aeabi_dcmplt
 .text.__wrap___aeabi_dcmple
                0x100020e8       0x28 CMakeFiles/your_app.dir/C_/Users/zhasanr/Desktop/pico-sdk/src/rp2_common/pico_double/double_aeabi_dcp.S.obj
                0x100020f0                __wrap___aeabi_dcmple
 .text.__wrap___aeabi_dcmpge
                0x10002110       0x28 CMakeFiles/your_app.dir/C_/Users/zhasanr/Desktop/pico-sdk/src/rp2_common/pico_double/double_aeabi_dcp.S.obj
                0x10002118                __wrap___aeabi_dcmpge
 .text.__wrap___aeabi_dcmpgt
                0x10002138       0x28 CMakeFiles/your_app.dir/C_/Users/zhasanr/Desktop/pico-sdk/src/rp2_common/pico_double/double_aeabi_dcp.S.obj
                0x10002140                __wrap___aeabi_dcmpgt
 .text._out_null
                0x10002160        0x4 CMakeFiles/your_app.dir/C_/Users/zhasanr/Desktop/pico-sdk/src/rp2_common/pico_printf/printf.c.obj
 .text._out_rev
                0x10002164       0xa8 CMakeFiles/your_app.dir/C_/Users/zhasanr/Desktop/pico-sdk/src/rp2_common/pico_printf/printf.c.obj
 .text._ntoa_format
                0x1000220c      0x1dc CMakeFiles/your_app.dir/C_/Users/zhasanr/Desktop/pico-sdk/src/rp2_common/pico_printf/printf.c.obj
 .text._out_char
                0x100023e8        0x8 CMakeFiles/your_app.dir/C_/Users/zhasanr/Desktop/pico-sdk/src/rp2_common/pico_printf/printf.c.obj
 .text._out_fct
                0x100023f0        0xc CMakeFiles/your_app.dir/C_/Users/zhasanr/Desktop/pico-sdk/src/rp2_common/pico_printf/printf.c.obj
 *fill*         0x100023fc        0x4 
 .text._ftoa    0x10002400      0x494 CMakeFiles/your_app.dir/C_/Users/zhasanr/Desktop/pico-sdk/src/rp2_common/pico_printf/printf.c.obj
 *fill*         0x10002894        0x4 
 .text._etoa    0x10002898      0x584 CMakeFiles/your_app.dir/C_/Users/zhasanr/Desktop/pico-sdk/src/rp2_common/pico_printf/printf.c.obj
 .text._vsnprintf
                0x10002e1c      0x9d8 CMakeFiles/your_app.dir/C_/Users/zhasanr/Desktop/pico-sdk/src/rp2_common/pico_printf/printf.c.obj
 .text.vfctprintf
                0x100037f4       0x24 CMakeFiles/your_app.dir/C_/Users/zhasanr/Desktop/pico-sdk/src/rp2_common/pico_printf/printf.c.obj
                0x100037f4                vfctprintf
 .text.weak_raw_vprintf
                0x10003818       0x30 CMakeFiles/your_app.dir/C_/Users/zhasanr/Desktop/pico-sdk/src/rp2_common/pico_printf/printf.c.obj
                0x10003818                weak_raw_vprintf
 .text._exit    0x10003848        0x4 CMakeFiles/your_app.dir/C_/Users/zhasanr/Desktop/pico-sdk/src/rp2_common/pico_clib_interface/newlib_interface.c.obj
                0x10003848                _exit
 .text.exit     0x1000384c        0x8 CMakeFiles/your_app.dir/C_/Users/zhasanr/Desktop/pico-sdk/src/rp2_common/pico_clib_interface/newlib_interface.c.obj
                0x1000384c                exit
 .text.runtime_init
                0x10003854       0x24 CMakeFiles/your_app.dir/C_/Users/zhasanr/Desktop/pico-sdk/src/rp2_common/pico_clib_interface/newlib_interface.c.obj
                0x10003854                runtime_init
 .text.stdio_out_chars_no_crlf
                0x10003878        0x8 CMakeFiles/your_app.dir/C_/Users/zhasanr/Desktop/pico-sdk/src/rp2_common/pico_stdio/stdio.c.obj
 .text.stdio_out_chars_crlf
                0x10003880       0xc0 CMakeFiles/your_app.dir/C_/Users/zhasanr/Desktop/pico-sdk/src/rp2_common/pico_stdio/stdio.c.obj
 .text.stdio_buffered_printer
                0x10003940       0x5c CMakeFiles/your_app.dir/C_/Users/zhasanr/Desktop/pico-sdk/src/rp2_common/pico_stdio/stdio.c.obj
 .text.stdio_put_string
                0x1000399c       0xec CMakeFiles/your_app.dir/C_/Users/zhasanr/Desktop/pico-sdk/src/rp2_common/pico_stdio/stdio.c.obj
                0x1000399c                stdio_put_string
 .text.stdio_set_driver_enabled
                0x10003a88       0x28 CMakeFiles/your_app.dir/C_/Users/zhasanr/Desktop/pico-sdk/src/rp2_common/pico_stdio/stdio.c.obj
                0x10003a88                stdio_set_driver_enabled
 .text.stdio_init_all
                0x10003ab0        0x4 CMakeFiles/your_app.dir/C_/Users/zhasanr/Desktop/pico-sdk/src/rp2_common/pico_stdio/stdio.c.obj
                0x10003ab0                stdio_init_all
 .text.__wrap_putchar
                0x10003ab4       0x84 CMakeFiles/your_app.dir/C_/Users/zhasanr/Desktop/pico-sdk/src/rp2_common/pico_stdio/stdio.c.obj
                0x10003ab4                __wrap_putchar
                0x10003ab4                stdio_putchar
 .text.__wrap_puts
                0x10003b38       0x3c CMakeFiles/your_app.dir/C_/Users/zhasanr/Desktop/pico-sdk/src/rp2_common/pico_stdio/stdio.c.obj
                0x10003b38                stdio_puts
                0x10003b38                __wrap_puts
 .text.__wrap_vprintf
                0x10003b74       0xc0 CMakeFiles/your_app.dir/C_/Users/zhasanr/Desktop/pico-sdk/src/rp2_common/pico_stdio/stdio.c.obj
                0x10003b74                stdio_vprintf
                0x10003b74                __wrap_vprintf
 .text.__wrap_printf
                0x10003c34       0x1c CMakeFiles/your_app.dir/C_/Users/zhasanr/Desktop/pico-sdk/src/rp2_common/pico_stdio/stdio.c.obj
                0x10003c34                __wrap_printf
                0x10003c34                stdio_printf
 .text.resetd_init
                0x10003c50        0x4 CMakeFiles/your_app.dir/C_/Users/zhasanr/Desktop/pico-sdk/src/rp2_common/pico_stdio_usb/reset_interface.c.obj
 .text.resetd_reset
                0x10003c54        0xc CMakeFiles/your_app.dir/C_/Users/zhasanr/Desktop/pico-sdk/src/rp2_common/pico_stdio_usb/reset_interface.c.obj
 .text.resetd_open
                0x10003c60       0x28 CMakeFiles/your_app.dir/C_/Users/zhasanr/Desktop/pico-sdk/src/rp2_common/pico_stdio_usb/reset_interface.c.obj
 .text.resetd_xfer_cb
                0x10003c88        0x4 CMakeFiles/your_app.dir/C_/Users/zhasanr/Desktop/pico-sdk/src/rp2_common/pico_stdio_usb/reset_interface.c.obj
 .text.resetd_control_xfer_cb
                0x10003c8c       0x50 CMakeFiles/your_app.dir/C_/Users/zhasanr/Desktop/pico-sdk/src/rp2_common/pico_stdio_usb/reset_interface.c.obj
 .text.tud_descriptor_bos_cb
                0x10003cdc        0x8 CMakeFiles/your_app.dir/C_/Users/zhasanr/Desktop/pico-sdk/src/rp2_common/pico_stdio_usb/reset_interface.c.obj
                0x10003cdc                tud_descriptor_bos_cb
 .text.tud_vendor_control_xfer_cb
                0x10003ce4       0x28 CMakeFiles/your_app.dir/C_/Users/zhasanr/Desktop/pico-sdk/src/rp2_common/pico_stdio_usb/reset_interface.c.obj
                0x10003ce4                tud_vendor_control_xfer_cb
 .text.usbd_app_driver_get_cb
                0x10003d0c       0x10 CMakeFiles/your_app.dir/C_/Users/zhasanr/Desktop/pico-sdk/src/rp2_common/pico_stdio_usb/reset_interface.c.obj
                0x10003d0c                usbd_app_driver_get_cb
 .text.tud_cdc_line_coding_cb
                0x10003d1c       0x18 CMakeFiles/your_app.dir/C_/Users/zhasanr/Desktop/pico-sdk/src/rp2_common/pico_stdio_usb/reset_interface.c.obj
                0x10003d1c                tud_cdc_line_coding_cb
 .text.stdio_usb_set_chars_available_callback
                0x10003d34       0x14 CMakeFiles/your_app.dir/C_/Users/zhasanr/Desktop/pico-sdk/src/rp2_common/pico_stdio_usb/stdio_usb.c.obj
                0x10003d34                stdio_usb_set_chars_available_callback
 .text.timer_task
                0x10003d48       0x70 CMakeFiles/your_app.dir/C_/Users/zhasanr/Desktop/pico-sdk/src/rp2_common/pico_stdio_usb/stdio_usb.c.obj
 .text.usb_irq  0x10003db8        0xc CMakeFiles/your_app.dir/C_/Users/zhasanr/Desktop/pico-sdk/src/rp2_common/pico_stdio_usb/stdio_usb.c.obj
 .text.stdio_usb_in_chars
                0x10003dc4       0x88 CMakeFiles/your_app.dir/C_/Users/zhasanr/Desktop/pico-sdk/src/rp2_common/pico_stdio_usb/stdio_usb.c.obj
                0x10003dc4                stdio_usb_in_chars
 .text.stdio_usb_out_flush
                0x10003e4c       0x54 CMakeFiles/your_app.dir/C_/Users/zhasanr/Desktop/pico-sdk/src/rp2_common/pico_stdio_usb/stdio_usb.c.obj
 .text.stdio_usb_out_chars
                0x10003ea0       0xf0 CMakeFiles/your_app.dir/C_/Users/zhasanr/Desktop/pico-sdk/src/rp2_common/pico_stdio_usb/stdio_usb.c.obj
 .text.low_priority_worker_irq
                0x10003f90       0xe8 CMakeFiles/your_app.dir/C_/Users/zhasanr/Desktop/pico-sdk/src/rp2_common/pico_stdio_usb/stdio_usb.c.obj
 .text.stdio_usb_init
                0x10004078       0xf0 CMakeFiles/your_app.dir/C_/Users/zhasanr/Desktop/pico-sdk/src/rp2_common/pico_stdio_usb/stdio_usb.c.obj
                0x10004078                stdio_usb_init
 .text.tud_descriptor_device_cb
                0x10004168        0x8 CMakeFiles/your_app.dir/C_/Users/zhasanr/Desktop/pico-sdk/src/rp2_common/pico_stdio_usb/stdio_usb_descriptors.c.obj
                0x10004168                tud_descriptor_device_cb
 .text.tud_descriptor_configuration_cb
                0x10004170        0x8 CMakeFiles/your_app.dir/C_/Users/zhasanr/Desktop/pico-sdk/src/rp2_common/pico_stdio_usb/stdio_usb_descriptors.c.obj
                0x10004170                tud_descriptor_configuration_cb
 .text.tud_descriptor_string_cb
                0x10004178       0x80 CMakeFiles/your_app.dir/C_/Users/zhasanr/Desktop/pico-sdk/src/rp2_common/pico_stdio_usb/stdio_usb_descriptors.c.obj
                0x10004178                tud_descriptor_string_cb
 .text.startup._retrieve_unique_id_on_boot
                0x100041f8       0x2c CMakeFiles/your_app.dir/C_/Users/zhasanr/Desktop/pico-sdk/src/rp2_common/pico_unique_id/unique_id.c.obj
 .text.pico_get_unique_board_id
                0x10004224       0x10 CMakeFiles/your_app.dir/C_/Users/zhasanr/Desktop/pico-sdk/src/rp2_common/pico_unique_id/unique_id.c.obj
                0x10004224                pico_get_unique_board_id
 .text.pico_get_unique_board_id_string
                0x10004234      0x190 CMakeFiles/your_app.dir/C_/Users/zhasanr/Desktop/pico-sdk/src/rp2_common/pico_unique_id/unique_id.c.obj
                0x10004234                pico_get_unique_board_id_string
 .text.dcd_init
                0x100043c4       0x9c CMakeFiles/your_app.dir/C_/Users/zhasanr/Desktop/pico-sdk/lib/tinyusb/src/portable/raspberrypi/rp2040/dcd_rp2040.c.obj
                0x100043c4                dcd_init
 .text.dcd_int_enable
                0x10004460        0x8 CMakeFiles/your_app.dir/C_/Users/zhasanr/Desktop/pico-sdk/lib/tinyusb/src/portable/raspberrypi/rp2040/dcd_rp2040.c.obj
                0x10004460                dcd_int_enable
 .text.dcd_set_address
                0x10004468       0x10 CMakeFiles/your_app.dir/C_/Users/zhasanr/Desktop/pico-sdk/lib/tinyusb/src/portable/raspberrypi/rp2040/dcd_rp2040.c.obj
                0x10004468                dcd_set_address
 .text.dcd_sof_enable
                0x10004478       0x1c CMakeFiles/your_app.dir/C_/Users/zhasanr/Desktop/pico-sdk/lib/tinyusb/src/portable/raspberrypi/rp2040/dcd_rp2040.c.obj
                0x10004478                dcd_sof_enable
 .text.dcd_edpt0_status_complete
                0x10004494       0x1c CMakeFiles/your_app.dir/C_/Users/zhasanr/Desktop/pico-sdk/lib/tinyusb/src/portable/raspberrypi/rp2040/dcd_rp2040.c.obj
                0x10004494                dcd_edpt0_status_complete
 .text.dcd_edpt_open
                0x100044b0      0x10c CMakeFiles/your_app.dir/C_/Users/zhasanr/Desktop/pico-sdk/lib/tinyusb/src/portable/raspberrypi/rp2040/dcd_rp2040.c.obj
                0x100044b0                dcd_edpt_open
 .text.dcd_edpt_close_all
                0x100045bc        0x4 CMakeFiles/your_app.dir/C_/Users/zhasanr/Desktop/pico-sdk/lib/tinyusb/src/portable/raspberrypi/rp2040/dcd_rp2040.c.obj
                0x100045bc                dcd_edpt_close_all
 .text.dcd_edpt_xfer
                0x100045c0       0x28 CMakeFiles/your_app.dir/C_/Users/zhasanr/Desktop/pico-sdk/lib/tinyusb/src/portable/raspberrypi/rp2040/dcd_rp2040.c.obj
                0x100045c0                dcd_edpt_xfer
 .text.dcd_edpt_stall
                0x100045e8       0x30 CMakeFiles/your_app.dir/C_/Users/zhasanr/Desktop/pico-sdk/lib/tinyusb/src/portable/raspberrypi/rp2040/dcd_rp2040.c.obj
                0x100045e8                dcd_edpt_stall
 .text.dcd_edpt_clear_stall
                0x10004618       0x24 CMakeFiles/your_app.dir/C_/Users/zhasanr/Desktop/pico-sdk/lib/tinyusb/src/portable/raspberrypi/rp2040/dcd_rp2040.c.obj
                0x10004618                dcd_edpt_clear_stall
 .text.rp2040_usb_init
                0x1000463c       0x40 CMakeFiles/your_app.dir/C_/Users/zhasanr/Desktop/pico-sdk/lib/tinyusb/src/portable/raspberrypi/rp2040/rp2040_usb.c.obj
                0x1000463c                rp2040_usb_init
 .text.hw_endpoint_xfer_start
                0x1000467c       0x40 CMakeFiles/your_app.dir/C_/Users/zhasanr/Desktop/pico-sdk/lib/tinyusb/src/portable/raspberrypi/rp2040/rp2040_usb.c.obj
                0x1000467c                hw_endpoint_xfer_start
 .text.configuration_reset
                0x100046bc       0x8c CMakeFiles/your_app.dir/C_/Users/zhasanr/Desktop/pico-sdk/lib/tinyusb/src/device/usbd.c.obj
 .text.tud_event_hook_cb
                0x10004748        0x4 CMakeFiles/your_app.dir/C_/Users/zhasanr/Desktop/pico-sdk/lib/tinyusb/src/device/usbd.c.obj
                0x10004748                tud_event_hook_cb
 .text.tud_sof_cb
                0x1000474c        0x4 CMakeFiles/your_app.dir/C_/Users/zhasanr/Desktop/pico-sdk/lib/tinyusb/src/device/usbd.c.obj
                0x1000474c                tud_sof_cb
 .text.tud_descriptor_device_qualifier_cb
                0x10004750        0x4 CMakeFiles/your_app.dir/C_/Users/zhasanr/Desktop/pico-sdk/lib/tinyusb/src/device/usbd.c.obj
                0x10004750                tud_descriptor_device_qualifier_cb
 .text.tud_descriptor_other_speed_configuration_cb
                0x10004754        0x4 CMakeFiles/your_app.dir/C_/Users/zhasanr/Desktop/pico-sdk/lib/tinyusb/src/device/usbd.c.obj
                0x10004754                tud_descriptor_other_speed_configuration_cb
 .text.tud_mount_cb
                0x10004758        0x4 CMakeFiles/your_app.dir/C_/Users/zhasanr/Desktop/pico-sdk/lib/tinyusb/src/device/usbd.c.obj
                0x10004758                tud_mount_cb
 .text.tud_umount_cb
                0x1000475c        0x4 CMakeFiles/your_app.dir/C_/Users/zhasanr/Desktop/pico-sdk/lib/tinyusb/src/device/usbd.c.obj
                0x1000475c                tud_umount_cb
 .text.tud_suspend_cb
                0x10004760        0x4 CMakeFiles/your_app.dir/C_/Users/zhasanr/Desktop/pico-sdk/lib/tinyusb/src/device/usbd.c.obj
                0x10004760                tud_suspend_cb
 .text.tud_resume_cb
                0x10004764        0x4 CMakeFiles/your_app.dir/C_/Users/zhasanr/Desktop/pico-sdk/lib/tinyusb/src/device/usbd.c.obj
                0x10004764                tud_resume_cb
 .text.tud_mounted
                0x10004768       0x10 CMakeFiles/your_app.dir/C_/Users/zhasanr/Desktop/pico-sdk/lib/tinyusb/src/device/usbd.c.obj
                0x10004768                tud_mounted
 .text.tud_suspended
                0x10004778       0x10 CMakeFiles/your_app.dir/C_/Users/zhasanr/Desktop/pico-sdk/lib/tinyusb/src/device/usbd.c.obj
                0x10004778                tud_suspended
 .text.tud_rhport_init
                0x10004788       0xf0 CMakeFiles/your_app.dir/C_/Users/zhasanr/Desktop/pico-sdk/lib/tinyusb/src/device/usbd.c.obj
                0x10004788                tud_rhport_init
 .text.tud_task_ext
                0x10004878      0x7cc CMakeFiles/your_app.dir/C_/Users/zhasanr/Desktop/pico-sdk/lib/tinyusb/src/device/usbd.c.obj
                0x10004878                tud_task_ext
 .text.usbd_open_edpt_pair
                0x10005044       0xa0 CMakeFiles/your_app.dir/C_/Users/zhasanr/Desktop/pico-sdk/lib/tinyusb/src/device/usbd.c.obj
                0x10005044                usbd_open_edpt_pair
 .text.usbd_edpt_open
                0x100050e4       0x5c CMakeFiles/your_app.dir/C_/Users/zhasanr/Desktop/pico-sdk/lib/tinyusb/src/device/usbd.c.obj
                0x100050e4                usbd_edpt_open
 .text.usbd_edpt_claim
                0x10005140       0x24 CMakeFiles/your_app.dir/C_/Users/zhasanr/Desktop/pico-sdk/lib/tinyusb/src/device/usbd.c.obj
                0x10005140                usbd_edpt_claim
 .text.usbd_edpt_release
                0x10005164       0x24 CMakeFiles/your_app.dir/C_/Users/zhasanr/Desktop/pico-sdk/lib/tinyusb/src/device/usbd.c.obj
                0x10005164                usbd_edpt_release
 .text.usbd_edpt_xfer
                0x10005188       0x70 CMakeFiles/your_app.dir/C_/Users/zhasanr/Desktop/pico-sdk/lib/tinyusb/src/device/usbd.c.obj
                0x10005188                usbd_edpt_xfer
 .text.tud_control_status
                0x100051f8       0x38 CMakeFiles/your_app.dir/C_/Users/zhasanr/Desktop/pico-sdk/lib/tinyusb/src/device/usbd_control.c.obj
                0x100051f8                tud_control_status
 .text.tud_control_xfer
                0x10005230       0xb4 CMakeFiles/your_app.dir/C_/Users/zhasanr/Desktop/pico-sdk/lib/tinyusb/src/device/usbd_control.c.obj
                0x10005230                tud_control_xfer
 .text.usbd_control_reset
                0x100052e4       0x14 CMakeFiles/your_app.dir/C_/Users/zhasanr/Desktop/pico-sdk/lib/tinyusb/src/device/usbd_control.c.obj
                0x100052e4                usbd_control_reset
 .text.usbd_control_set_complete_callback
                0x100052f8        0xc CMakeFiles/your_app.dir/C_/Users/zhasanr/Desktop/pico-sdk/lib/tinyusb/src/device/usbd_control.c.obj
                0x100052f8                usbd_control_set_complete_callback
 .text.usbd_control_set_request
                0x10005304       0x1c CMakeFiles/your_app.dir/C_/Users/zhasanr/Desktop/pico-sdk/lib/tinyusb/src/device/usbd_control.c.obj
                0x10005304                usbd_control_set_request
 .text.usbd_control_xfer_cb
                0x10005320      0x104 CMakeFiles/your_app.dir/C_/Users/zhasanr/Desktop/pico-sdk/lib/tinyusb/src/device/usbd_control.c.obj
                0x10005320                usbd_control_xfer_cb
 .text._prep_out_transaction.isra.0
                0x10005424       0x80 CMakeFiles/your_app.dir/C_/Users/zhasanr/Desktop/pico-sdk/lib/tinyusb/src/class/cdc/cdc_device.c.obj
 .text.tud_cdc_n_connected
                0x100054a4       0x2c CMakeFiles/your_app.dir/C_/Users/zhasanr/Desktop/pico-sdk/lib/tinyusb/src/class/cdc/cdc_device.c.obj
                0x100054a4                tud_cdc_n_connected
 .text.tud_cdc_n_available
                0x100054d0       0x14 CMakeFiles/your_app.dir/C_/Users/zhasanr/Desktop/pico-sdk/lib/tinyusb/src/class/cdc/cdc_device.c.obj
                0x100054d0                tud_cdc_n_available
 .text.tud_cdc_n_read
                0x100054e4       0x8c CMakeFiles/your_app.dir/C_/Users/zhasanr/Desktop/pico-sdk/lib/tinyusb/src/class/cdc/cdc_device.c.obj
                0x100054e4                tud_cdc_n_read
 .text.tud_cdc_n_write_flush
                0x10005570       0x94 CMakeFiles/your_app.dir/C_/Users/zhasanr/Desktop/pico-sdk/lib/tinyusb/src/class/cdc/cdc_device.c.obj
                0x10005570                tud_cdc_n_write_flush
 .text.tud_cdc_n_write
                0x10005604       0x3c CMakeFiles/your_app.dir/C_/Users/zhasanr/Desktop/pico-sdk/lib/tinyusb/src/class/cdc/cdc_device.c.obj
                0x10005604                tud_cdc_n_write
 .text.tud_cdc_n_write_available
                0x10005640       0x14 CMakeFiles/your_app.dir/C_/Users/zhasanr/Desktop/pico-sdk/lib/tinyusb/src/class/cdc/cdc_device.c.obj
                0x10005640                tud_cdc_n_write_available
 .text.cdcd_init
                0x10005654       0x74 CMakeFiles/your_app.dir/C_/Users/zhasanr/Desktop/pico-sdk/lib/tinyusb/src/class/cdc/cdc_device.c.obj
                0x10005654                cdcd_init
 .text.cdcd_deinit
                0x100056c8       0x30 CMakeFiles/your_app.dir/C_/Users/zhasanr/Desktop/pico-sdk/lib/tinyusb/src/class/cdc/cdc_device.c.obj
                0x100056c8                cdcd_deinit
 .text.cdcd_reset
                0x100056f8       0x50 CMakeFiles/your_app.dir/C_/Users/zhasanr/Desktop/pico-sdk/lib/tinyusb/src/class/cdc/cdc_device.c.obj
                0x100056f8                cdcd_reset
 .text.cdcd_open
                0x10005748       0xd0 CMakeFiles/your_app.dir/C_/Users/zhasanr/Desktop/pico-sdk/lib/tinyusb/src/class/cdc/cdc_device.c.obj
                0x10005748                cdcd_open
 .text.cdcd_control_xfer_cb
                0x10005818       0xd0 CMakeFiles/your_app.dir/C_/Users/zhasanr/Desktop/pico-sdk/lib/tinyusb/src/class/cdc/cdc_device.c.obj
                0x10005818                cdcd_control_xfer_cb
 .text.cdcd_xfer_cb
                0x100058e8       0xf8 CMakeFiles/your_app.dir/C_/Users/zhasanr/Desktop/pico-sdk/lib/tinyusb/src/class/cdc/cdc_device.c.obj
                0x100058e8                cdcd_xfer_cb
 .text.vendord_init
                0x100059e0       0x5c CMakeFiles/your_app.dir/C_/Users/zhasanr/Desktop/pico-sdk/lib/tinyusb/src/class/vendor/vendor_device.c.obj
                0x100059e0                vendord_init
 .text.vendord_deinit
                0x10005a3c       0x1c CMakeFiles/your_app.dir/C_/Users/zhasanr/Desktop/pico-sdk/lib/tinyusb/src/class/vendor/vendor_device.c.obj
                0x10005a3c                vendord_deinit
 .text.vendord_reset
                0x10005a58       0x24 CMakeFiles/your_app.dir/C_/Users/zhasanr/Desktop/pico-sdk/lib/tinyusb/src/class/vendor/vendor_device.c.obj
                0x10005a58                vendord_reset
 .text.vendord_open
                0x10005a7c       0xf4 CMakeFiles/your_app.dir/C_/Users/zhasanr/Desktop/pico-sdk/lib/tinyusb/src/class/vendor/vendor_device.c.obj
                0x10005a7c                vendord_open
 .text.vendord_xfer_cb
                0x10005b70       0x98 CMakeFiles/your_app.dir/C_/Users/zhasanr/Desktop/pico-sdk/lib/tinyusb/src/class/vendor/vendor_device.c.obj
                0x10005b70                vendord_xfer_cb
 .text.tusb_rhport_init
                0x10005c08       0x6c CMakeFiles/your_app.dir/C_/Users/zhasanr/Desktop/pico-sdk/lib/tinyusb/src/tusb.c.obj
                0x10005c08                tusb_rhport_init
 .text.tu_edpt_claim
                0x10005c74       0x60 CMakeFiles/your_app.dir/C_/Users/zhasanr/Desktop/pico-sdk/lib/tinyusb/src/tusb.c.obj
                0x10005c74                tu_edpt_claim
 .text.tu_edpt_release
                0x10005cd4       0x38 CMakeFiles/your_app.dir/C_/Users/zhasanr/Desktop/pico-sdk/lib/tinyusb/src/tusb.c.obj
                0x10005cd4                tu_edpt_release
 .text.tu_edpt_validate
                0x10005d0c       0x60 CMakeFiles/your_app.dir/C_/Users/zhasanr/Desktop/pico-sdk/lib/tinyusb/src/tusb.c.obj
                0x10005d0c                tu_edpt_validate
 .text.tu_edpt_bind_driver
                0x10005d6c       0x54 CMakeFiles/your_app.dir/C_/Users/zhasanr/Desktop/pico-sdk/lib/tinyusb/src/tusb.c.obj
                0x10005d6c                tu_edpt_bind_driver
 .text.tu_edpt_stream_init
                0x10005dc0       0x58 CMakeFiles/your_app.dir/C_/Users/zhasanr/Desktop/pico-sdk/lib/tinyusb/src/tusb.c.obj
                0x10005dc0                tu_edpt_stream_init
 .text.tu_edpt_stream_deinit
                0x10005e18        0x4 CMakeFiles/your_app.dir/C_/Users/zhasanr/Desktop/pico-sdk/lib/tinyusb/src/tusb.c.obj
                0x10005e18                tu_edpt_stream_deinit
 .text.tu_edpt_stream_write_zlp_if_needed
                0x10005e1c       0x6c CMakeFiles/your_app.dir/C_/Users/zhasanr/Desktop/pico-sdk/lib/tinyusb/src/tusb.c.obj
                0x10005e1c                tu_edpt_stream_write_zlp_if_needed
 .text.tu_edpt_stream_write_xfer
                0x10005e88       0x74 CMakeFiles/your_app.dir/C_/Users/zhasanr/Desktop/pico-sdk/lib/tinyusb/src/tusb.c.obj
                0x10005e88                tu_edpt_stream_write_xfer
 .text.tu_edpt_stream_read_xfer
                0x10005efc       0xd0 CMakeFiles/your_app.dir/C_/Users/zhasanr/Desktop/pico-sdk/lib/tinyusb/src/tusb.c.obj
                0x10005efc                tu_edpt_stream_read_xfer
 .text.tu_fifo_config
                0x10005fcc       0x60 CMakeFiles/your_app.dir/C_/Users/zhasanr/Desktop/pico-sdk/lib/tinyusb/src/common/tusb_fifo.c.obj
                0x10005fcc                tu_fifo_config
 .text.tu_fifo_count
                0x1000602c       0x20 CMakeFiles/your_app.dir/C_/Users/zhasanr/Desktop/pico-sdk/lib/tinyusb/src/common/tusb_fifo.c.obj
                0x1000602c                tu_fifo_count
 .text.tu_fifo_empty
                0x1000604c       0x14 CMakeFiles/your_app.dir/C_/Users/zhasanr/Desktop/pico-sdk/lib/tinyusb/src/common/tusb_fifo.c.obj
                0x1000604c                tu_fifo_empty
 .text.tu_fifo_remaining
                0x10006060       0x24 CMakeFiles/your_app.dir/C_/Users/zhasanr/Desktop/pico-sdk/lib/tinyusb/src/common/tusb_fifo.c.obj
                0x10006060                tu_fifo_remaining
 .text.tu_fifo_read
                0x10006084       0x9c CMakeFiles/your_app.dir/C_/Users/zhasanr/Desktop/pico-sdk/lib/tinyusb/src/common/tusb_fifo.c.obj
                0x10006084                tu_fifo_read
 .text.tu_fifo_read_n
                0x10006120       0xe0 CMakeFiles/your_app.dir/C_/Users/zhasanr/Desktop/pico-sdk/lib/tinyusb/src/common/tusb_fifo.c.obj
                0x10006120                tu_fifo_read_n
 .text.tu_fifo_write
                0x10006200       0xa8 CMakeFiles/your_app.dir/C_/Users/zhasanr/Desktop/pico-sdk/lib/tinyusb/src/common/tusb_fifo.c.obj
                0x10006200                tu_fifo_write
 .text.tu_fifo_write_n
                0x100062a8      0x150 CMakeFiles/your_app.dir/C_/Users/zhasanr/Desktop/pico-sdk/lib/tinyusb/src/common/tusb_fifo.c.obj
                0x100062a8                tu_fifo_write_n
 .text.tu_fifo_clear
                0x100063f8       0x38 CMakeFiles/your_app.dir/C_/Users/zhasanr/Desktop/pico-sdk/lib/tinyusb/src/common/tusb_fifo.c.obj
                0x100063f8                tu_fifo_clear
 .text.tu_fifo_set_overwritable
                0x10006430       0x3c CMakeFiles/your_app.dir/C_/Users/zhasanr/Desktop/pico-sdk/lib/tinyusb/src/common/tusb_fifo.c.obj
                0x10006430                tu_fifo_set_overwritable
 .text.pvPortMalloc
                0x1000646c      0x148 CMakeFiles/your_app.dir/FreeRTOS-Kernel/portable/MemMang/heap_4.c.obj
                0x1000646c                pvPortMalloc
 .text.vPortFree
                0x100065b4       0xc0 CMakeFiles/your_app.dir/FreeRTOS-Kernel/portable/MemMang/heap_4.c.obj
                0x100065b4                vPortFree
 .text.pvPortCalloc
                0x10006674       0x34 CMakeFiles/your_app.dir/FreeRTOS-Kernel/portable/MemMang/heap_4.c.obj
                0x10006674                pvPortCalloc
 .text.prvDoorbellInterruptHandler
                0x100066a8       0x30 CMakeFiles/your_app.dir/FreeRTOS-Kernel/portable/ThirdParty/GCC/RP2350_ARM_NTZ/non_secure/port.c.obj
 .text.prvTaskExitError
                0x100066d8       0x18 CMakeFiles/your_app.dir/FreeRTOS-Kernel/portable/ThirdParty/GCC/RP2350_ARM_NTZ/non_secure/port.c.obj
 .text.SysTick_Handler
                0x100066f0       0x24 CMakeFiles/your_app.dir/FreeRTOS-Kernel/portable/ThirdParty/GCC/RP2350_ARM_NTZ/non_secure/port.c.obj
                0x100066f0                SysTick_Handler
 .text.vPortSetupTimerInterrupt
                0x10006714       0x2c CMakeFiles/your_app.dir/FreeRTOS-Kernel/portable/ThirdParty/GCC/RP2350_ARM_NTZ/non_secure/port.c.obj
                0x10006714                vPortSetupTimerInterrupt
 .text.xPortStartSchedulerOnCore.isra.0
                0x10006740      0x108 CMakeFiles/your_app.dir/FreeRTOS-Kernel/portable/ThirdParty/GCC/RP2350_ARM_NTZ/non_secure/port.c.obj
 .text.prvDisableInterruptsAndPortStartSchedulerOnCore
                0x10006848       0x10 CMakeFiles/your_app.dir/FreeRTOS-Kernel/portable/ThirdParty/GCC/RP2350_ARM_NTZ/non_secure/port.c.obj
 .text.vPortYield
                0x10006858       0x18 CMakeFiles/your_app.dir/FreeRTOS-Kernel/portable/ThirdParty/GCC/RP2350_ARM_NTZ/non_secure/port.c.obj
                0x10006858                vPortYield
 .text.vPortSVCHandler_C
                0x10006870       0x2c CMakeFiles/your_app.dir/FreeRTOS-Kernel/portable/ThirdParty/GCC/RP2350_ARM_NTZ/non_secure/port.c.obj
                0x10006870                vPortSVCHandler_C
 .text.pxPortInitialiseStack
                0x1000689c       0x7c CMakeFiles/your_app.dir/FreeRTOS-Kernel/portable/ThirdParty/GCC/RP2350_ARM_NTZ/non_secure/port.c.obj
                0x1000689c                pxPortInitialiseStack
 .text.xPortStartScheduler
                0x10006918       0x50 CMakeFiles/your_app.dir/FreeRTOS-Kernel/portable/ThirdParty/GCC/RP2350_ARM_NTZ/non_secure/port.c.obj
                0x10006918                xPortStartScheduler
 .text.vPortValidateInterruptPriority
                0x10006968       0x14 CMakeFiles/your_app.dir/FreeRTOS-Kernel/portable/ThirdParty/GCC/RP2350_ARM_NTZ/non_secure/port.c.obj
                0x10006968                vPortValidateInterruptPriority
 .text.ulPortLockGetCurrentOwnerId
                0x1000697c       0x2c CMakeFiles/your_app.dir/FreeRTOS-Kernel/portable/ThirdParty/GCC/RP2350_ARM_NTZ/non_secure/port.c.obj
                0x1000697c                ulPortLockGetCurrentOwnerId
 .text.vPortLockInternalSpinUnlockWithNotify
                0x100069a8       0x90 CMakeFiles/your_app.dir/FreeRTOS-Kernel/portable/ThirdParty/GCC/RP2350_ARM_NTZ/non_secure/port.c.obj
                0x100069a8                vPortLockInternalSpinUnlockWithNotify
 .text.xPortLockInternalSpinUnlockWithBestEffortWaitOrTimeout
                0x10006a38       0xf8 CMakeFiles/your_app.dir/FreeRTOS-Kernel/portable/ThirdParty/GCC/RP2350_ARM_NTZ/non_secure/port.c.obj
                0x10006a38                xPortLockInternalSpinUnlockWithBestEffortWaitOrTimeout
 .text.startup.prvRuntimeInitializer
                0x10006b30       0x10 CMakeFiles/your_app.dir/FreeRTOS-Kernel/portable/ThirdParty/GCC/RP2350_ARM_NTZ/non_secure/port.c.obj
 .text.vYieldCore
                0x10006b40       0x18 CMakeFiles/your_app.dir/FreeRTOS-Kernel/portable/ThirdParty/GCC/RP2350_ARM_NTZ/non_secure/port.c.obj
                0x10006b40                vYieldCore
 *fill*         0x10006b58        0x8 
 .text.vRestoreContextOfFirstTask
                0x10006b60       0x38 CMakeFiles/your_app.dir/FreeRTOS-Kernel/portable/ThirdParty/GCC/RP2350_ARM_NTZ/non_secure/portasm.c.obj
                0x10006b60                vRestoreContextOfFirstTask
 .text.vStartFirstTask
                0x10006b98       0x10 CMakeFiles/your_app.dir/FreeRTOS-Kernel/portable/ThirdParty/GCC/RP2350_ARM_NTZ/non_secure/portasm.c.obj
                0x10006b98                vStartFirstTask
 .text.ulSetInterruptMask
                0x10006ba8       0x18 CMakeFiles/your_app.dir/FreeRTOS-Kernel/portable/ThirdParty/GCC/RP2350_ARM_NTZ/non_secure/portasm.c.obj
                0x10006ba8                ulSetInterruptMask
 .text.vClearInterruptMask
                0x10006bc0       0x10 CMakeFiles/your_app.dir/FreeRTOS-Kernel/portable/ThirdParty/GCC/RP2350_ARM_NTZ/non_secure/portasm.c.obj
                0x10006bc0                vClearInterruptMask
 .text.PendSV_Handler
                0x10006bd0       0x98 CMakeFiles/your_app.dir/FreeRTOS-Kernel/portable/ThirdParty/GCC/RP2350_ARM_NTZ/non_secure/portasm.c.obj
                0x10006bd0                PendSV_Handler
 .text.SVC_Handler
                0x10006c68       0x18 CMakeFiles/your_app.dir/FreeRTOS-Kernel/portable/ThirdParty/GCC/RP2350_ARM_NTZ/non_secure/portasm.c.obj
                0x10006c68                SVC_Handler
 .text.vEventGroupSetBitsCallback
                0x10006c80       0x6c CMakeFiles/your_app.dir/FreeRTOS-Kernel/event_groups.c.obj
                0x10006c80                vEventGroupSetBitsCallback
 .text.xEventGroupCreate
                0x10006cec       0x24 CMakeFiles/your_app.dir/FreeRTOS-Kernel/event_groups.c.obj
                0x10006cec                xEventGroupCreate
 .text.xEventGroupWaitBits
                0x10006d10       0xac CMakeFiles/your_app.dir/FreeRTOS-Kernel/event_groups.c.obj
                0x10006d10                xEventGroupWaitBits
 .text.xEventGroupSetBits
                0x10006dbc       0x6c CMakeFiles/your_app.dir/FreeRTOS-Kernel/event_groups.c.obj
                0x10006dbc                xEventGroupSetBits
 .text.xEventGroupSetBitsFromISR
                0x10006e28       0x18 CMakeFiles/your_app.dir/FreeRTOS-Kernel/event_groups.c.obj
                0x10006e28                xEventGroupSetBitsFromISR
 .text.vListInitialise
                0x10006e40       0x18 CMakeFiles/your_app.dir/FreeRTOS-Kernel/list.c.obj
                0x10006e40                vListInitialise
 .text.vListInitialiseItem
                0x10006e58        0x8 CMakeFiles/your_app.dir/FreeRTOS-Kernel/list.c.obj
                0x10006e58                vListInitialiseItem
 .text.vListInsertEnd
                0x10006e60       0x1c CMakeFiles/your_app.dir/FreeRTOS-Kernel/list.c.obj
                0x10006e60                vListInsertEnd
 .text.vListInsert
                0x10006e7c       0x38 CMakeFiles/your_app.dir/FreeRTOS-Kernel/list.c.obj
                0x10006e7c                vListInsert
 .text.uxListRemove
                0x10006eb4       0x24 CMakeFiles/your_app.dir/FreeRTOS-Kernel/list.c.obj
                0x10006eb4                uxListRemove
 .text.prvCopyDataToQueue
                0x10006ed8       0x7c CMakeFiles/your_app.dir/FreeRTOS-Kernel/queue.c.obj
 .text.prvUnlockQueue
                0x10006f54      0x17c CMakeFiles/your_app.dir/FreeRTOS-Kernel/queue.c.obj
 .text.prvNotifyQueueSetContainer
                0x100070d0       0x9c CMakeFiles/your_app.dir/FreeRTOS-Kernel/queue.c.obj
 .text.xQueueGenericCreate
                0x1000716c       0xa0 CMakeFiles/your_app.dir/FreeRTOS-Kernel/queue.c.obj
                0x1000716c                xQueueGenericCreate
 .text.xQueueGetMutexHolder
                0x1000720c       0x24 CMakeFiles/your_app.dir/FreeRTOS-Kernel/queue.c.obj
                0x1000720c                xQueueGetMutexHolder
 .text.xQueueGenericSend
                0x10007230      0x114 CMakeFiles/your_app.dir/FreeRTOS-Kernel/queue.c.obj
                0x10007230                xQueueGenericSend
 .text.xQueueCreateMutex
                0x10007344       0x70 CMakeFiles/your_app.dir/FreeRTOS-Kernel/queue.c.obj
                0x10007344                xQueueCreateMutex
 .text.xQueueGiveMutexRecursive
                0x100073b4       0x2c CMakeFiles/your_app.dir/FreeRTOS-Kernel/queue.c.obj
                0x100073b4                xQueueGiveMutexRecursive
 .text.xQueueGenericSendFromISR
                0x100073e0       0x98 CMakeFiles/your_app.dir/FreeRTOS-Kernel/queue.c.obj
                0x100073e0                xQueueGenericSendFromISR
 .text.xQueueGiveFromISR
                0x10007478       0x8c CMakeFiles/your_app.dir/FreeRTOS-Kernel/queue.c.obj
                0x10007478                xQueueGiveFromISR
 .text.xQueueReceive
                0x10007504       0xfc CMakeFiles/your_app.dir/FreeRTOS-Kernel/queue.c.obj
                0x10007504                xQueueReceive
 .text.xQueueSemaphoreTake
                0x10007600      0x12c CMakeFiles/your_app.dir/FreeRTOS-Kernel/queue.c.obj
                0x10007600                xQueueSemaphoreTake
 .text.xQueueTakeMutexRecursive
                0x1000772c       0x24 CMakeFiles/your_app.dir/FreeRTOS-Kernel/queue.c.obj
                0x1000772c                xQueueTakeMutexRecursive
 .text.vQueueDelete
                0x10007750       0x74 CMakeFiles/your_app.dir/FreeRTOS-Kernel/queue.c.obj
                0x10007750                vQueueDelete
 .text.vQueueAddToRegistry
                0x100077c4      0x12c CMakeFiles/your_app.dir/FreeRTOS-Kernel/queue.c.obj
                0x100077c4                vQueueAddToRegistry
 .text.vQueueWaitForMessageRestricted
                0x100078f0       0x50 CMakeFiles/your_app.dir/FreeRTOS-Kernel/queue.c.obj
                0x100078f0                vQueueWaitForMessageRestricted
 .text.prvPassiveIdleTask
                0x10007940       0x20 CMakeFiles/your_app.dir/FreeRTOS-Kernel/tasks.c.obj
 .text.prvYieldForTask
                0x10007960      0x10c CMakeFiles/your_app.dir/FreeRTOS-Kernel/tasks.c.obj
 .text.vTaskExitCritical.part.0
                0x10007a6c       0x8c CMakeFiles/your_app.dir/FreeRTOS-Kernel/tasks.c.obj
 .text.prvCreateTask
                0x10007af8      0x13c CMakeFiles/your_app.dir/FreeRTOS-Kernel/tasks.c.obj
 .text.prvCheckForRunStateChange
                0x10007c34      0x15c CMakeFiles/your_app.dir/FreeRTOS-Kernel/tasks.c.obj
 .text.vTaskSuspendAll.part.0
                0x10007d90      0x124 CMakeFiles/your_app.dir/FreeRTOS-Kernel/tasks.c.obj
 .text.vTaskEnterCriticalFromISR.part.0
                0x10007eb4       0xa8 CMakeFiles/your_app.dir/FreeRTOS-Kernel/tasks.c.obj
 .text.prvCheckTasksWaitingTermination
                0x10007f5c      0x190 CMakeFiles/your_app.dir/FreeRTOS-Kernel/tasks.c.obj
 .text.prvIdleTask
                0x100080ec       0x1c CMakeFiles/your_app.dir/FreeRTOS-Kernel/tasks.c.obj
 .text.prvAddCurrentTaskToDelayedList
                0x10008108      0x150 CMakeFiles/your_app.dir/FreeRTOS-Kernel/tasks.c.obj
 .text.vTaskCoreAffinitySet
                0x10008258      0x1c0 CMakeFiles/your_app.dir/FreeRTOS-Kernel/tasks.c.obj
                0x10008258                vTaskCoreAffinitySet
 .text.vTaskSuspendAll
                0x10008418       0x10 CMakeFiles/your_app.dir/FreeRTOS-Kernel/tasks.c.obj
                0x10008418                vTaskSuspendAll
 .text.xTaskGetTickCount
                0x10008428        0xc CMakeFiles/your_app.dir/FreeRTOS-Kernel/tasks.c.obj
                0x10008428                xTaskGetTickCount
 .text.uxTaskGetNumberOfTasks
                0x10008434        0xc CMakeFiles/your_app.dir/FreeRTOS-Kernel/tasks.c.obj
                0x10008434                uxTaskGetNumberOfTasks
 .text.xTaskIncrementTick
                0x10008440      0x23c CMakeFiles/your_app.dir/FreeRTOS-Kernel/tasks.c.obj
                0x10008440                xTaskIncrementTick
 .text.vTaskSwitchContext
                0x1000867c      0x370 CMakeFiles/your_app.dir/FreeRTOS-Kernel/tasks.c.obj
                0x1000867c                vTaskSwitchContext
 .text.vTaskPlaceOnEventList
                0x100089ec       0x34 CMakeFiles/your_app.dir/FreeRTOS-Kernel/tasks.c.obj
                0x100089ec                vTaskPlaceOnEventList
 .text.vTaskPlaceOnUnorderedEventList
                0x10008a20       0xac CMakeFiles/your_app.dir/FreeRTOS-Kernel/tasks.c.obj
                0x10008a20                vTaskPlaceOnUnorderedEventList
 .text.vTaskPlaceOnEventListRestricted
                0x10008acc       0xa0 CMakeFiles/your_app.dir/FreeRTOS-Kernel/tasks.c.obj
                0x10008acc                vTaskPlaceOnEventListRestricted
 .text.xTaskRemoveFromEventList
                0x10008b6c       0xe4 CMakeFiles/your_app.dir/FreeRTOS-Kernel/tasks.c.obj
                0x10008b6c                xTaskRemoveFromEventList
 .text.vTaskInternalSetTimeOutState
                0x10008c50       0x18 CMakeFiles/your_app.dir/FreeRTOS-Kernel/tasks.c.obj
                0x10008c50                vTaskInternalSetTimeOutState
 .text.vTaskMissedYield
                0x10008c68       0x14 CMakeFiles/your_app.dir/FreeRTOS-Kernel/tasks.c.obj
                0x10008c68                vTaskMissedYield
 .text.xTaskGetCurrentTaskHandle
                0x10008c7c       0x20 CMakeFiles/your_app.dir/FreeRTOS-Kernel/tasks.c.obj
                0x10008c7c                xTaskGetCurrentTaskHandle
 .text.xTaskGetSchedulerState
                0x10008c9c      0x154 CMakeFiles/your_app.dir/FreeRTOS-Kernel/tasks.c.obj
                0x10008c9c                xTaskGetSchedulerState
 .text.xTaskPriorityInherit
                0x10008df0      0x12c CMakeFiles/your_app.dir/FreeRTOS-Kernel/tasks.c.obj
                0x10008df0                xTaskPriorityInherit
 .text.xTaskPriorityDisinherit
                0x10008f1c       0xd0 CMakeFiles/your_app.dir/FreeRTOS-Kernel/tasks.c.obj
                0x10008f1c                xTaskPriorityDisinherit
 .text.vTaskPriorityDisinheritAfterTimeout
                0x10008fec       0xe8 CMakeFiles/your_app.dir/FreeRTOS-Kernel/tasks.c.obj
                0x10008fec                vTaskPriorityDisinheritAfterTimeout
 .text.vTaskYieldWithinAPI
                0x100090d4       0x24 CMakeFiles/your_app.dir/FreeRTOS-Kernel/tasks.c.obj
                0x100090d4                vTaskYieldWithinAPI
 .text.vTaskEnterCritical
                0x100090f8      0x11c CMakeFiles/your_app.dir/FreeRTOS-Kernel/tasks.c.obj
                0x100090f8                vTaskEnterCritical
 .text.prvAddNewTaskToReadyList
                0x10009214       0xf8 CMakeFiles/your_app.dir/FreeRTOS-Kernel/tasks.c.obj
 .text.xTaskCreate
                0x1000930c       0x2c CMakeFiles/your_app.dir/FreeRTOS-Kernel/tasks.c.obj
                0x1000930c                xTaskCreate
 .text.xTaskCreateAffinitySet
                0x10009338       0x28 CMakeFiles/your_app.dir/FreeRTOS-Kernel/tasks.c.obj
                0x10009338                xTaskCreateAffinitySet
 .text.vTaskStartScheduler
                0x10009360       0xc4 CMakeFiles/your_app.dir/FreeRTOS-Kernel/tasks.c.obj
                0x10009360                vTaskStartScheduler
 .text.vTaskDelete
                0x10009424      0x168 CMakeFiles/your_app.dir/FreeRTOS-Kernel/tasks.c.obj
                0x10009424                vTaskDelete
 .text.xTaskResumeAll.part.0
                0x1000958c      0x1a4 CMakeFiles/your_app.dir/FreeRTOS-Kernel/tasks.c.obj
 .text.xTaskResumeAll
                0x10009730       0x10 CMakeFiles/your_app.dir/FreeRTOS-Kernel/tasks.c.obj
                0x10009730                xTaskResumeAll
 .text.vTaskDelay
                0x10009740       0x5c CMakeFiles/your_app.dir/FreeRTOS-Kernel/tasks.c.obj
                0x10009740                vTaskDelay
 .text.vTaskRemoveFromUnorderedEventList
                0x1000979c       0xa0 CMakeFiles/your_app.dir/FreeRTOS-Kernel/tasks.c.obj
                0x1000979c                vTaskRemoveFromUnorderedEventList
 .text.xTaskCheckForTimeOut
                0x1000983c       0xa8 CMakeFiles/your_app.dir/FreeRTOS-Kernel/tasks.c.obj
                0x1000983c                xTaskCheckForTimeOut
 .text.vTaskEnterCriticalFromISR
                0x100098e4       0xa0 CMakeFiles/your_app.dir/FreeRTOS-Kernel/tasks.c.obj
                0x100098e4                vTaskEnterCriticalFromISR
 .text.vTaskExitCritical
                0x10009984       0x98 CMakeFiles/your_app.dir/FreeRTOS-Kernel/tasks.c.obj
                0x10009984                vTaskExitCritical
 .text.vTaskExitCriticalFromISR
                0x10009a1c       0x60 CMakeFiles/your_app.dir/FreeRTOS-Kernel/tasks.c.obj
                0x10009a1c                vTaskExitCriticalFromISR
 .text.uxTaskResetEventItemValue
                0x10009a7c       0x44 CMakeFiles/your_app.dir/FreeRTOS-Kernel/tasks.c.obj
                0x10009a7c                uxTaskResetEventItemValue
 .text.pvTaskIncrementMutexHeldCount
                0x10009ac0       0x28 CMakeFiles/your_app.dir/FreeRTOS-Kernel/tasks.c.obj
                0x10009ac0                pvTaskIncrementMutexHeldCount
 .text.ulTaskGenericNotifyTake
                0x10009ae8      0x14c CMakeFiles/your_app.dir/FreeRTOS-Kernel/tasks.c.obj
                0x10009ae8                ulTaskGenericNotifyTake
 .text.xTaskGenericNotify
                0x10009c34      0x20c CMakeFiles/your_app.dir/FreeRTOS-Kernel/tasks.c.obj
                0x10009c34                xTaskGenericNotify
 .text.vTaskGenericNotifyGiveFromISR
                0x10009e40      0x15c CMakeFiles/your_app.dir/FreeRTOS-Kernel/tasks.c.obj
                0x10009e40                vTaskGenericNotifyGiveFromISR
 .text.prvTimerTask
                0x10009f9c      0x350 CMakeFiles/your_app.dir/FreeRTOS-Kernel/timers.c.obj
 .text.xTimerCreateTimerTask
                0x1000a2ec       0x8c CMakeFiles/your_app.dir/FreeRTOS-Kernel/timers.c.obj
                0x1000a2ec                xTimerCreateTimerTask
 .text.xTimerCreate
                0x1000a378       0xa0 CMakeFiles/your_app.dir/FreeRTOS-Kernel/timers.c.obj
                0x1000a378                xTimerCreate
 .text.xTimerGenericCommandFromTask
                0x1000a418       0x40 CMakeFiles/your_app.dir/FreeRTOS-Kernel/timers.c.obj
                0x1000a418                xTimerGenericCommandFromTask
 .text.pvTimerGetTimerID
                0x1000a458       0x1c CMakeFiles/your_app.dir/FreeRTOS-Kernel/timers.c.obj
                0x1000a458                pvTimerGetTimerID
 .text.xTimerPendFunctionCallFromISR
                0x1000a474       0x30 CMakeFiles/your_app.dir/FreeRTOS-Kernel/timers.c.obj
                0x1000a474                xTimerPendFunctionCallFromISR
 .text.exception_set_exclusive_handler
                0x1000a4a4       0x64 CMakeFiles/your_app.dir/C_/Users/zhasanr/Desktop/pico-sdk/src/rp2_common/hardware_exception/exception.c.obj
                0x1000a4a4                exception_set_exclusive_handler
 .text.core1_trampoline
                0x1000a508        0x4 CMakeFiles/your_app.dir/C_/Users/zhasanr/Desktop/pico-sdk/src/rp2_common/pico_multicore/multicore.c.obj
 .text.core1_wrapper
                0x1000a50c       0x14 CMakeFiles/your_app.dir/C_/Users/zhasanr/Desktop/pico-sdk/src/rp2_common/pico_multicore/multicore.c.obj
                0x1000a50c                core1_wrapper
 .text.multicore_launch_core1_raw
                0x1000a520       0x80 CMakeFiles/your_app.dir/C_/Users/zhasanr/Desktop/pico-sdk/src/rp2_common/pico_multicore/multicore.c.obj
                0x1000a520                multicore_launch_core1_raw
 .text.multicore_launch_core1
                0x1000a5a0       0x48 CMakeFiles/your_app.dir/C_/Users/zhasanr/Desktop/pico-sdk/src/rp2_common/pico_multicore/multicore.c.obj
                0x1000a5a0                multicore_launch_core1
 .text.multicore_doorbell_claim_unused
                0x1000a5e8       0xf8 CMakeFiles/your_app.dir/C_/Users/zhasanr/Desktop/pico-sdk/src/rp2_common/pico_multicore/multicore.c.obj
                0x1000a5e8                multicore_doorbell_claim_unused
 .text.clear_lwip_context
                0x1000a6e0        0xc CMakeFiles/your_app.dir/C_/Users/zhasanr/Desktop/pico-sdk/src/rp2_common/pico_lwip/lwip_freertos.c.obj
 .text.tcpip_init_done
                0x1000a6ec        0xc CMakeFiles/your_app.dir/C_/Users/zhasanr/Desktop/pico-sdk/src/rp2_common/pico_lwip/lwip_freertos.c.obj
 .text.lwip_freertos_init
                0x1000a6f8       0x70 CMakeFiles/your_app.dir/C_/Users/zhasanr/Desktop/pico-sdk/src/rp2_common/pico_lwip/lwip_freertos.c.obj
                0x1000a6f8                lwip_freertos_init
 .text.lwip_freertos_deinit
                0x1000a768       0x10 CMakeFiles/your_app.dir/C_/Users/zhasanr/Desktop/pico-sdk/src/rp2_common/pico_lwip/lwip_freertos.c.obj
                0x1000a768                lwip_freertos_deinit
 .text.pico_lwip_custom_lock_tcpip_core
                0x1000a778       0x30 CMakeFiles/your_app.dir/C_/Users/zhasanr/Desktop/pico-sdk/src/rp2_common/pico_lwip/lwip_freertos.c.obj
                0x1000a778                pico_lwip_custom_lock_tcpip_core
 .text.pico_lwip_custom_unlock_tcpip_core
                0x1000a7a8       0x10 CMakeFiles/your_app.dir/C_/Users/zhasanr/Desktop/pico-sdk/src/rp2_common/pico_lwip/lwip_freertos.c.obj
                0x1000a7a8                pico_lwip_custom_unlock_tcpip_core
 .text.async_context_base_add_at_time_worker
                0x1000a7b8       0x24 CMakeFiles/your_app.dir/C_/Users/zhasanr/Desktop/pico-sdk/src/rp2_common/pico_async_context/async_context_base.c.obj
                0x1000a7b8                async_context_base_add_at_time_worker
 .text.async_context_base_remove_at_time_worker
                0x1000a7dc       0x20 CMakeFiles/your_app.dir/C_/Users/zhasanr/Desktop/pico-sdk/src/rp2_common/pico_async_context/async_context_base.c.obj
                0x1000a7dc                async_context_base_remove_at_time_worker
 .text.async_context_base_add_when_pending_worker
                0x1000a7fc       0x20 CMakeFiles/your_app.dir/C_/Users/zhasanr/Desktop/pico-sdk/src/rp2_common/pico_async_context/async_context_base.c.obj
                0x1000a7fc                async_context_base_add_when_pending_worker
 .text.async_context_base_remove_when_pending_worker
                0x1000a81c       0x20 CMakeFiles/your_app.dir/C_/Users/zhasanr/Desktop/pico-sdk/src/rp2_common/pico_async_context/async_context_base.c.obj
                0x1000a81c                async_context_base_remove_when_pending_worker
 .text.async_context_base_execute_once
                0x1000a83c       0xd8 CMakeFiles/your_app.dir/C_/Users/zhasanr/Desktop/pico-sdk/src/rp2_common/pico_async_context/async_context_base.c.obj
                0x1000a83c                async_context_base_execute_once
 .text.lwip_init
                0x1000a914       0x28 CMakeFiles/your_app.dir/C_/Users/zhasanr/Desktop/pico-sdk/lib/lwip/src/core/init.c.obj
                0x1000a914                lwip_init
 .text.lwip_htons
                0x1000a93c        0x8 CMakeFiles/your_app.dir/C_/Users/zhasanr/Desktop/pico-sdk/lib/lwip/src/core/def.c.obj
                0x1000a93c                lwip_htons
 .text.lwip_htonl
                0x1000a944        0x4 CMakeFiles/your_app.dir/C_/Users/zhasanr/Desktop/pico-sdk/lib/lwip/src/core/def.c.obj
                0x1000a944                lwip_htonl
 .text.lwip_standard_chksum
                0x1000a948       0x74 CMakeFiles/your_app.dir/C_/Users/zhasanr/Desktop/pico-sdk/lib/lwip/src/core/inet_chksum.c.obj
                0x1000a948                lwip_standard_chksum
 .text.inet_chksum_pseudo
                0x1000a9bc       0x88 CMakeFiles/your_app.dir/C_/Users/zhasanr/Desktop/pico-sdk/lib/lwip/src/core/inet_chksum.c.obj
                0x1000a9bc                inet_chksum_pseudo
 .text.ip_chksum_pseudo
                0x1000aa44        0x4 CMakeFiles/your_app.dir/C_/Users/zhasanr/Desktop/pico-sdk/lib/lwip/src/core/inet_chksum.c.obj
                0x1000aa44                ip_chksum_pseudo
 .text.inet_chksum
                0x1000aa48       0x8c CMakeFiles/your_app.dir/C_/Users/zhasanr/Desktop/pico-sdk/lib/lwip/src/core/inet_chksum.c.obj
                0x1000aa48                inet_chksum
 .text.inet_chksum_pbuf
                0x1000aad4       0x48 CMakeFiles/your_app.dir/C_/Users/zhasanr/Desktop/pico-sdk/lib/lwip/src/core/inet_chksum.c.obj
                0x1000aad4                inet_chksum_pbuf
 .text.mem_init
                0x1000ab1c       0x68 CMakeFiles/your_app.dir/C_/Users/zhasanr/Desktop/pico-sdk/lib/lwip/src/core/mem.c.obj
                0x1000ab1c                mem_init
 .text.mem_free
                0x1000ab84      0x168 CMakeFiles/your_app.dir/C_/Users/zhasanr/Desktop/pico-sdk/lib/lwip/src/core/mem.c.obj
                0x1000ab84                mem_free
 .text.mem_trim
                0x1000acec      0x170 CMakeFiles/your_app.dir/C_/Users/zhasanr/Desktop/pico-sdk/lib/lwip/src/core/mem.c.obj
                0x1000acec                mem_trim
 .text.mem_malloc
                0x1000ae5c      0x180 CMakeFiles/your_app.dir/C_/Users/zhasanr/Desktop/pico-sdk/lib/lwip/src/core/mem.c.obj
                0x1000ae5c                mem_malloc
 .text.memp_init
                0x1000afdc       0x70 CMakeFiles/your_app.dir/C_/Users/zhasanr/Desktop/pico-sdk/lib/lwip/src/core/memp.c.obj
                0x1000afdc                memp_init
 .text.memp_malloc
                0x1000b04c       0x70 CMakeFiles/your_app.dir/C_/Users/zhasanr/Desktop/pico-sdk/lib/lwip/src/core/memp.c.obj
                0x1000b04c                memp_malloc
 .text.memp_free
                0x1000b0bc       0x50 CMakeFiles/your_app.dir/C_/Users/zhasanr/Desktop/pico-sdk/lib/lwip/src/core/memp.c.obj
                0x1000b0bc                memp_free
 .text.netif_null_output_ip4
                0x1000b10c        0x8 CMakeFiles/your_app.dir/C_/Users/zhasanr/Desktop/pico-sdk/lib/lwip/src/core/netif.c.obj
 .text.netif_init
                0x1000b114        0x4 CMakeFiles/your_app.dir/C_/Users/zhasanr/Desktop/pico-sdk/lib/lwip/src/core/netif.c.obj
                0x1000b114                netif_init
 .text.netif_set_addr
                0x1000b118       0xb8 CMakeFiles/your_app.dir/C_/Users/zhasanr/Desktop/pico-sdk/lib/lwip/src/core/netif.c.obj
                0x1000b118                netif_set_addr
 .text.netif_add
                0x1000b1d0      0x104 CMakeFiles/your_app.dir/C_/Users/zhasanr/Desktop/pico-sdk/lib/lwip/src/core/netif.c.obj
                0x1000b1d0                netif_add
 .text.netif_remove
                0x1000b2d4       0x8c CMakeFiles/your_app.dir/C_/Users/zhasanr/Desktop/pico-sdk/lib/lwip/src/core/netif.c.obj
                0x1000b2d4                netif_remove
 .text.netif_set_default
                0x1000b360        0xc CMakeFiles/your_app.dir/C_/Users/zhasanr/Desktop/pico-sdk/lib/lwip/src/core/netif.c.obj
                0x1000b360                netif_set_default
 .text.netif_set_up
                0x1000b36c       0x14 CMakeFiles/your_app.dir/C_/Users/zhasanr/Desktop/pico-sdk/lib/lwip/src/core/netif.c.obj
                0x1000b36c                netif_set_up
 .text.netif_set_link_up
                0x1000b380       0x18 CMakeFiles/your_app.dir/C_/Users/zhasanr/Desktop/pico-sdk/lib/lwip/src/core/netif.c.obj
                0x1000b380                netif_set_link_up
 .text.netif_set_link_down
                0x1000b398       0x18 CMakeFiles/your_app.dir/C_/Users/zhasanr/Desktop/pico-sdk/lib/lwip/src/core/netif.c.obj
                0x1000b398                netif_set_link_down
 .text.netif_get_by_index
                0x1000b3b0       0x28 CMakeFiles/your_app.dir/C_/Users/zhasanr/Desktop/pico-sdk/lib/lwip/src/core/netif.c.obj
                0x1000b3b0                netif_get_by_index
 .text.pbuf_free_ooseq_callback
                0x1000b3d8       0x34 CMakeFiles/your_app.dir/C_/Users/zhasanr/Desktop/pico-sdk/lib/lwip/src/core/pbuf.c.obj
 .text.pbuf_free.part.0
                0x1000b40c       0x94 CMakeFiles/your_app.dir/C_/Users/zhasanr/Desktop/pico-sdk/lib/lwip/src/core/pbuf.c.obj
 .text.pbuf_alloc
                0x1000b4a0      0x148 CMakeFiles/your_app.dir/C_/Users/zhasanr/Desktop/pico-sdk/lib/lwip/src/core/pbuf.c.obj
                0x1000b4a0                pbuf_alloc
 .text.pbuf_alloced_custom
                0x1000b5e8       0x4c CMakeFiles/your_app.dir/C_/Users/zhasanr/Desktop/pico-sdk/lib/lwip/src/core/pbuf.c.obj
                0x1000b5e8                pbuf_alloced_custom
 .text.pbuf_realloc
                0x1000b634       0x9c CMakeFiles/your_app.dir/C_/Users/zhasanr/Desktop/pico-sdk/lib/lwip/src/core/pbuf.c.obj
                0x1000b634                pbuf_realloc
 .text.pbuf_add_header
                0x1000b6d0       0x4c CMakeFiles/your_app.dir/C_/Users/zhasanr/Desktop/pico-sdk/lib/lwip/src/core/pbuf.c.obj
                0x1000b6d0                pbuf_add_header
 .text.pbuf_remove_header
                0x1000b71c       0x3c CMakeFiles/your_app.dir/C_/Users/zhasanr/Desktop/pico-sdk/lib/lwip/src/core/pbuf.c.obj
                0x1000b71c                pbuf_remove_header
 .text.pbuf_header_force
                0x1000b758       0x70 CMakeFiles/your_app.dir/C_/Users/zhasanr/Desktop/pico-sdk/lib/lwip/src/core/pbuf.c.obj
                0x1000b758                pbuf_header_force
 .text.pbuf_free_header
                0x1000b7c8       0x44 CMakeFiles/your_app.dir/C_/Users/zhasanr/Desktop/pico-sdk/lib/lwip/src/core/pbuf.c.obj
                0x1000b7c8                pbuf_free_header
 .text.pbuf_free
                0x1000b80c       0x14 CMakeFiles/your_app.dir/C_/Users/zhasanr/Desktop/pico-sdk/lib/lwip/src/core/pbuf.c.obj
                0x1000b80c                pbuf_free
 .text.pbuf_clen
                0x1000b820       0x14 CMakeFiles/your_app.dir/C_/Users/zhasanr/Desktop/pico-sdk/lib/lwip/src/core/pbuf.c.obj
                0x1000b820                pbuf_clen
 .text.pbuf_ref
                0x1000b834       0x28 CMakeFiles/your_app.dir/C_/Users/zhasanr/Desktop/pico-sdk/lib/lwip/src/core/pbuf.c.obj
                0x1000b834                pbuf_ref
 .text.pbuf_cat
                0x1000b85c       0x58 CMakeFiles/your_app.dir/C_/Users/zhasanr/Desktop/pico-sdk/lib/lwip/src/core/pbuf.c.obj
                0x1000b85c                pbuf_cat
 .text.pbuf_chain
                0x1000b8b4       0x74 CMakeFiles/your_app.dir/C_/Users/zhasanr/Desktop/pico-sdk/lib/lwip/src/core/pbuf.c.obj
                0x1000b8b4                pbuf_chain
 .text.pbuf_copy_partial_pbuf
                0x1000b928      0x154 CMakeFiles/your_app.dir/C_/Users/zhasanr/Desktop/pico-sdk/lib/lwip/src/core/pbuf.c.obj
                0x1000b928                pbuf_copy_partial_pbuf
 .text.pbuf_copy
                0x1000ba7c       0x10 CMakeFiles/your_app.dir/C_/Users/zhasanr/Desktop/pico-sdk/lib/lwip/src/core/pbuf.c.obj
                0x1000ba7c                pbuf_copy
 .text.pbuf_copy_partial
                0x1000ba8c       0x80 CMakeFiles/your_app.dir/C_/Users/zhasanr/Desktop/pico-sdk/lib/lwip/src/core/pbuf.c.obj
                0x1000ba8c                pbuf_copy_partial
 .text.pbuf_take
                0x1000bb0c       0x64 CMakeFiles/your_app.dir/C_/Users/zhasanr/Desktop/pico-sdk/lib/lwip/src/core/pbuf.c.obj
                0x1000bb0c                pbuf_take
 .text.pbuf_clone
                0x1000bb70       0x2c CMakeFiles/your_app.dir/C_/Users/zhasanr/Desktop/pico-sdk/lib/lwip/src/core/pbuf.c.obj
                0x1000bb70                pbuf_clone
 .text.raw_input
                0x1000bb9c      0x128 CMakeFiles/your_app.dir/C_/Users/zhasanr/Desktop/pico-sdk/lib/lwip/src/core/raw.c.obj
                0x1000bb9c                raw_input
 .text.raw_bind
                0x1000bcc4       0x14 CMakeFiles/your_app.dir/C_/Users/zhasanr/Desktop/pico-sdk/lib/lwip/src/core/raw.c.obj
                0x1000bcc4                raw_bind
 .text.raw_recv
                0x1000bcd8        0x8 CMakeFiles/your_app.dir/C_/Users/zhasanr/Desktop/pico-sdk/lib/lwip/src/core/raw.c.obj
                0x1000bcd8                raw_recv
 .text.raw_sendto
                0x1000bce0      0x114 CMakeFiles/your_app.dir/C_/Users/zhasanr/Desktop/pico-sdk/lib/lwip/src/core/raw.c.obj
                0x1000bce0                raw_sendto
 .text.raw_send
                0x1000bdf4      0x110 CMakeFiles/your_app.dir/C_/Users/zhasanr/Desktop/pico-sdk/lib/lwip/src/core/raw.c.obj
                0x1000bdf4                raw_send
 .text.raw_remove
                0x1000bf04       0x30 CMakeFiles/your_app.dir/C_/Users/zhasanr/Desktop/pico-sdk/lib/lwip/src/core/raw.c.obj
                0x1000bf04                raw_remove
 .text.raw_new_ip_type
                0x1000bf34       0x30 CMakeFiles/your_app.dir/C_/Users/zhasanr/Desktop/pico-sdk/lib/lwip/src/core/raw.c.obj
                0x1000bf34                raw_new_ip_type
 .text.raw_netif_ip_addr_changed
                0x1000bf64       0x38 CMakeFiles/your_app.dir/C_/Users/zhasanr/Desktop/pico-sdk/lib/lwip/src/core/raw.c.obj
                0x1000bf64                raw_netif_ip_addr_changed
 .text.stats_init
                0x1000bf9c        0x4 CMakeFiles/your_app.dir/C_/Users/zhasanr/Desktop/pico-sdk/lib/lwip/src/core/stats.c.obj
                0x1000bf9c                stats_init
 .text.tcp_close_shutdown_fin
                0x1000bfa0       0x58 CMakeFiles/your_app.dir/C_/Users/zhasanr/Desktop/pico-sdk/lib/lwip/src/core/tcp.c.obj
 .text.tcp_pcb_purge.part.0
                0x1000bff8       0xb0 CMakeFiles/your_app.dir/C_/Users/zhasanr/Desktop/pico-sdk/lib/lwip/src/core/tcp.c.obj
 .text.tcp_init
                0x1000c0a8       0x18 CMakeFiles/your_app.dir/C_/Users/zhasanr/Desktop/pico-sdk/lib/lwip/src/core/tcp.c.obj
                0x1000c0a8                tcp_init
 .text.tcp_free
                0x1000c0c0       0x20 CMakeFiles/your_app.dir/C_/Users/zhasanr/Desktop/pico-sdk/lib/lwip/src/core/tcp.c.obj
                0x1000c0c0                tcp_free
 .text.tcp_bind
                0x1000c0e0       0xdc CMakeFiles/your_app.dir/C_/Users/zhasanr/Desktop/pico-sdk/lib/lwip/src/core/tcp.c.obj
                0x1000c0e0                tcp_bind
 .text.tcp_listen_with_backlog_and_err
                0x1000c1bc       0xbc CMakeFiles/your_app.dir/C_/Users/zhasanr/Desktop/pico-sdk/lib/lwip/src/core/tcp.c.obj
                0x1000c1bc                tcp_listen_with_backlog_and_err
 .text.tcp_update_rcv_ann_wnd
                0x1000c278       0x5c CMakeFiles/your_app.dir/C_/Users/zhasanr/Desktop/pico-sdk/lib/lwip/src/core/tcp.c.obj
                0x1000c278                tcp_update_rcv_ann_wnd
 .text.tcp_recved
                0x1000c2d4       0x94 CMakeFiles/your_app.dir/C_/Users/zhasanr/Desktop/pico-sdk/lib/lwip/src/core/tcp.c.obj
                0x1000c2d4                tcp_recved
 .text.tcp_slowtmr
                0x1000c368      0x4cc CMakeFiles/your_app.dir/C_/Users/zhasanr/Desktop/pico-sdk/lib/lwip/src/core/tcp.c.obj
                0x1000c368                tcp_slowtmr
 .text.tcp_segs_free
                0x1000c834       0x34 CMakeFiles/your_app.dir/C_/Users/zhasanr/Desktop/pico-sdk/lib/lwip/src/core/tcp.c.obj
                0x1000c834                tcp_segs_free
 .text.tcp_seg_free
                0x1000c868       0x28 CMakeFiles/your_app.dir/C_/Users/zhasanr/Desktop/pico-sdk/lib/lwip/src/core/tcp.c.obj
                0x1000c868                tcp_seg_free
 .text.tcp_seg_copy
                0x1000c890       0x40 CMakeFiles/your_app.dir/C_/Users/zhasanr/Desktop/pico-sdk/lib/lwip/src/core/tcp.c.obj
                0x1000c890                tcp_seg_copy
 .text.tcp_arg  0x1000c8d0        0x8 CMakeFiles/your_app.dir/C_/Users/zhasanr/Desktop/pico-sdk/lib/lwip/src/core/tcp.c.obj
                0x1000c8d0                tcp_arg
 .text.tcp_recv
                0x1000c8d8       0x1c CMakeFiles/your_app.dir/C_/Users/zhasanr/Desktop/pico-sdk/lib/lwip/src/core/tcp.c.obj
                0x1000c8d8                tcp_recv
 .text.tcp_sent
                0x1000c8f4       0x1c CMakeFiles/your_app.dir/C_/Users/zhasanr/Desktop/pico-sdk/lib/lwip/src/core/tcp.c.obj
                0x1000c8f4                tcp_sent
 .text.tcp_err  0x1000c910       0x1c CMakeFiles/your_app.dir/C_/Users/zhasanr/Desktop/pico-sdk/lib/lwip/src/core/tcp.c.obj
                0x1000c910                tcp_err
 .text.tcp_accept
                0x1000c92c        0xc CMakeFiles/your_app.dir/C_/Users/zhasanr/Desktop/pico-sdk/lib/lwip/src/core/tcp.c.obj
                0x1000c92c                tcp_accept
 .text.tcp_poll
                0x1000c938       0x20 CMakeFiles/your_app.dir/C_/Users/zhasanr/Desktop/pico-sdk/lib/lwip/src/core/tcp.c.obj
                0x1000c938                tcp_poll
 .text.tcp_pcb_purge
                0x1000c958       0x14 CMakeFiles/your_app.dir/C_/Users/zhasanr/Desktop/pico-sdk/lib/lwip/src/core/tcp.c.obj
                0x1000c958                tcp_pcb_purge
 .text.tcp_pcb_remove
                0x1000c96c       0xe4 CMakeFiles/your_app.dir/C_/Users/zhasanr/Desktop/pico-sdk/lib/lwip/src/core/tcp.c.obj
                0x1000c96c                tcp_pcb_remove
 .text.tcp_abandon
                0x1000ca50      0x184 CMakeFiles/your_app.dir/C_/Users/zhasanr/Desktop/pico-sdk/lib/lwip/src/core/tcp.c.obj
                0x1000ca50                tcp_abandon
 .text.tcp_abort
                0x1000cbd4        0x8 CMakeFiles/your_app.dir/C_/Users/zhasanr/Desktop/pico-sdk/lib/lwip/src/core/tcp.c.obj
                0x1000cbd4                tcp_abort
 .text.tcp_accept_null
                0x1000cbdc       0x1c CMakeFiles/your_app.dir/C_/Users/zhasanr/Desktop/pico-sdk/lib/lwip/src/core/tcp.c.obj
 .text.tcp_alloc
                0x1000cbf8      0x1e8 CMakeFiles/your_app.dir/C_/Users/zhasanr/Desktop/pico-sdk/lib/lwip/src/core/tcp.c.obj
                0x1000cbf8                tcp_alloc
 .text.tcp_new_ip_type
                0x1000cde0        0x8 CMakeFiles/your_app.dir/C_/Users/zhasanr/Desktop/pico-sdk/lib/lwip/src/core/tcp.c.obj
                0x1000cde0                tcp_new_ip_type
 .text.tcp_close_shutdown
                0x1000cde8      0x194 CMakeFiles/your_app.dir/C_/Users/zhasanr/Desktop/pico-sdk/lib/lwip/src/core/tcp.c.obj
 .text.tcp_shutdown
                0x1000cf7c       0x68 CMakeFiles/your_app.dir/C_/Users/zhasanr/Desktop/pico-sdk/lib/lwip/src/core/tcp.c.obj
                0x1000cf7c                tcp_shutdown
 .text.tcp_recv_null
                0x1000cfe4       0xd4 CMakeFiles/your_app.dir/C_/Users/zhasanr/Desktop/pico-sdk/lib/lwip/src/core/tcp.c.obj
                0x1000cfe4                tcp_recv_null
 .text.tcp_process_refused_data
                0x1000d0b8       0x7c CMakeFiles/your_app.dir/C_/Users/zhasanr/Desktop/pico-sdk/lib/lwip/src/core/tcp.c.obj
                0x1000d0b8                tcp_process_refused_data
 .text.tcp_fasttmr
                0x1000d134       0x84 CMakeFiles/your_app.dir/C_/Users/zhasanr/Desktop/pico-sdk/lib/lwip/src/core/tcp.c.obj
                0x1000d134                tcp_fasttmr
 .text.tcp_tmr  0x1000d1b8       0x20 CMakeFiles/your_app.dir/C_/Users/zhasanr/Desktop/pico-sdk/lib/lwip/src/core/tcp.c.obj
                0x1000d1b8                tcp_tmr
 .text.tcp_close
                0x1000d1d8      0x184 CMakeFiles/your_app.dir/C_/Users/zhasanr/Desktop/pico-sdk/lib/lwip/src/core/tcp.c.obj
                0x1000d1d8                tcp_close
 .text.tcp_next_iss
                0x1000d35c       0x24 CMakeFiles/your_app.dir/C_/Users/zhasanr/Desktop/pico-sdk/lib/lwip/src/core/tcp.c.obj
                0x1000d35c                tcp_next_iss
 .text.tcp_eff_send_mss_netif
                0x1000d380       0x30 CMakeFiles/your_app.dir/C_/Users/zhasanr/Desktop/pico-sdk/lib/lwip/src/core/tcp.c.obj
                0x1000d380                tcp_eff_send_mss_netif
 .text.tcp_netif_ip_addr_changed
                0x1000d3b0       0x90 CMakeFiles/your_app.dir/C_/Users/zhasanr/Desktop/pico-sdk/lib/lwip/src/core/tcp.c.obj
                0x1000d3b0                tcp_netif_ip_addr_changed
 .text.tcp_free_ooseq
                0x1000d440       0x38 CMakeFiles/your_app.dir/C_/Users/zhasanr/Desktop/pico-sdk/lib/lwip/src/core/tcp.c.obj
                0x1000d440                tcp_free_ooseq
 .text.tcp_parseopt
                0x1000d478      0x1b0 CMakeFiles/your_app.dir/C_/Users/zhasanr/Desktop/pico-sdk/lib/lwip/src/core/tcp_in.c.obj
 .text.tcp_oos_insert_segment
                0x1000d628       0x8c CMakeFiles/your_app.dir/C_/Users/zhasanr/Desktop/pico-sdk/lib/lwip/src/core/tcp_in.c.obj
 .text.tcp_free_acked_segments.isra.0
                0x1000d6b4       0xac CMakeFiles/your_app.dir/C_/Users/zhasanr/Desktop/pico-sdk/lib/lwip/src/core/tcp_in.c.obj
 .text.tcp_receive
                0x1000d760      0x8a8 CMakeFiles/your_app.dir/C_/Users/zhasanr/Desktop/pico-sdk/lib/lwip/src/core/tcp_in.c.obj
 .text.tcp_input
                0x1000e008      0xbfc CMakeFiles/your_app.dir/C_/Users/zhasanr/Desktop/pico-sdk/lib/lwip/src/core/tcp_in.c.obj
                0x1000e008                tcp_input
 .text.tcp_trigger_input_pcb_close
                0x1000ec04       0x10 CMakeFiles/your_app.dir/C_/Users/zhasanr/Desktop/pico-sdk/lib/lwip/src/core/tcp_in.c.obj
                0x1000ec04                tcp_trigger_input_pcb_close
 .text.tcp_create_segment
                0x1000ec14       0xc4 CMakeFiles/your_app.dir/C_/Users/zhasanr/Desktop/pico-sdk/lib/lwip/src/core/tcp_out.c.obj
 .text.tcp_output_control_segment
                0x1000ecd8       0xa4 CMakeFiles/your_app.dir/C_/Users/zhasanr/Desktop/pico-sdk/lib/lwip/src/core/tcp_out.c.obj
 .text.tcp_write
                0x1000ed7c      0x838 CMakeFiles/your_app.dir/C_/Users/zhasanr/Desktop/pico-sdk/lib/lwip/src/core/tcp_out.c.obj
                0x1000ed7c                tcp_write
 .text.tcp_split_unsent_seg