Archive member included to satisfy reference by file (symbol)

C:/Program Files/Arm/GNU Toolchain mingw-w64-x86_64-arm-none-eabi/bin/../lib/gcc/arm-none-eabi/15.2.1/../../../../arm-none-eabi/lib/thumb/v8-m.main+fp/softfp\libm.a(libm_a-wf_sqrt.o)
                              CMakeFiles/your_app.dir/C_/Users/zhasanr/Desktop/pico-sdk/src/rp2_common/pico_float/float_math.c.obj (sqrtf)
C:/Program Files/Arm/GNU Toolchain mingw-w64-x86_64-arm-none-eabi/bin/../lib/gcc/arm-none-eabi/15.2.1/../../../../arm-none-eabi/lib/thumb/v8-m.main+fp/softfp\libm.a(libm_a-ef_sqrt.o)
                              C:/Program Files/Arm/GNU Toolchain mingw-w64-x86_64-arm-none-eabi/bin/../lib/gcc/arm-none-eabi/15.2.1/../../../../arm-none-eabi/lib/thumb/v8-m.main+fp/softfp\libm.a(libm_a-wf_sqrt.o) (__ieee754_sqrtf)
C:/Program Files/Arm/GNU Toolchain mingw-w64-x86_64-arm-none-eabi/bin/../lib/gcc/arm-none-eabi/15.2.1/thumb/v8-m.main+fp/softfp\libgcc.a(_arm_addsubdf3.o)
                              CMakeFiles/your_app.dir/C_/Users/zhasanr/Desktop/pico-sdk/src/rp2_common/pico_float/float_math.c.obj (__aeabi_f2d)
C:/Program Files/Arm/GNU Toolchain mingw-w64-x86_64-arm-none-eabi/bin/../lib/gcc/arm-none-eabi/15.2.1/thumb/v8-m.main+fp/softfp\libgcc.a(_aeabi_ldivmod.o)
                              CMakeFiles/your_app.dir/C_/Users/zhasanr/Desktop/pico-sdk/src/common/pico_time/time.c.obj (__aeabi_ldivmod)
C:/Program Files/Arm/GNU Toolchain mingw-w64-x86_64-arm-none-eabi/bin/../lib/gcc/arm-none-eabi/15.2.1/thumb/v8-m.main+fp/softfp\libgcc.a(_aeabi_uldivmod.o)
                              CMakeFiles/your_app.dir/C_/Users/zhasanr/Desktop/pico-sdk/src/rp2_common/hardware_clocks/clocks.c.obj (__aeabi_uldivmod)
C:/Program Files/Arm/GNU Toolchain mingw-w64-x86_64-arm-none-eabi/bin/../lib/gcc/arm-none-eabi/15.2.1/thumb/v8-m.main+fp/softfp\libgcc.a(_udivmoddi4.o)
                              C:/Program Files/Arm/GNU Toolchain mingw-w64-x86_64-arm-none-eabi/bin/../lib/gcc/arm-none-eabi/15.2.1/thumb/v8-m.main+fp/softfp\libgcc.a(_aeabi_ldivmod.o) (__udivmoddi4)
C:/Program Files/Arm/GNU Toolchain mingw-w64-x86_64-arm-none-eabi/bin/../lib/gcc/arm-none-eabi/15.2.1/thumb/v8-m.main+fp/softfp\libgcc.a(_dvmd_tls.o)
                              C:/Program Files/Arm/GNU Toolchain mingw-w64-x86_64-arm-none-eabi/bin/../lib/gcc/arm-none-eabi/15.2.1/thumb/v8-m.main+fp/softfp\libgcc.a(_aeabi_ldivmod.o) (__aeabi_ldiv0)
C:/Program Files/Arm/GNU Toolchain mingw-w64-x86_64-arm-none-eabi/bin/../lib/gcc/arm-none-eabi/15.2.1/../../../../arm-none-eabi/lib/thumb/v8-m.main+fp/softfp\libg.a(libc_a-atoi.o)
                              CMakeFiles/your_app.dir/C_/Users/zhasanr/Desktop/pico-sdk/lib/lwip/src/core/netif.c.obj (atoi)
C:/Program Files/Arm/GNU Toolchain mingw-w64-x86_64-arm-none-eabi/bin/../lib/gcc/arm-none-eabi/15.2.1/../../../../arm-none-eabi/lib/thumb/v8-m.main+fp/softfp\libg.a(libc_a-calloc.o)
                              CMakeFiles/your_app.dir/C_/Users/zhasanr/Desktop/pico-sdk/src/rp2_common/pico_malloc/malloc.c.obj (calloc)
C:/Program Files/Arm/GNU Toolchain mingw-w64-x86_64-arm-none-eabi/bin/../lib/gcc/arm-none-eabi/15.2.1/../../../../arm-none-eabi/lib/thumb/v8-m.main+fp/softfp\libg.a(libc_a-callocr.o)
                              C:/Program Files/Arm/GNU Toolchain mingw-w64-x86_64-arm-none-eabi/bin/../lib/gcc/arm-none-eabi/15.2.1/../../../../arm-none-eabi/lib/thumb/v8-m.main+fp/softfp\libg.a(libc_a-calloc.o) (_calloc_r)
C:/Program Files/Arm/GNU Toolchain mingw-w64-x86_64-arm-none-eabi/bin/../lib/gcc/arm-none-eabi/15.2.1/../../../../arm-none-eabi/lib/thumb/v8-m.main+fp/softfp\libg.a(libc_a-malloc.o)
                              CMakeFiles/your_app.dir/C_/Users/zhasanr/Desktop/pico-sdk/src/rp2_common/pico_malloc/malloc.c.obj (malloc)
C:/Program Files/Arm/GNU Toolchain mingw-w64-x86_64-arm-none-eabi/bin/../lib/gcc/arm-none-eabi/15.2.1/../../../../arm-none-eabi/lib/thumb/v8-m.main+fp/softfp\libg.a(libc_a-mallocr.o)
                              C:/Program Files/Arm/GNU Toolchain mingw-w64-x86_64-arm-none-eabi/bin/../lib/gcc/arm-none-eabi/15.2.1/../../../../arm-none-eabi/lib/thumb/v8-m.main+fp/softfp\libg.a(libc_a-callocr.o) (_malloc_r)
C:/Program Files/Arm/GNU Toolchain mingw-w64-x86_64-arm-none-eabi/bin/../lib/gcc/arm-none-eabi/15.2.1/../../../../arm-none-eabi/lib/thumb/v8-m.main+fp/softfp\libg.a(libc_a-mlock.o)
                              C:/Program Files/Arm/GNU Toolchain mingw-w64-x86_64-arm-none-eabi/bin/../lib/gcc/arm-none-eabi/15.2.1/../../../../arm-none-eabi/lib/thumb/v8-m.main+fp/softfp\libg.a(libc_a-mallocr.o) (__malloc_lock)
C:/Program Files/Arm/GNU Toolchain mingw-w64-x86_64-arm-none-eabi/bin/../lib/gcc/arm-none-eabi/15.2.1/../../../../arm-none-eabi/lib/thumb/v8-m.main+fp/softfp\libg.a(libc_a-realloc.o)
                              CMakeFiles/your_app.dir/C_/Users/zhasanr/Desktop/pico-sdk/src/rp2_common/pico_malloc/malloc.c.obj (realloc)
[...]
Memory Configuration

Name             Origin             Length             Attributes
FLASH            0x10000000         0x00400000         xr
RAM              0x20000000         0x00080000         xrw
SCRATCH_X        0x20080000         0x00001000         xrw
SCRATCH_Y        0x20081000         0x00001000         xrw
*default*        0x00000000         0xffffffff

Linker script and memory map

LOAD C:/Program Files/Arm/GNU Toolchain mingw-w64-x86_64-arm-none-eabi/bin/../lib/gcc/arm-none-eabi/15.2.1/thumb/v8-m.main+fp/softfp/crti.o
LOAD C:/Program Files/Arm/GNU Toolchain mingw-w64-x86_64-arm-none-eabi/bin/../lib/gcc/arm-none-eabi/15.2.1/thumb/v8-m.main+fp/softfp/crtbegin.o
LOAD C:/Program Files/Arm/GNU Toolchain mingw-w64-x86_64-arm-none-eabi/bin/../lib/gcc/arm-none-eabi/15.2.1/../../../../arm-none-eabi/lib/thumb/v8-m.main+fp/softfp/crt0.o

.flash_begin    0x10000000        0x0
                0x10000000                        __flash_binary_start = .

.text           0x10000000    0x1cabc
                0x10000000                        __logical_binary_start = .
 *(.vectors)
 .vectors       0x10000000      0x124 CMakeFiles/your_app.dir/C_/Users/zhasanr/Desktop/pico-sdk/src/rp2_common/pico_crt0/crt0.S.obj
                0x10000000                __VECTOR_TABLE
                0x10000000                __vectors
                0x10000110                __unhandled_user_irq
                0x10000110                isr_irq49
                0x10000110                isr_irq13
                0x10000110                isr_irq43
                0x10000110                isr_irq45
                0x10000110                isr_irq27
                0x10000110                isr_irq32
                0x10000110                isr_irq31
                0x10000110                isr_irq12
                0x10000110                isr_irq5
                0x10000110                isr_irq11
                0x10000110                isr_irq3
                0x10000110                isr_irq23
                0x10000110                isr_usagefault
                0x10000110                isr_irq48
                0x10000110                isr_irq30
                0x10000110                isr_irq18
                0x10000110                isr_irq50
                0x10000110                isr_irq33
                0x10000110                isr_irq40
                0x10000110                isr_irq28
                0x10000110                isr_irq19
                0x10000110                isr_irq36
                0x10000110                isr_irq41
                0x10000110                isr_irq0
                0x10000110                isr_irq6
                0x10000110                isr_irq26
                0x10000110                isr_irq29
                0x10000110                isr_memmanage
                0x10000110                isr_irq37
                0x10000110                isr_irq42
                0x10000110                isr_irq22
                0x10000110                isr_irq35
                0x10000110                isr_irq17
                0x10000110                isr_irq38
                0x10000110                isr_irq14
                0x10000110                __vectors_end
                0x10000110                __default_isrs_start
                0x10000110                isr_irq2
                0x10000110                isr_irq10
                0x10000110                isr_irq8
                0x10000110                isr_debugmonitor
                0x10000110                isr_irq24
                0x10000110                isr_irq46
                0x10000110                isr_irq1
                0x10000110                isr_irq47
                0x10000110                isr_irq51
                0x10000110                isr_irq7
                0x10000110                isr_irq21
                0x10000110                isr_irq39
                0x10000110                isr_irq20
                0x10000110                isr_irq15
                0x10000110                isr_irq25
                0x10000110                isr_irq34
                0x10000110                isr_irq44
                0x10000110                isr_securefault
                0x10000110                isr_irq4
                0x10000110                isr_busfault
                0x10000110                isr_irq16
                0x10000110                isr_irq9
                0x10000116                unhandled_user_irq_num_in_r0
                0x10000118                isr_invalid
                0x1000011a                isr_nmi
                0x1000011c                isr_hardfault
                0x1000011e                isr_svcall
                0x10000120                isr_pendsv
                0x10000122                isr_systick
                0x10000124                __default_isrs_end
 *(.binary_info_header)
 .binary_info_header
                0x10000124       0x14 CMakeFiles/your_app.dir/C_/Users/zhasanr/Desktop/pico-sdk/src/rp2_common/pico_crt0/crt0.S.obj
                0x10000138                        __binary_info_header_end = .
 *(.embedded_block)
 .embedded_block
                0x10000138       0x14 CMakeFiles/your_app.dir/C_/Users/zhasanr/Desktop/pico-sdk/src/rp2_common/pico_crt0/crt0.S.obj
                0x1000014c                        __embedded_block_end = .
 *(.reset)
 .reset         0x1000014c       0x98 CMakeFiles/your_app.dir/C_/Users/zhasanr/Desktop/pico-sdk/src/rp2_common/pico_crt0/crt0.S.obj
                0x1000014c                _entry_point
 *(.init)
 .init          0x100001e4        0x4 C:/Program Files/Arm/GNU Toolchain mingw-w64-x86_64-arm-none-eabi/bin/../lib/gcc/arm-none-eabi/15.2.1/thumb/v8-m.main+fp/softfp/crti.o
                0x100001e4                _init
 *libgcc.a:cmse_nonsecure_call.o()
 *(EXCLUDE_FILE(*libm.a: *libc.a:*lib_a-mem*.o *libgcc.a:) .text*)
 .text.register_tm_clones
                0x100001e8       0x28 C:/Program Files/Arm/GNU Toolchain mingw-w64-x86_64-arm-none-eabi/bin/../lib/gcc/arm-none-eabi/15.2.1/thumb/v8-m.main+fp/softfp/crtbegin.o
 .text.frame_dummy
                0x10000210       0x24 C:/Program Files/Arm/GNU Toolchain mingw-w64-x86_64-arm-none-eabi/bin/../lib/gcc/arm-none-eabi/15.2.1/thumb/v8-m.main+fp/softfp/crtbegin.o
 .text.motor_movement_task
                0x10000234      0x11c CMakeFiles/your_app.dir/src/main.c.obj
                0x10000234                motor_movement_task
 .text.html_server_task
                0x10000350      0x140 CMakeFiles/your_app.dir/src/main.c.obj
                0x10000350                html_server_task
 .text.determine_if_safe_task
                0x10000490       0xc8 CMakeFiles/your_app.dir/src/main.c.obj
                0x10000490                determine_if_safe_task
 .text.setup_gpio
                0x10000558       0x4c CMakeFiles/your_app.dir/src/main.c.obj
                0x10000558                setup_gpio
 .text.startup.main
                0x100005a4       0xb8 CMakeFiles/your_app.dir/src/main.c.obj
                0x100005a4                main
 .text.gpio_set_function
                0x1000065c       0x3c CMakeFiles/your_app.dir/C_/Users/zhasanr/Desktop/pico-sdk/src/rp2_common/hardware_gpio/gpio.c.obj
                0x1000065c                gpio_set_function
 .text.gpio_set_pulls
                0x10000698       0x24 CMakeFiles/your_app.dir/C_/Users/zhasanr/Desktop/pico-sdk/src/rp2_common/hardware_gpio/gpio.c.obj
                0x10000698                gpio_set_pulls
 .text.gpio_set_input_hysteresis_enabled
                0x100006bc       0x20 CMakeFiles/your_app.dir/C_/Users/zhasanr/Desktop/pico-sdk/src/rp2_common/hardware_gpio/gpio.c.obj
                0x100006bc                gpio_set_input_hysteresis_enabled
 .text.gpio_set_irq_enabled
                0x100006dc       0x48 CMakeFiles/your_app.dir/C_/Users/zhasanr/Desktop/pico-sdk/src/rp2_common/hardware_gpio/gpio.c.obj
                0x100006dc                gpio_set_irq_enabled
 .text.gpio_add_raw_irq_handler_with_order_priority_masked
                0x10000724       0x48 CMakeFiles/your_app.dir/C_/Users/zhasanr/Desktop/pico-sdk/src/rp2_common/hardware_gpio/gpio.c.obj
                0x10000724                gpio_add_raw_irq_handler_with_order_priority_masked
 .text.gpio_remove_raw_irq_handler_masked
                0x1000076c       0x24 CMakeFiles/your_app.dir/C_/Users/zhasanr/Desktop/pico-sdk/src/rp2_common/hardware_gpio/gpio.c.obj
                0x1000076c                gpio_remove_raw_irq_handler_masked
 .text.gpio_init
                0x10000790       0x4c CMakeFiles/your_app.dir/C_/Users/zhasanr/Desktop/pico-sdk/src/rp2_common/hardware_gpio/gpio.c.obj
                0x10000790                gpio_init
 .text.panic    0x100007dc       0x30 CMakeFiles/your_app.dir/C_/Users/zhasanr/Desktop/pico-sdk/src/rp2_common/pico_platform_panic/panic.c.obj
                0x100007dc                panic
 .text.hw_claim_lock
                0x1000080c       0x24 CMakeFiles/your_app.dir/C_/Users/zhasanr/Desktop/pico-sdk/src/common/hardware_claim/claim.c.obj
                0x1000080c                hw_claim_lock
 .text.hw_claim_unlock
                0x10000830       0x14 CMakeFiles/your_app.dir/C_/Users/zhasanr/Desktop/pico-sdk/src/common/hardware_claim/claim.c.obj
                0x10000830                hw_claim_unlock
 .text.hw_claim_or_assert
                0x10000844       0x58 CMakeFiles/your_app.dir/C_/Users/zhasanr/Desktop/pico-sdk/src/common/hardware_claim/claim.c.obj
                0x10000844                hw_claim_or_assert
 .text.hw_claim_unused_from_range
                0x1000089c       0x84 CMakeFiles/your_app.dir/C_/Users/zhasanr/Desktop/pico-sdk/src/common/hardware_claim/claim.c.obj
                0x1000089c                hw_claim_unused_from_range
 .text.hw_claim_clear
                0x10000920       0x50 CMakeFiles/your_app.dir/C_/Users/zhasanr/Desktop/pico-sdk/src/common/hardware_claim/claim.c.obj
                0x10000920                hw_claim_clear
 .text.next_striped_spin_lock_num
                0x10000970       0x18 CMakeFiles/your_app.dir/C_/Users/zhasanr/Desktop/pico-sdk/src/rp2_common/hardware_sync/sync.c.obj
                0x10000970                next_striped_spin_lock_num
 .text.spin_lock_claim
                0x10000988       0x14 CMakeFiles/your_app.dir/C_/Users/zhasanr/Desktop/pico-sdk/src/rp2_common/hardware_sync/sync.c.obj
                0x10000988                spin_lock_claim
 .text.spin_lock_claim_unused
                0x1000099c       0x24 CMakeFiles/your_app.dir/C_/Users/zhasanr/Desktop/pico-sdk/src/rp2_common/hardware_sync/sync.c.obj
                0x1000099c                spin_lock_claim_unused
 .text.spinlock_set_extexclall
                0x100009c0       0x10 CMakeFiles/your_app.dir/C_/Users/zhasanr/Desktop/pico-sdk/src/rp2_common/hardware_sync_spin_lock/sync_spin_lock.c.obj
 .text.spin_locks_reset
                0x100009d0       0x18 CMakeFiles/your_app.dir/C_/Users/zhasanr/Desktop/pico-sdk/src/rp2_common/hardware_sync_spin_lock/sync_spin_lock.c.obj
                0x100009d0                spin_locks_reset
 .text.runtime_init_per_core_irq_priorities
                0x100009e8       0x40 CMakeFiles/your_app.dir/C_/Users/zhasanr/Desktop/pico-sdk/src/rp2_common/hardware_irq/irq.c.obj
                0x100009e8                runtime_init_per_core_irq_priorities
 .text.irq_set_enabled
                0x10000a28       0x2c CMakeFiles/your_app.dir/C_/Users/zhasanr/Desktop/pico-sdk/src/rp2_common/hardware_irq/irq.c.obj
                0x10000a28                irq_set_enabled
 .text.irq_is_enabled
                0x10000a54       0x20 CMakeFiles/your_app.dir/C_/Users/zhasanr/Desktop/pico-sdk/src/rp2_common/hardware_irq/irq.c.obj
                0x10000a54                irq_is_enabled
 .text.irq_set_pending
                0x10000a74       0x18 CMakeFiles/your_app.dir/C_/Users/zhasanr/Desktop/pico-sdk/src/rp2_common/hardware_irq/irq.c.obj
                0x10000a74                irq_set_pending
 .text.irq_has_shared_handler
                0x10000a8c       0x20 CMakeFiles/your_app.dir/C_/Users/zhasanr/Desktop/pico-sdk/src/rp2_common/hardware_irq/irq.c.obj
                0x10000a8c                irq_has_shared_handler
 .text.irq_set_exclusive_handler
                0x10000aac       0x70 CMakeFiles/your_app.dir/C_/Users/zhasanr/Desktop/pico-sdk/src/rp2_common/hardware_irq/irq.c.obj
                0x10000aac                irq_set_exclusive_handler
 .text.irq_add_shared_handler
                0x10000b1c      0x1f4 CMakeFiles/your_app.dir/C_/Users/zhasanr/Desktop/pico-sdk/src/rp2_common/hardware_irq/irq.c.obj
                0x10000b1c                irq_add_shared_handler
 .text.irq_remove_handler
                0x10000d10      0x208 CMakeFiles/your_app.dir/C_/Users/zhasanr/Desktop/pico-sdk/src/rp2_common/hardware_irq/irq.c.obj
                0x10000d10                irq_remove_handler
 .text.irq_set_priority
                0x10000f18       0x28 CMakeFiles/your_app.dir/C_/Users/zhasanr/Desktop/pico-sdk/src/rp2_common/hardware_irq/irq.c.obj
                0x10000f18                irq_set_priority
 .text.irq_add_tail_to_free_list
                0x10000f40       0xcc CMakeFiles/your_app.dir/C_/Users/zhasanr/Desktop/pico-sdk/src/rp2_common/hardware_irq/irq.c.obj
                0x10000f40                irq_add_tail_to_free_list
 .text.user_irq_claim_unused
                0x1000100c       0x2c CMakeFiles/your_app.dir/C_/Users/zhasanr/Desktop/pico-sdk/src/rp2_common/hardware_irq/irq.c.obj
                0x1000100c                user_irq_claim_unused
 .text.lock_init
                0x10001038        0xc CMakeFiles/your_app.dir/C_/Users/zhasanr/Desktop/pico-sdk/src/common/pico_sync/lock_core.c.obj
                0x10001038                lock_init
 .text.runtime_init_mutex
                0x10001044       0x54 CMakeFiles/your_app.dir/C_/Users/zhasanr/Desktop/pico-sdk/src/common/pico_sync/mutex.c.obj
                0x10001044                runtime_init_mutex
 .text.mutex_init
                0x10001098       0x1c CMakeFiles/your_app.dir/C_/Users/zhasanr/Desktop/pico-sdk/src/common/pico_sync/mutex.c.obj
                0x10001098                mutex_init
 .text.critical_section_init
                0x100010b4       0x1c CMakeFiles/your_app.dir/C_/Users/zhasanr/Desktop/pico-sdk/src/common/pico_sync/critical_section.c.obj
                0x100010b4                critical_section_init
 .text.critical_section_init_with_lock_num
                0x100010d0       0x10 CMakeFiles/your_app.dir/C_/Users/zhasanr/Desktop/pico-sdk/src/common/pico_sync/critical_section.c.obj
                0x100010d0                critical_section_init_with_lock_num
 .text.alarm_pool_irq_handler
                0x100010e0      0x2ec CMakeFiles/your_app.dir/C_/Users/zhasanr/Desktop/pico-sdk/src/common/pico_time/time.c.obj
 .text.sleep_until_callback
                0x100013cc       0x34 CMakeFiles/your_app.dir/C_/Users/zhasanr/Desktop/pico-sdk/src/common/pico_time/time.c.obj
 .text.runtime_init_default_alarm_pool
                0x10001400      0x104 CMakeFiles/your_app.dir/C_/Users/zhasanr/Desktop/pico-sdk/src/common/pico_time/time.c.obj
                0x10001400                runtime_init_default_alarm_pool
 .text.alarm_pool_get_default
                0x10001504        0x8 CMakeFiles/your_app.dir/C_/Users/zhasanr/Desktop/pico-sdk/src/common/pico_time/time.c.obj
                0x10001504                alarm_pool_get_default
 .text.alarm_pool_add_alarm_at
                0x1000150c       0xe4 CMakeFiles/your_app.dir/C_/Users/zhasanr/Desktop/pico-sdk/src/common/pico_time/time.c.obj
                0x1000150c                alarm_pool_add_alarm_at
 .text.alarm_pool_add_alarm_at_force_in_context
                0x100015f0       0xcc CMakeFiles/your_app.dir/C_/Users/zhasanr/Desktop/pico-sdk/src/common/pico_time/time.c.obj
                0x100015f0                alarm_pool_add_alarm_at_force_in_context
 .text.alarm_pool_cancel_alarm
                0x100016bc       0x84 CMakeFiles/your_app.dir/C_/Users/zhasanr/Desktop/pico-sdk/src/common/pico_time/time.c.obj
                0x100016bc                alarm_pool_cancel_alarm
 .text.alarm_pool_core_num
                0x10001740        0x4 CMakeFiles/your_app.dir/C_/Users/zhasanr/Desktop/pico-sdk/src/common/pico_time/time.c.obj
                0x10001740                alarm_pool_core_num
 .text.best_effort_wfe_or_timeout
                0x10001744       0xf8 CMakeFiles/your_app.dir/C_/Users/zhasanr/Desktop/pico-sdk/src/common/pico_time/time.c.obj
                0x10001744                best_effort_wfe_or_timeout
 .text.timer_hardware_alarm_claim
                0x1000183c       0x24 CMakeFiles/your_app.dir/C_/Users/zhasanr/Desktop/pico-sdk/src/rp2_common/hardware_timer/timer.c.obj
                0x1000183c                timer_hardware_alarm_claim
 .text.timer_time_us_64
                0x10001860       0x10 CMakeFiles/your_app.dir/C_/Users/zhasanr/Desktop/pico-sdk/src/rp2_common/hardware_timer/timer.c.obj
                0x10001860                timer_time_us_64
 .text.time_us_64
                0x10001870       0x14 CMakeFiles/your_app.dir/C_/Users/zhasanr/Desktop/pico-sdk/src/rp2_common/hardware_timer/timer.c.obj
                0x10001870                time_us_64
 .text.busy_wait_us
                0x10001884       0x60 CMakeFiles/your_app.dir/C_/Users/zhasanr/Desktop/pico-sdk/src/rp2_common/hardware_timer/timer.c.obj
                0x10001884                busy_wait_us
 .text.clock_configure_undivided
                0x100018e4       0xdc CMakeFiles/your_app.dir/C_/Users/zhasanr/Desktop/pico-sdk/src/rp2_common/hardware_clocks/clocks.c.obj
                0x100018e4                clock_configure_undivided
 .text.clock_get_hz
                0x100019c0        0xc CMakeFiles/your_app.dir/C_/Users/zhasanr/Desktop/pico-sdk/src/rp2_common/hardware_clocks/clocks.c.obj
                0x100019c0                clock_get_hz
 .text.pll_init
                0x100019cc       0x90 CMakeFiles/your_app.dir/C_/Users/zhasanr/Desktop/pico-sdk/src/rp2_common/hardware_pll/pll.c.obj
                0x100019cc                pll_init
 .text.watchdog_reboot
                0x10001a5c       0xac CMakeFiles/your_app.dir/C_/Users/zhasanr/Desktop/pico-sdk/src/rp2_common/hardware_watchdog/watchdog.c.obj
                0x10001a5c                watchdog_reboot
 .text.tick_start
                0x10001b08       0x18 CMakeFiles/your_app.dir/C_/Users/zhasanr/Desktop/pico-sdk/src/rp2_common/hardware_ticks/ticks.c.obj
                0x10001b08                tick_start
 .text.rom_reboot.constprop.0.isra.0
                0x10001b20       0x38 CMakeFiles/your_app.dir/C_/Users/zhasanr/Desktop/pico-sdk/src/rp2_common/pico_bootrom/bootrom.c.obj
 .text.rom_func_lookup
                0x10001b58       0x18 CMakeFiles/your_app.dir/C_/Users/zhasanr/Desktop/pico-sdk/src/rp2_common/pico_bootrom/bootrom.c.obj
                0x10001b58                rom_func_lookup
 .text.rom_reset_usb_boot_extra
                0x10001b70       0x1c CMakeFiles/your_app.dir/C_/Users/zhasanr/Desktop/pico-sdk/src/rp2_common/pico_bootrom/bootrom.c.obj
                0x10001b70                rom_reset_usb_boot_extra
 .text.rom_get_boot_random
                0x10001b8c       0x48 CMakeFiles/your_app.dir/C_/Users/zhasanr/Desktop/pico-sdk/src/rp2_common/pico_bootrom/bootrom.c.obj
                0x10001b8c                rom_get_boot_random
 .text.runtime_init_bootrom_locking_enable
                0x10001bd4       0x14 CMakeFiles/your_app.dir/C_/Users/zhasanr/Desktop/pico-sdk/src/rp2_common/pico_bootrom/bootrom_lock.c.obj
                0x10001bd4                runtime_init_bootrom_locking_enable
 .text.runtime_init_boot_locks_reset
                0x10001be8       0x1c CMakeFiles/your_app.dir/C_/Users/zhasanr/Desktop/pico-sdk/src/rp2_common/hardware_boot_lock/boot_lock.c.obj
                0x10001be8                runtime_init_boot_locks_reset
 .text.xosc_init
                0x10001c04       0x2c CMakeFiles/your_app.dir/C_/Users/zhasanr/Desktop/pico-sdk/src/rp2_common/hardware_xosc/xosc.c.obj
                0x10001c04                xosc_init
 .text.first_per_core_initializer
                0x10001c30        0x4 CMakeFiles/your_app.dir/C_/Users/zhasanr/Desktop/pico-sdk/src/rp2_common/pico_runtime/runtime.c.obj
 .text.hard_assertion_failure
                0x10001c34        0xc CMakeFiles/your_app.dir/C_/Users/zhasanr/Desktop/pico-sdk/src/rp2_common/pico_runtime/runtime.c.obj
                0x10001c34                hard_assertion_failure
 .text.runtime_run_initializers
                0x10001c40       0x20 CMakeFiles/your_app.dir/C_/Users/zhasanr/Desktop/pico-sdk/src/rp2_common/pico_runtime/runtime.c.obj
                0x10001c40                runtime_run_initializers
 .text.runtime_run_per_core_initializers
                0x10001c60       0x20 CMakeFiles/your_app.dir/C_/Users/zhasanr/Desktop/pico-sdk/src/rp2_common/pico_runtime/runtime.c.obj
                0x10001c60                runtime_run_per_core_initializers
 .text.runtime_init_early_resets
                0x10001c80       0x30 CMakeFiles/your_app.dir/C_/Users/zhasanr/Desktop/pico-sdk/src/rp2_common/pico_runtime_init/runtime_init.c.obj
                0x10001c80                runtime_init_early_resets
 .text.runtime_init_usb_power_down
                0x10001cb0       0x1c CMakeFiles/your_app.dir/C_/Users/zhasanr/Desktop/pico-sdk/src/rp2_common/pico_runtime_init/runtime_init.c.obj
                0x10001cb0                runtime_init_usb_power_down
 .text.runtime_init_per_core_enable_coprocessors
                0x10001ccc       0x1c CMakeFiles/your_app.dir/C_/Users/zhasanr/Desktop/pico-sdk/src/rp2_common/pico_runtime_init/runtime_init.c.obj
                0x10001ccc                runtime_init_per_core_enable_coprocessors
 .text.runtime_init_post_clock_resets
                0x10001ce8       0x20 CMakeFiles/your_app.dir/C_/Users/zhasanr/Desktop/pico-sdk/src/rp2_common/pico_runtime_init/runtime_init.c.obj
                0x10001ce8                runtime_init_post_clock_resets
 .text.runtime_init_bootrom_reset
                0x10001d08       0x14 CMakeFiles/your_app.dir/C_/Users/zhasanr/Desktop/pico-sdk/src/rp2_common/pico_runtime_init/runtime_init.c.obj
                0x10001d08                runtime_init_bootrom_reset
 .text.runtime_init_per_core_bootrom_reset
                0x10001d1c       0x14 CMakeFiles/your_app.dir/C_/Users/zhasanr/Desktop/pico-sdk/src/rp2_common/pico_runtime_init/runtime_init.c.obj
                0x10001d1c                runtime_init_per_core_bootrom_reset
 .text.runtime_init_spin_locks_reset
                0x10001d30        0x4 CMakeFiles/your_app.dir/C_/Users/zhasanr/Desktop/pico-sdk/src/rp2_common/pico_runtime_init/runtime_init.c.obj
                0x10001d30                runtime_init_spin_locks_reset
 .text.runtime_init_install_ram_vector_table
                0x10001d34       0x68 CMakeFiles/your_app.dir/C_/Users/zhasanr/Desktop/pico-sdk/src/rp2_common/pico_runtime_init/runtime_init.c.obj
                0x10001d34                runtime_init_install_ram_vector_table
 .text.runtime_init_clocks
                0x10001d9c       0xdc CMakeFiles/your_app.dir/C_/Users/zhasanr/Desktop/pico-sdk/src/rp2_common/pico_runtime_init/runtime_init_clocks.c.obj
                0x10001d9c                runtime_init_clocks
 .text.__rp2350_dcp_engaged_state_save_restore
                0x10001e78       0x3a CMakeFiles/your_app.dir/C_/Users/zhasanr/Desktop/pico-sdk/src/rp2_common/pico_double/double_aeabi_dcp.S.obj
 *fill*         0x10001eb2        0x2 
 .text.__wrap___aeabi_dadd
                0x10001eb4       0x28 CMakeFiles/your_app.dir/C_/Users/zhasanr/Desktop/pico-sdk/src/rp2_common/pico_double/double_aeabi_dcp.S.obj
                0x10001ebc                __wrap___aeabi_dadd
 .text.__wrap___aeabi_dsub
                0x10001edc       0x28 CMakeFiles/your_app.dir/C_/Users/zhasanr/Desktop/pico-sdk/src/rp2_common/pico_double/double_aeabi_dcp.S.obj
                0x10001ee4                __wrap___aeabi_dsub
 .text.__wrap___aeabi_dmul
                0x10001f04       0x4c CMakeFiles/your_app.dir/C_/Users/zhasanr/Desktop/pico-sdk/src/rp2_common/pico_double/double_aeabi_dcp.S.obj
                0x10001f0c                __wrap___aeabi_dmul
 .text.__wrap___aeabi_ddiv
                0x10001f50       0x9c CMakeFiles/your_app.dir/C_/Users/zhasanr/Desktop/pico-sdk/src/rp2_common/pico_double/double_aeabi_dcp.S.obj
                0x10001f58                __wrap___aeabi_ddiv
 .text.__wrap___aeabi_i2d
                0x10001fec       0x24 CMakeFiles/your_app.dir/C_/Users/zhasanr/Desktop/pico-sdk/src/rp2_common/pico_double/double_aeabi_dcp.S.obj
                0x10001ff4                int2double
                0x10001ff4                __wrap___aeabi_i2d
 .text.__wrap___aeabi_ui2d
                0x10002010       0x24 CMakeFiles/your_app.dir/C_/Users/zhasanr/Desktop/pico-sdk/src/rp2_common/pico_double/double_aeabi_dcp.S.obj
                0x10002018                uint2double
                0x10002018                __wrap___aeabi_ui2d
 .text.__wrap___aeabi_d2iz
                0x10002034       0x24 CMakeFiles/your_app.dir/C_/Users/zhasanr/Desktop/pico-sdk/src/rp2_common/pico_double/double_aeabi_dcp.S.obj
                0x1000203c                double2int_z
                0x1000203c                __wrap___aeabi_d2iz
 .text.__wrap___aeabi_d2uiz
                0x10002058       0x24 CMakeFiles/your_app.dir/C_/Users/zhasanr/Desktop/pico-sdk/src/rp2_common/pico_double/double_aeabi_dcp.S.obj
                0x10002060                double2uint
                0x10002060                __wrap___aeabi_d2uiz
                0x10002060                double2uint_z
 .text.__wrap___aeabi_dcmpun
                0x1000207c       0x24 CMakeFiles/your_app.dir/C_/Users/zhasanr/Desktop/pico-sdk/src/rp2_common/pico_double/double_aeabi_dcp.S.obj
                0x10002084                __wrap___aeabi_dcmpun
 .text.__wrap___aeabi_dcmplt
                0x100020a0       0x28 CMakeFiles/your_app.dir/C_/Users/zhasanr/Desktop/pico-sdk/src/rp2_common/pico_double/double_aeabi_dcp.S.obj
                0x100020a8                __wrap___aeabi_dcmplt
 .text.__wrap___aeabi_dcmple
                0x100020c8       0x28 CMakeFiles/your_app.dir/C_/Users/zhasanr/Desktop/pico-sdk/src/rp2_common/pico_double/double_aeabi_dcp.S.obj
                0x100020d0                __wrap___aeabi_dcmple
 .text.__wrap___aeabi_dcmpge
                0x100020f0       0x28 CMakeFiles/your_app.dir/C_/Users/zhasanr/Desktop/pico-sdk/src/rp2_common/pico_double/double_aeabi_dcp.S.obj
                0x100020f8                __wrap___aeabi_dcmpge
 .text.__wrap___aeabi_dcmpgt
                0x10002118       0x28 CMakeFiles/your_app.dir/C_/Users/zhasanr/Desktop/pico-sdk/src/rp2_common/pico_double/double_aeabi_dcp.S.obj
                0x10002120                __wrap___aeabi_dcmpgt
 .text._out_null
                0x10002140        0x4 CMakeFiles/your_app.dir/C_/Users/zhasanr/Desktop/pico-sdk/src/rp2_common/pico_printf/printf.c.obj
 .text._out_rev
                0x10002144       0xa8 CMakeFiles/your_app.dir/C_/Users/zhasanr/Desktop/pico-sdk/src/rp2_common/pico_printf/printf.c.obj
 .text._ntoa_format
                0x100021ec      0x1dc CMakeFiles/your_app.dir/C_/Users/zhasanr/Desktop/pico-sdk/src/rp2_common/pico_printf/printf.c.obj
 .text._out_char
                0x100023c8        0x8 CMakeFiles/your_app.dir/C_/Users/zhasanr/Desktop/pico-sdk/src/rp2_common/pico_printf/printf.c.obj
 .text._out_fct
                0x100023d0        0xc CMakeFiles/your_app.dir/C_/Users/zhasanr/Desktop/pico-sdk/src/rp2_common/pico_printf/printf.c.obj
 *fill*         0x100023dc        0x4 
 .text._ftoa    0x100023e0      0x494 CMakeFiles/your_app.dir/C_/Users/zhasanr/Desktop/pico-sdk/src/rp2_common/pico_printf/printf.c.obj
 *fill*         0x10002874        0x4 
 .text._etoa    0x10002878      0x584 CMakeFiles/your_app.dir/C_/Users/zhasanr/Desktop/pico-sdk/src/rp2_common/pico_printf/printf.c.obj
 .text._vsnprintf
                0x10002dfc      0x9d8 CMakeFiles/your_app.dir/C_/Users/zhasanr/Desktop/pico-sdk/src/rp2_common/pico_printf/printf.c.obj
 .text.vfctprintf
                0x100037d4       0x24 CMakeFiles/your_app.dir/C_/Users/zhasanr/Desktop/pico-sdk/src/rp2_common/pico_printf/printf.c.obj
                0x100037d4                vfctprintf
 .text.weak_raw_vprintf
                0x100037f8       0x30 CMakeFiles/your_app.dir/C_/Users/zhasanr/Desktop/pico-sdk/src/rp2_common/pico_printf/printf.c.obj
                0x100037f8                weak_raw_vprintf
 .text._exit    0x10003828        0x4 CMakeFiles/your_app.dir/C_/Users/zhasanr/Desktop/pico-sdk/src/rp2_common/pico_clib_interface/newlib_interface.c.obj
                0x10003828                _exit
 .text.exit     0x1000382c        0x8 CMakeFiles/your_app.dir/C_/Users/zhasanr/Desktop/pico-sdk/src/rp2_common/pico_clib_interface/newlib_interface.c.obj
                0x1000382c                exit
 .text.runtime_init
                0x10003834       0x24 CMakeFiles/your_app.dir/C_/Users/zhasanr/Desktop/pico-sdk/src/rp2_common/pico_clib_interface/newlib_interface.c.obj
                0x10003834                runtime_init
 .text.stdio_out_chars_no_crlf
                0x10003858        0x8 CMakeFiles/your_app.dir/C_/Users/zhasanr/Desktop/pico-sdk/src/rp2_common/pico_stdio/stdio.c.obj
 .text.stdio_out_chars_crlf
                0x10003860       0xc0 CMakeFiles/your_app.dir/C_/Users/zhasanr/Desktop/pico-sdk/src/rp2_common/pico_stdio/stdio.c.obj
 .text.stdio_buffered_printer
                0x10003920       0x5c CMakeFiles/your_app.dir/C_/Users/zhasanr/Desktop/pico-sdk/src/rp2_common/pico_stdio/stdio.c.obj
 .text.stdio_put_string
                0x1000397c       0xec CMakeFiles/your_app.dir/C_/Users/zhasanr/Desktop/pico-sdk/src/rp2_common/pico_stdio/stdio.c.obj
                0x1000397c                stdio_put_string
 .text.stdio_set_driver_enabled
                0x10003a68       0x28 CMakeFiles/your_app.dir/C_/Users/zhasanr/Desktop/pico-sdk/src/rp2_common/pico_stdio/stdio.c.obj
                0x10003a68                stdio_set_driver_enabled
 .text.stdio_init_all
                0x10003a90        0x4 CMakeFiles/your_app.dir/C_/Users/zhasanr/Desktop/pico-sdk/src/rp2_common/pico_stdio/stdio.c.obj
                0x10003a90                stdio_init_all
 .text.__wrap_putchar
                0x10003a94       0x84 CMakeFiles/your_app.dir/C_/Users/zhasanr/Desktop/pico-sdk/src/rp2_common/pico_stdio/stdio.c.obj
                0x10003a94                __wrap_putchar
                0x10003a94                stdio_putchar
 .text.__wrap_puts
                0x10003b18       0x3c CMakeFiles/your_app.dir/C_/Users/zhasanr/Desktop/pico-sdk/src/rp2_common/pico_stdio/stdio.c.obj
                0x10003b18                stdio_puts
                0x10003b18                __wrap_puts
 .text.__wrap_vprintf
                0x10003b54       0xc0 CMakeFiles/your_app.dir/C_/Users/zhasanr/Desktop/pico-sdk/src/rp2_common/pico_stdio/stdio.c.obj
                0x10003b54                stdio_vprintf
                0x10003b54                __wrap_vprintf
 .text.__wrap_printf
                0x10003c14       0x1c CMakeFiles/your_app.dir/C_/Users/zhasanr/Desktop/pico-sdk/src/rp2_common/pico_stdio/stdio.c.obj
                0x10003c14                __wrap_printf
                0x10003c14                stdio_printf
 .text.resetd_init
                0x10003c30        0x4 CMakeFiles/your_app.dir/C_/Users/zhasanr/Desktop/pico-sdk/src/rp2_common/pico_stdio_usb/reset_interface.c.obj
 .text.resetd_reset
                0x10003c34        0xc CMakeFiles/your_app.dir/C_/Users/zhasanr/Desktop/pico-sdk/src/rp2_common/pico_stdio_usb/reset_interface.c.obj
 .text.resetd_open
                0x10003c40       0x28 CMakeFiles/your_app.dir/C_/Users/zhasanr/Desktop/pico-sdk/src/rp2_common/pico_stdio_usb/reset_interface.c.obj
 .text.resetd_xfer_cb
                0x10003c68        0x4 CMakeFiles/your_app.dir/C_/Users/zhasanr/Desktop/pico-sdk/src/rp2_common/pico_stdio_usb/reset_interface.c.obj
 .text.resetd_control_xfer_cb
                0x10003c6c       0x50 CMakeFiles/your_app.dir/C_/Users/zhasanr/Desktop/pico-sdk/src/rp2_common/pico_stdio_usb/reset_interface.c.obj
 .text.tud_descriptor_bos_cb
                0x10003cbc        0x8 CMakeFiles/your_app.dir/C_/Users/zhasanr/Desktop/pico-sdk/src/rp2_common/pico_stdio_usb/reset_interface.c.obj
                0x10003cbc                tud_descriptor_bos_cb
 .text.tud_vendor_control_xfer_cb
                0x10003cc4       0x28 CMakeFiles/your_app.dir/C_/Users/zhasanr/Desktop/pico-sdk/src/rp2_common/pico_stdio_usb/reset_interface.c.obj
                0x10003cc4                tud_vendor_control_xfer_cb
 .text.usbd_app_driver_get_cb
                0x10003cec       0x10 CMakeFiles/your_app.dir/C_/Users/zhasanr/Desktop/pico-sdk/src/rp2_common/pico_stdio_usb/reset_interface.c.obj
                0x10003cec                usbd_app_driver_get_cb
 .text.tud_cdc_line_coding_cb
                0x10003cfc       0x18 CMakeFiles/your_app.dir/C_/Users/zhasanr/Desktop/pico-sdk/src/rp2_common/pico_stdio_usb/reset_interface.c.obj
                0x10003cfc                tud_cdc_line_coding_cb
 .text.stdio_usb_set_chars_available_callback
                0x10003d14       0x14 CMakeFiles/your_app.dir/C_/Users/zhasanr/Desktop/pico-sdk/src/rp2_common/pico_stdio_usb/stdio_usb.c.obj
                0x10003d14                stdio_usb_set_chars_available_callback
 .text.timer_task
                0x10003d28       0x70 CMakeFiles/your_app.dir/C_/Users/zhasanr/Desktop/pico-sdk/src/rp2_common/pico_stdio_usb/stdio_usb.c.obj
 .text.usb_irq  0x10003d98        0xc CMakeFiles/your_app.dir/C_/Users/zhasanr/Desktop/pico-sdk/src/rp2_common/pico_stdio_usb/stdio_usb.c.obj
 .text.stdio_usb_in_chars
                0x10003da4       0x88 CMakeFiles/your_app.dir/C_/Users/zhasanr/Desktop/pico-sdk/src/rp2_common/pico_stdio_usb/stdio_usb.c.obj
                0x10003da4                stdio_usb_in_chars
 .text.stdio_usb_out_flush
                0x10003e2c       0x54 CMakeFiles/your_app.dir/C_/Users/zhasanr/Desktop/pico-sdk/src/rp2_common/pico_stdio_usb/stdio_usb.c.obj
 .text.stdio_usb_out_chars
                0x10003e80       0xf0 CMakeFiles/your_app.dir/C_/Users/zhasanr/Desktop/pico-sdk/src/rp2_common/pico_stdio_usb/stdio_usb.c.obj
 .text.low_priority_worker_irq
                0x10003f70       0xe8 CMakeFiles/your_app.dir/C_/Users/zhasanr/Desktop/pico-sdk/src/rp2_common/pico_stdio_usb/stdio_usb.c.obj
 .text.stdio_usb_init
                0x10004058       0xf0 CMakeFiles/your_app.dir/C_/Users/zhasanr/Desktop/pico-sdk/src/rp2_common/pico_stdio_usb/stdio_usb.c.obj
                0x10004058                stdio_usb_init
 .text.tud_descriptor_device_cb
                0x10004148        0x8 CMakeFiles/your_app.dir/C_/Users/zhasanr/Desktop/pico-sdk/src/rp2_common/pico_stdio_usb/stdio_usb_descriptors.c.obj
                0x10004148                tud_descriptor_device_cb
 .text.tud_descriptor_configuration_cb
                0x10004150        0x8 CMakeFiles/your_app.dir/C_/Users/zhasanr/Desktop/pico-sdk/src/rp2_common/pico_stdio_usb/stdio_usb_descriptors.c.obj
                0x10004150                tud_descriptor_configuration_cb
 .text.tud_descriptor_string_cb
                0x10004158       0x80 CMakeFiles/your_app.dir/C_/Users/zhasanr/Desktop/pico-sdk/src/rp2_common/pico_stdio_usb/stdio_usb_descriptors.c.obj
                0x10004158                tud_descriptor_string_cb
 .text.startup._retrieve_unique_id_on_boot
                0x100041d8       0x2c CMakeFiles/your_app.dir/C_/Users/zhasanr/Desktop/pico-sdk/src/rp2_common/pico_unique_id/unique_id.c.obj
 .text.pico_get_unique_board_id
                0x10004204       0x10 CMakeFiles/your_app.dir/C_/Users/zhasanr/Desktop/pico-sdk/src/rp2_common/pico_unique_id/unique_id.c.obj
                0x10004204                pico_get_unique_board_id
 .text.pico_get_unique_board_id_string
                0x10004214      0x190 CMakeFiles/your_app.dir/C_/Users/zhasanr/Desktop/pico-sdk/src/rp2_common/pico_unique_id/unique_id.c.obj
                0x10004214                pico_get_unique_board_id_string
 .text.dcd_init
                0x100043a4       0x9c CMakeFiles/your_app.dir/C_/Users/zhasanr/Desktop/pico-sdk/lib/tinyusb/src/portable/raspberrypi/rp2040/dcd_rp2040.c.obj
                0x100043a4                dcd_init
 .text.dcd_int_enable
                0x10004440        0x8 CMakeFiles/your_app.dir/C_/Users/zhasanr/Desktop/pico-sdk/lib/tinyusb/src/portable/raspberrypi/rp2040/dcd_rp2040.c.obj
                0x10004440                dcd_int_enable
 .text.dcd_set_address
                0x10004448       0x10 CMakeFiles/your_app.dir/C_/Users/zhasanr/Desktop/pico-sdk/lib/tinyusb/src/portable/raspberrypi/rp2040/dcd_rp2040.c.obj
                0x10004448                dcd_set_address
 .text.dcd_sof_enable
                0x10004458       0x1c CMakeFiles/your_app.dir/C_/Users/zhasanr/Desktop/pico-sdk/lib/tinyusb/src/portable/raspberrypi/rp2040/dcd_rp2040.c.obj
                0x10004458                dcd_sof_enable
 .text.dcd_edpt0_status_complete
                0x10004474       0x1c CMakeFiles/your_app.dir/C_/Users/zhasanr/Desktop/pico-sdk/lib/tinyusb/src/portable/raspberrypi/rp2040/dcd_rp2040.c.obj
                0x10004474                dcd_edpt0_status_complete
 .text.dcd_edpt_open
                0x10004490      0x10c CMakeFiles/your_app.dir/C_/Users/zhasanr/Desktop/pico-sdk/lib/tinyusb/src/portable/raspberrypi/rp2040/dcd_rp2040.c.obj
                0x10004490                dcd_edpt_open
 .text.dcd_edpt_close_all
                0x1000459c        0x4 CMakeFiles/your_app.dir/C_/Users/zhasanr/Desktop/pico-sdk/lib/tinyusb/src/portable/raspberrypi/rp2040/dcd_rp2040.c.obj
                0x1000459c                dcd_edpt_close_all
 .text.dcd_edpt_xfer
                0x100045a0       0x28 CMakeFiles/your_app.dir/C_/Users/zhasanr/Desktop/pico-sdk/lib/tinyusb/src/portable/raspberrypi/rp2040/dcd_rp2040.c.obj
                0x100045a0                dcd_edpt_xfer
 .text.dcd_edpt_stall
                0x100045c8       0x30 CMakeFiles/your_app.dir/C_/Users/zhasanr/Desktop/pico-sdk/lib/tinyusb/src/portable/raspberrypi/rp2040/dcd_rp2040.c.obj
                0x100045c8                dcd_edpt_stall
 .text.dcd_edpt_clear_stall
                0x100045f8       0x24 CMakeFiles/your_app.dir/C_/Users/zhasanr/Desktop/pico-sdk/lib/tinyusb/src/portable/raspberrypi/rp2040/dcd_rp2040.c.obj
                0x100045f8                dcd_edpt_clear_stall
 .text.rp2040_usb_init
                0x1000461c       0x40 CMakeFiles/your_app.dir/C_/Users/zhasanr/Desktop/pico-sdk/lib/tinyusb/src/portable/raspberrypi/rp2040/rp2040_usb.c.obj
                0x1000461c                rp2040_usb_init
 .text.hw_endpoint_xfer_start
                0x1000465c       0x40 CMakeFiles/your_app.dir/C_/Users/zhasanr/Desktop/pico-sdk/lib/tinyusb/src/portable/raspberrypi/rp2040/rp2040_usb.c.obj
                0x1000465c                hw_endpoint_xfer_start
 .text.configuration_reset
                0x1000469c       0x8c CMakeFiles/your_app.dir/C_/Users/zhasanr/Desktop/pico-sdk/lib/tinyusb/src/device/usbd.c.obj
 .text.tud_event_hook_cb
                0x10004728        0x4 CMakeFiles/your_app.dir/C_/Users/zhasanr/Desktop/pico-sdk/lib/tinyusb/src/device/usbd.c.obj
                0x10004728                tud_event_hook_cb
 .text.tud_sof_cb
                0x1000472c        0x4 CMakeFiles/your_app.dir/C_/Users/zhasanr/Desktop/pico-sdk/lib/tinyusb/src/device/usbd.c.obj
                0x1000472c                tud_sof_cb
 .text.tud_descriptor_device_qualifier_cb
                0x10004730        0x4 CMakeFiles/your_app.dir/C_/Users/zhasanr/Desktop/pico-sdk/lib/tinyusb/src/device/usbd.c.obj
                0x10004730                tud_descriptor_device_qualifier_cb
 .text.tud_descriptor_other_speed_configuration_cb
                0x10004734        0x4 CMakeFiles/your_app.dir/C_/Users/zhasanr/Desktop/pico-sdk/lib/tinyusb/src/device/usbd.c.obj
                0x10004734                tud_descriptor_other_speed_configuration_cb
 .text.tud_mount_cb
                0x10004738        0x4 CMakeFiles/your_app.dir/C_/Users/zhasanr/Desktop/pico-sdk/lib/tinyusb/src/device/usbd.c.obj
                0x10004738                tud_mount_cb
 .text.tud_umount_cb
                0x1000473c        0x4 CMakeFiles/your_app.dir/C_/Users/zhasanr/Desktop/pico-sdk/lib/tinyusb/src/device/usbd.c.obj
                0x1000473c                tud_umount_cb
 .text.tud_suspend_cb
                0x10004740        0x4 CMakeFiles/your_app.dir/C_/Users/zhasanr/Desktop/pico-sdk/lib/tinyusb/src/device/usbd.c.obj
                0x10004740                tud_suspend_cb
 .text.tud_resume_cb
                0x10004744        0x4 CMakeFiles/your_app.dir/C_/Users/zhasanr/Desktop/pico-sdk/lib/tinyusb/src/device/usbd.c.obj
                0x10004744                tud_resume_cb
 .text.tud_mounted
                0x10004748       0x10 CMakeFiles/your_app.dir/C_/Users/zhasanr/Desktop/pico-sdk/lib/tinyusb/src/device/usbd.c.obj
                0x10004748                tud_mounted
 .text.tud_suspended
                0x10004758       0x10 CMakeFiles/your_app.dir/C_/Users/zhasanr/Desktop/pico-sdk/lib/tinyusb/src/device/usbd.c.obj
                0x10004758                tud_suspended
 .text.tud_rhport_init
                0x10004768       0xf0 CMakeFiles/your_app.dir/C_/Users/zhasanr/Desktop/pico-sdk/lib/tinyusb/src/device/usbd.c.obj
                0x10004768                tud_rhport_init
 .text.tud_task_ext
                0x10004858      0x7cc CMakeFiles/your_app.dir/C_/Users/zhasanr/Desktop/pico-sdk/lib/tinyusb/src/device/usbd.c.obj
                0x10004858                tud_task_ext
 .text.usbd_open_edpt_pair
                0x10005024       0xa0 CMakeFiles/your_app.dir/C_/Users/zhasanr/Desktop/pico-sdk/lib/tinyusb/src/device/usbd.c.obj
                0x10005024                usbd_open_edpt_pair
 .text.usbd_edpt_open
                0x100050c4       0x5c CMakeFiles/your_app.dir/C_/Users/zhasanr/Desktop/pico-sdk/lib/tinyusb/src/device/usbd.c.obj
                0x100050c4                usbd_edpt_open
 .text.usbd_edpt_claim
                0x10005120       0x24 CMakeFiles/your_app.dir/C_/Users/zhasanr/Desktop/pico-sdk/lib/tinyusb/src/device/usbd.c.obj
                0x10005120                usbd_edpt_claim
 .text.usbd_edpt_release
                0x10005144       0x24 CMakeFiles/your_app.dir/C_/Users/zhasanr/Desktop/pico-sdk/lib/tinyusb/src/device/usbd.c.obj
                0x10005144                usbd_edpt_release
 .text.usbd_edpt_xfer
                0x10005168       0x70 CMakeFiles/your_app.dir/C_/Users/zhasanr/Desktop/pico-sdk/lib/tinyusb/src/device/usbd.c.obj
                0x10005168                usbd_edpt_xfer
 .text.tud_control_status
                0x100051d8       0x38 CMakeFiles/your_app.dir/C_/Users/zhasanr/Desktop/pico-sdk/lib/tinyusb/src/device/usbd_control.c.obj
                0x100051d8                tud_control_status
 .text.tud_control_xfer
                0x10005210       0xb4 CMakeFiles/your_app.dir/C_/Users/zhasanr/Desktop/pico-sdk/lib/tinyusb/src/device/usbd_control.c.obj
                0x10005210                tud_control_xfer
 .text.usbd_control_reset
                0x100052c4       0x14 CMakeFiles/your_app.dir/C_/Users/zhasanr/Desktop/pico-sdk/lib/tinyusb/src/device/usbd_control.c.obj
                0x100052c4                usbd_control_reset
 .text.usbd_control_set_complete_callback
                0x100052d8        0xc CMakeFiles/your_app.dir/C_/Users/zhasanr/Desktop/pico-sdk/lib/tinyusb/src/device/usbd_control.c.obj
                0x100052d8                usbd_control_set_complete_callback
 .text.usbd_control_set_request
                0x100052e4       0x1c CMakeFiles/your_app.dir/C_/Users/zhasanr/Desktop/pico-sdk/lib/tinyusb/src/device/usbd_control.c.obj
                0x100052e4                usbd_control_set_request
 .text.usbd_control_xfer_cb
                0x10005300      0x104 CMakeFiles/your_app.dir/C_/Users/zhasanr/Desktop/pico-sdk/lib/tinyusb/src/device/usbd_control.c.obj
                0x10005300                usbd_control_xfer_cb
 .text._prep_out_transaction.isra.0
                0x10005404       0x80 CMakeFiles/your_app.dir/C_/Users/zhasanr/Desktop/pico-sdk/lib/tinyusb/src/class/cdc/cdc_device.c.obj
 .text.tud_cdc_n_connected
                0x10005484       0x2c CMakeFiles/your_app.dir/C_/Users/zhasanr/Desktop/pico-sdk/lib/tinyusb/src/class/cdc/cdc_device.c.obj
                0x10005484                tud_cdc_n_connected
 .text.tud_cdc_n_available
                0x100054b0       0x14 CMakeFiles/your_app.dir/C_/Users/zhasanr/Desktop/pico-sdk/lib/tinyusb/src/class/cdc/cdc_device.c.obj
                0x100054b0                tud_cdc_n_available
 .text.tud_cdc_n_read
                0x100054c4       0x8c CMakeFiles/your_app.dir/C_/Users/zhasanr/Desktop/pico-sdk/lib/tinyusb/src/class/cdc/cdc_device.c.obj
                0x100054c4                tud_cdc_n_read
 .text.tud_cdc_n_write_flush
                0x10005550       0x94 CMakeFiles/your_app.dir/C_/Users/zhasanr/Desktop/pico-sdk/lib/tinyusb/src/class/cdc/cdc_device.c.obj
                0x10005550                tud_cdc_n_write_flush
 .text.tud_cdc_n_write
                0x100055e4       0x3c CMakeFiles/your_app.dir/C_/Users/zhasanr/Desktop/pico-sdk/lib/tinyusb/src/class/cdc/cdc_device.c.obj
                0x100055e4                tud_cdc_n_write
 .text.tud_cdc_n_write_available
                0x10005620       0x14 CMakeFiles/your_app.dir/C_/Users/zhasanr/Desktop/pico-sdk/lib/tinyusb/src/class/cdc/cdc_device.c.obj
                0x10005620                tud_cdc_n_write_available
 .text.cdcd_init
                0x10005634       0x74 CMakeFiles/your_app.dir/C_/Users/zhasanr/Desktop/pico-sdk/lib/tinyusb/src/class/cdc/cdc_device.c.obj
                0x10005634                cdcd_init
 .text.cdcd_deinit
                0x100056a8       0x30 CMakeFiles/your_app.dir/C_/Users/zhasanr/Desktop/pico-sdk/lib/tinyusb/src/class/cdc/cdc_device.c.obj
                0x100056a8                cdcd_deinit
 .text.cdcd_reset
                0x100056d8       0x50 CMakeFiles/your_app.dir/C_/Users/zhasanr/Desktop/pico-sdk/lib/tinyusb/src/class/cdc/cdc_device.c.obj
                0x100056d8                cdcd_reset
 .text.cdcd_open
                0x10005728       0xd0 CMakeFiles/your_app.dir/C_/Users/zhasanr/Desktop/pico-sdk/lib/tinyusb/src/class/cdc/cdc_device.c.obj
                0x10005728                cdcd_open
 .text.cdcd_control_xfer_cb
                0x100057f8       0xd0 CMakeFiles/your_app.dir/C_/Users/zhasanr/Desktop/pico-sdk/lib/tinyusb/src/class/cdc/cdc_device.c.obj
                0x100057f8                cdcd_control_xfer_cb
 .text.cdcd_xfer_cb
                0x100058c8       0xf8 CMakeFiles/your_app.dir/C_/Users/zhasanr/Desktop/pico-sdk/lib/tinyusb/src/class/cdc/cdc_device.c.obj
                0x100058c8                cdcd_xfer_cb
 .text.vendord_init
                0x100059c0       0x5c CMakeFiles/your_app.dir/C_/Users/zhasanr/Desktop/pico-sdk/lib/tinyusb/src/class/vendor/vendor_device.c.obj
                0x100059c0                vendord_init
 .text.vendord_deinit
                0x10005a1c       0x1c CMakeFiles/your_app.dir/C_/Users/zhasanr/Desktop/pico-sdk/lib/tinyusb/src/class/vendor/vendor_device.c.obj
                0x10005a1c                vendord_deinit
 .text.vendord_reset
                0x10005a38       0x24 CMakeFiles/your_app.dir/C_/Users/zhasanr/Desktop/pico-sdk/lib/tinyusb/src/class/vendor/vendor_device.c.obj
                0x10005a38                vendord_reset
 .text.vendord_open
                0x10005a5c       0xf4 CMakeFiles/your_app.dir/C_/Users/zhasanr/Desktop/pico-sdk/lib/tinyusb/src/class/vendor/vendor_device.c.obj
                0x10005a5c                vendord_open
 .text.vendord_xfer_cb
                0x10005b50       0x98 CMakeFiles/your_app.dir/C_/Users/zhasanr/Desktop/pico-sdk/lib/tinyusb/src/class/vendor/vendor_device.c.obj
                0x10005b50                vendord_xfer_cb
 .text.tusb_rhport_init
                0x10005be8       0x6c CMakeFiles/your_app.dir/C_/Users/zhasanr/Desktop/pico-sdk/lib/tinyusb/src/tusb.c.obj
                0x10005be8                tusb_rhport_init
 .text.tu_edpt_claim
                0x10005c54       0x60 CMakeFiles/your_app.dir/C_/Users/zhasanr/Desktop/pico-sdk/lib/tinyusb/src/tusb.c.obj
                0x10005c54                tu_edpt_claim
 .text.tu_edpt_release
                0x10005cb4       0x38 CMakeFiles/your_app.dir/C_/Users/zhasanr/Desktop/pico-sdk/lib/tinyusb/src/tusb.c.obj
                0x10005cb4                tu_edpt_release
 .text.tu_edpt_validate
                0x10005cec       0x60 CMakeFiles/your_app.dir/C_/Users/zhasanr/Desktop/pico-sdk/lib/tinyusb/src/tusb.c.obj
                0x10005cec                tu_edpt_validate
 .text.tu_edpt_bind_driver
                0x10005d4c       0x54 CMakeFiles/your_app.dir/C_/Users/zhasanr/Desktop/pico-sdk/lib/tinyusb/src/tusb.c.obj
                0x10005d4c                tu_edpt_bind_driver
 .text.tu_edpt_stream_init
                0x10005da0       0x58 CMakeFiles/your_app.dir/C_/Users/zhasanr/Desktop/pico-sdk/lib/tinyusb/src/tusb.c.obj
                0x10005da0                tu_edpt_stream_init
 .text.tu_edpt_stream_deinit
                0x10005df8        0x4 CMakeFiles/your_app.dir/C_/Users/zhasanr/Desktop/pico-sdk/lib/tinyusb/src/tusb.c.obj
                0x10005df8                tu_edpt_stream_deinit
 .text.tu_edpt_stream_write_zlp_if_needed
                0x10005dfc       0x6c CMakeFiles/your_app.dir/C_/Users/zhasanr/Desktop/pico-sdk/lib/tinyusb/src/tusb.c.obj
                0x10005dfc                tu_edpt_stream_write_zlp_if_needed
 .text.tu_edpt_stream_write_xfer
                0x10005e68       0x74 CMakeFiles/your_app.dir/C_/Users/zhasanr/Desktop/pico-sdk/lib/tinyusb/src/tusb.c.obj
                0x10005e68                tu_edpt_stream_write_xfer
 .text.tu_edpt_stream_read_xfer
                0x10005edc       0xd0 CMakeFiles/your_app.dir/C_/Users/zhasanr/Desktop/pico-sdk/lib/tinyusb/src/tusb.c.obj
                0x10005edc                tu_edpt_stream_read_xfer
 .text.tu_fifo_config
                0x10005fac       0x60 CMakeFiles/your_app.dir/C_/Users/zhasanr/Desktop/pico-sdk/lib/tinyusb/src/common/tusb_fifo.c.obj
                0x10005fac                tu_fifo_config
 .text.tu_fifo_count
                0x1000600c       0x20 CMakeFiles/your_app.dir/C_/Users/zhasanr/Desktop/pico-sdk/lib/tinyusb/src/common/tusb_fifo.c.obj
                0x1000600c                tu_fifo_count
 .text.tu_fifo_empty
                0x1000602c       0x14 CMakeFiles/your_app.dir/C_/Users/zhasanr/Desktop/pico-sdk/lib/tinyusb/src/common/tusb_fifo.c.obj
                0x1000602c                tu_fifo_empty
 .text.tu_fifo_remaining
                0x10006040       0x24 CMakeFiles/your_app.dir/C_/Users/zhasanr/Desktop/pico-sdk/lib/tinyusb/src/common/tusb_fifo.c.obj
                0x10006040                tu_fifo_remaining
 .text.tu_fifo_read
                0x10006064       0x9c CMakeFiles/your_app.dir/C_/Users/zhasanr/Desktop/pico-sdk/lib/tinyusb/src/common/tusb_fifo.c.obj
                0x10006064                tu_fifo_read
 .text.tu_fifo_read_n
                0x10006100       0xe0 CMakeFiles/your_app.dir/C_/Users/zhasanr/Desktop/pico-sdk/lib/tinyusb/src/common/tusb_fifo.c.obj
                0x10006100                tu_fifo_read_n
 .text.tu_fifo_write
                0x100061e0       0xa8 CMakeFiles/your_app.dir/C_/Users/zhasanr/Desktop/pico-sdk/lib/tinyusb/src/common/tusb_fifo.c.obj
                0x100061e0                tu_fifo_write
 .text.tu_fifo_write_n
                0x10006288      0x150 CMakeFiles/your_app.dir/C_/Users/zhasanr/Desktop/pico-sdk/lib/tinyusb/src/common/tusb_fifo.c.obj
                0x10006288                tu_fifo_write_n
 .text.tu_fifo_clear
                0x100063d8       0x38 CMakeFiles/your_app.dir/C_/Users/zhasanr/Desktop/pico-sdk/lib/tinyusb/src/common/tusb_fifo.c.obj
                0x100063d8                tu_fifo_clear
 .text.tu_fifo_set_overwritable
                0x10006410       0x3c CMakeFiles/your_app.dir/C_/Users/zhasanr/Desktop/pico-sdk/lib/tinyusb/src/common/tusb_fifo.c.obj
                0x10006410                tu_fifo_set_overwritable
 .text.pvPortMalloc
                0x1000644c      0x148 CMakeFiles/your_app.dir/FreeRTOS-Kernel/portable/MemMang/heap_4.c.obj
                0x1000644c                pvPortMalloc
 .text.vPortFree
                0x10006594       0xc0 CMakeFiles/your_app.dir/FreeRTOS-Kernel/portable/MemMang/heap_4.c.obj
                0x10006594                vPortFree
 .text.pvPortCalloc
                0x10006654       0x34 CMakeFiles/your_app.dir/FreeRTOS-Kernel/portable/MemMang/heap_4.c.obj
                0x10006654                pvPortCalloc
 .text.prvDoorbellInterruptHandler
                0x10006688       0x30 CMakeFiles/your_app.dir/FreeRTOS-Kernel/portable/ThirdParty/GCC/RP2350_ARM_NTZ/non_secure/port.c.obj
 .text.prvTaskExitError
                0x100066b8       0x18 CMakeFiles/your_app.dir/FreeRTOS-Kernel/portable/ThirdParty/GCC/RP2350_ARM_NTZ/non_secure/port.c.obj
 .text.SysTick_Handler
                0x100066d0       0x24 CMakeFiles/your_app.dir/FreeRTOS-Kernel/portable/ThirdParty/GCC/RP2350_ARM_NTZ/non_secure/port.c.obj
                0x100066d0                SysTick_Handler
 .text.vPortSetupTimerInterrupt
                0x100066f4       0x2c CMakeFiles/your_app.dir/FreeRTOS-Kernel/portable/ThirdParty/GCC/RP2350_ARM_NTZ/non_secure/port.c.obj
                0x100066f4                vPortSetupTimerInterrupt
 .text.xPortStartSchedulerOnCore.isra.0
                0x10006720      0x108 CMakeFiles/your_app.dir/FreeRTOS-Kernel/portable/ThirdParty/GCC/RP2350_ARM_NTZ/non_secure/port.c.obj
 .text.prvDisableInterruptsAndPortStartSchedulerOnCore
                0x10006828       0x10 CMakeFiles/your_app.dir/FreeRTOS-Kernel/portable/ThirdParty/GCC/RP2350_ARM_NTZ/non_secure/port.c.obj
 .text.vPortYield
                0x10006838       0x18 CMakeFiles/your_app.dir/FreeRTOS-Kernel/portable/ThirdParty/GCC/RP2350_ARM_NTZ/non_secure/port.c.obj
                0x10006838                vPortYield
 .text.vPortSVCHandler_C
                0x10006850       0x2c CMakeFiles/your_app.dir/FreeRTOS-Kernel/portable/ThirdParty/GCC/RP2350_ARM_NTZ/non_secure/port.c.obj
                0x10006850                vPortSVCHandler_C
 .text.pxPortInitialiseStack
                0x1000687c       0x7c CMakeFiles/your_app.dir/FreeRTOS-Kernel/portable/ThirdParty/GCC/RP2350_ARM_NTZ/non_secure/port.c.obj
                0x1000687c                pxPortInitialiseStack
 .text.xPortStartScheduler
                0x100068f8       0x50 CMakeFiles/your_app.dir/FreeRTOS-Kernel/portable/ThirdParty/GCC/RP2350_ARM_NTZ/non_secure/port.c.obj
                0x100068f8                xPortStartScheduler
 .text.vPortValidateInterruptPriority
                0x10006948       0x14 CMakeFiles/your_app.dir/FreeRTOS-Kernel/portable/ThirdParty/GCC/RP2350_ARM_NTZ/non_secure/port.c.obj
                0x10006948                vPortValidateInterruptPriority
 .text.ulPortLockGetCurrentOwnerId
                0x1000695c       0x2c CMakeFiles/your_app.dir/FreeRTOS-Kernel/portable/ThirdParty/GCC/RP2350_ARM_NTZ/non_secure/port.c.obj
                0x1000695c                ulPortLockGetCurrentOwnerId
 .text.vPortLockInternalSpinUnlockWithNotify
                0x10006988       0x90 CMakeFiles/your_app.dir/FreeRTOS-Kernel/portable/ThirdParty/GCC/RP2350_ARM_NTZ/non_secure/port.c.obj
                0x10006988                vPortLockInternalSpinUnlockWithNotify
 .text.xPortLockInternalSpinUnlockWithBestEffortWaitOrTimeout
                0x10006a18       0xf8 CMakeFiles/your_app.dir/FreeRTOS-Kernel/portable/ThirdParty/GCC/RP2350_ARM_NTZ/non_secure/port.c.obj
                0x10006a18                xPortLockInternalSpinUnlockWithBestEffortWaitOrTimeout
 .text.startup.prvRuntimeInitializer
                0x10006b10       0x10 CMakeFiles/your_app.dir/FreeRTOS-Kernel/portable/ThirdParty/GCC/RP2350_ARM_NTZ/non_secure/port.c.obj
 .text.vYieldCore
                0x10006b20       0x18 CMakeFiles/your_app.dir/FreeRTOS-Kernel/portable/ThirdParty/GCC/RP2350_ARM_NTZ/non_secure/port.c.obj
                0x10006b20                vYieldCore
 *fill*         0x10006b38        0x8 
 .text.vRestoreContextOfFirstTask
                0x10006b40       0x38 CMakeFiles/your_app.dir/FreeRTOS-Kernel/portable/ThirdParty/GCC/RP2350_ARM_NTZ/non_secure/portasm.c.obj
                0x10006b40                vRestoreContextOfFirstTask
 .text.vStartFirstTask
                0x10006b78       0x10 CMakeFiles/your_app.dir/FreeRTOS-Kernel/portable/ThirdParty/GCC/RP2350_ARM_NTZ/non_secure/portasm.c.obj
                0x10006b78                vStartFirstTask
 .text.ulSetInterruptMask
                0x10006b88       0x18 CMakeFiles/your_app.dir/FreeRTOS-Kernel/portable/ThirdParty/GCC/RP2350_ARM_NTZ/non_secure/portasm.c.obj
                0x10006b88                ulSetInterruptMask
 .text.vClearInterruptMask
                0x10006ba0       0x10 CMakeFiles/your_app.dir/FreeRTOS-Kernel/portable/ThirdParty/GCC/RP2350_ARM_NTZ/non_secure/portasm.c.obj
                0x10006ba0                vClearInterruptMask
 .text.PendSV_Handler
                0x10006bb0       0x98 CMakeFiles/your_app.dir/FreeRTOS-Kernel/portable/ThirdParty/GCC/RP2350_ARM_NTZ/non_secure/portasm.c.obj
                0x10006bb0                PendSV_Handler
 .text.SVC_Handler
                0x10006c48       0x18 CMakeFiles/your_app.dir/FreeRTOS-Kernel/portable/ThirdParty/GCC/RP2350_ARM_NTZ/non_secure/portasm.c.obj
                0x10006c48                SVC_Handler
 .text.vEventGroupSetBitsCallback
                0x10006c60       0x6c CMakeFiles/your_app.dir/FreeRTOS-Kernel/event_groups.c.obj
                0x10006c60                vEventGroupSetBitsCallback
 .text.xEventGroupCreate
                0x10006ccc       0x24 CMakeFiles/your_app.dir/FreeRTOS-Kernel/event_groups.c.obj
                0x10006ccc                xEventGroupCreate
 .text.xEventGroupWaitBits
                0x10006cf0       0xac CMakeFiles/your_app.dir/FreeRTOS-Kernel/event_groups.c.obj
                0x10006cf0                xEventGroupWaitBits
 .text.xEventGroupSetBits
                0x10006d9c       0x6c CMakeFiles/your_app.dir/FreeRTOS-Kernel/event_groups.c.obj
                0x10006d9c                xEventGroupSetBits
 .text.xEventGroupSetBitsFromISR
                0x10006e08       0x18 CMakeFiles/your_app.dir/FreeRTOS-Kernel/event_groups.c.obj
                0x10006e08                xEventGroupSetBitsFromISR
 .text.vListInitialise
                0x10006e20       0x18 CMakeFiles/your_app.dir/FreeRTOS-Kernel/list.c.obj
                0x10006e20                vListInitialise
 .text.vListInitialiseItem
                0x10006e38        0x8 CMakeFiles/your_app.dir/FreeRTOS-Kernel/list.c.obj
                0x10006e38                vListInitialiseItem
 .text.vListInsertEnd
                0x10006e40       0x1c CMakeFiles/your_app.dir/FreeRTOS-Kernel/list.c.obj
                0x10006e40                vListInsertEnd
 .text.vListInsert
                0x10006e5c       0x38 CMakeFiles/your_app.dir/FreeRTOS-Kernel/list.c.obj
                0x10006e5c                vListInsert
 .text.uxListRemove
                0x10006e94       0x24 CMakeFiles/your_app.dir/FreeRTOS-Kernel/list.c.obj
                0x10006e94                uxListRemove
 .text.prvCopyDataToQueue
                0x10006eb8       0x7c CMakeFiles/your_app.dir/FreeRTOS-Kernel/queue.c.obj
 .text.prvUnlockQueue
                0x10006f34      0x17c CMakeFiles/your_app.dir/FreeRTOS-Kernel/queue.c.obj
 .text.prvNotifyQueueSetContainer
                0x100070b0       0x9c CMakeFiles/your_app.dir/FreeRTOS-Kernel/queue.c.obj
 .text.xQueueGenericCreate
                0x1000714c       0xa0 CMakeFiles/your_app.dir/FreeRTOS-Kernel/queue.c.obj
                0x1000714c                xQueueGenericCreate
 .text.xQueueGetMutexHolder
                0x100071ec       0x24 CMakeFiles/your_app.dir/FreeRTOS-Kernel/queue.c.obj
                0x100071ec                xQueueGetMutexHolder
 .text.xQueueGenericSend
                0x10007210      0x114 CMakeFiles/your_app.dir/FreeRTOS-Kernel/queue.c.obj
                0x10007210                xQueueGenericSend
 .text.xQueueCreateMutex
                0x10007324       0x70 CMakeFiles/your_app.dir/FreeRTOS-Kernel/queue.c.obj
                0x10007324                xQueueCreateMutex
 .text.xQueueGiveMutexRecursive
                0x10007394       0x2c CMakeFiles/your_app.dir/FreeRTOS-Kernel/queue.c.obj
                0x10007394                xQueueGiveMutexRecursive
 .text.xQueueGenericSendFromISR
                0x100073c0       0x98 CMakeFiles/your_app.dir/FreeRTOS-Kernel/queue.c.obj
                0x100073c0                xQueueGenericSendFromISR
 .text.xQueueGiveFromISR
                0x10007458       0x8c CMakeFiles/your_app.dir/FreeRTOS-Kernel/queue.c.obj
                0x10007458                xQueueGiveFromISR
 .text.xQueueReceive
                0x100074e4       0xfc CMakeFiles/your_app.dir/FreeRTOS-Kernel/queue.c.obj
                0x100074e4                xQueueReceive
 .text.xQueueSemaphoreTake
                0x100075e0      0x12c CMakeFiles/your_app.dir/FreeRTOS-Kernel/queue.c.obj
                0x100075e0                xQueueSemaphoreTake
 .text.xQueueTakeMutexRecursive
                0x1000770c       0x24 CMakeFiles/your_app.dir/FreeRTOS-Kernel/queue.c.obj
                0x1000770c                xQueueTakeMutexRecursive
 .text.vQueueDelete
                0x10007730       0x74 CMakeFiles/your_app.dir/FreeRTOS-Kernel/queue.c.obj
                0x10007730                vQueueDelete
 .text.vQueueAddToRegistry
                0x100077a4      0x12c CMakeFiles/your_app.dir/FreeRTOS-Kernel/queue.c.obj
                0x100077a4                vQueueAddToRegistry
 .text.vQueueWaitForMessageRestricted
                0x100078d0       0x50 CMakeFiles/your_app.dir/FreeRTOS-Kernel/queue.c.obj
                0x100078d0                vQueueWaitForMessageRestricted
 .text.prvPassiveIdleTask
                0x10007920       0x20 CMakeFiles/your_app.dir/FreeRTOS-Kernel/tasks.c.obj
 .text.prvYieldForTask
                0x10007940      0x10c CMakeFiles/your_app.dir/FreeRTOS-Kernel/tasks.c.obj
 .text.vTaskExitCritical.part.0
                0x10007a4c       0x8c CMakeFiles/your_app.dir/FreeRTOS-Kernel/tasks.c.obj
 .text.prvCreateTask
                0x10007ad8      0x13c CMakeFiles/your_app.dir/FreeRTOS-Kernel/tasks.c.obj
 .text.prvCheckForRunStateChange
                0x10007c14      0x15c CMakeFiles/your_app.dir/FreeRTOS-Kernel/tasks.c.obj
 .text.vTaskSuspendAll.part.0
                0x10007d70      0x124 CMakeFiles/your_app.dir/FreeRTOS-Kernel/tasks.c.obj
 .text.vTaskEnterCriticalFromISR.part.0
                0x10007e94       0xa8 CMakeFiles/your_app.dir/FreeRTOS-Kernel/tasks.c.obj
 .text.prvCheckTasksWaitingTermination
                0x10007f3c      0x190 CMakeFiles/your_app.dir/FreeRTOS-Kernel/tasks.c.obj
 .text.prvIdleTask
                0x100080cc       0x1c CMakeFiles/your_app.dir/FreeRTOS-Kernel/tasks.c.obj
 .text.prvAddCurrentTaskToDelayedList
                0x100080e8      0x150 CMakeFiles/your_app.dir/FreeRTOS-Kernel/tasks.c.obj
 .text.vTaskCoreAffinitySet
                0x10008238      0x1c0 CMakeFiles/your_app.dir/FreeRTOS-Kernel/tasks.c.obj
                0x10008238                vTaskCoreAffinitySet
 .text.vTaskSuspendAll
                0x100083f8       0x10 CMakeFiles/your_app.dir/FreeRTOS-Kernel/tasks.c.obj
                0x100083f8                vTaskSuspendAll
 .text.xTaskGetTickCount
                0x10008408        0xc CMakeFiles/your_app.dir/FreeRTOS-Kernel/tasks.c.obj
                0x10008408                xTaskGetTickCount
 .text.uxTaskGetNumberOfTasks
                0x10008414        0xc CMakeFiles/your_app.dir/FreeRTOS-Kernel/tasks.c.obj
                0x10008414                uxTaskGetNumberOfTasks
 .text.xTaskIncrementTick
                0x10008420      0x23c CMakeFiles/your_app.dir/FreeRTOS-Kernel/tasks.c.obj
                0x10008420                xTaskIncrementTick
 .text.vTaskSwitchContext
                0x1000865c      0x370 CMakeFiles/your_app.dir/FreeRTOS-Kernel/tasks.c.obj
                0x1000865c                vTaskSwitchContext
 .text.vTaskPlaceOnEventList
                0x100089cc       0x34 CMakeFiles/your_app.dir/FreeRTOS-Kernel/tasks.c.obj
                0x100089cc                vTaskPlaceOnEventList
 .text.vTaskPlaceOnUnorderedEventList
                0x10008a00       0xac CMakeFiles/your_app.dir/FreeRTOS-Kernel/tasks.c.obj
                0x10008a00                vTaskPlaceOnUnorderedEventList
 .text.vTaskPlaceOnEventListRestricted
                0x10008aac       0xa0 CMakeFiles/your_app.dir/FreeRTOS-Kernel/tasks.c.obj
                0x10008aac                vTaskPlaceOnEventListRestricted
 .text.xTaskRemoveFromEventList
                0x10008b4c       0xe4 CMakeFiles/your_app.dir/FreeRTOS-Kernel/tasks.c.obj
                0x10008b4c                xTaskRemoveFromEventList
 .text.vTaskInternalSetTimeOutState
                0x10008c30       0x18 CMakeFiles/your_app.dir/FreeRTOS-Kernel/tasks.c.obj
                0x10008c30                vTaskInternalSetTimeOutState
 .text.vTaskMissedYield
                0x10008c48       0x14 CMakeFiles/your_app.dir/FreeRTOS-Kernel/tasks.c.obj
                0x10008c48                vTaskMissedYield
 .text.xTaskGetCurrentTaskHandle
                0x10008c5c       0x20 CMakeFiles/your_app.dir/FreeRTOS-Kernel/tasks.c.obj
                0x10008c5c                xTaskGetCurrentTaskHandle
 .text.xTaskGetSchedulerState
                0x10008c7c      0x154 CMakeFiles/your_app.dir/FreeRTOS-Kernel/tasks.c.obj
                0x10008c7c                xTaskGetSchedulerState
 .text.xTaskPriorityInherit
                0x10008dd0      0x12c CMakeFiles/your_app.dir/FreeRTOS-Kernel/tasks.c.obj
                0x10008dd0                xTaskPriorityInherit
 .text.xTaskPriorityDisinherit
                0x10008efc       0xd0 CMakeFiles/your_app.dir/FreeRTOS-Kernel/tasks.c.obj
                0x10008efc                xTaskPriorityDisinherit
 .text.vTaskPriorityDisinheritAfterTimeout
                0x10008fcc       0xe8 CMakeFiles/your_app.dir/FreeRTOS-Kernel/tasks.c.obj
                0x10008fcc                vTaskPriorityDisinheritAfterTimeout
 .text.vTaskYieldWithinAPI
                0x100090b4       0x24 CMakeFiles/your_app.dir/FreeRTOS-Kernel/tasks.c.obj
                0x100090b4                vTaskYieldWithinAPI
 .text.vTaskEnterCritical
                0x100090d8      0x11c CMakeFiles/your_app.dir/FreeRTOS-Kernel/tasks.c.obj
                0x100090d8                vTaskEnterCritical
 .text.prvAddNewTaskToReadyList
                0x100091f4       0xf8 CMakeFiles/your_app.dir/FreeRTOS-Kernel/tasks.c.obj
 .text.xTaskCreate
                0x100092ec       0x2c CMakeFiles/your_app.dir/FreeRTOS-Kernel/tasks.c.obj
                0x100092ec                xTaskCreate
 .text.xTaskCreateAffinitySet
                0x10009318       0x28 CMakeFiles/your_app.dir/FreeRTOS-Kernel/tasks.c.obj
                0x10009318                xTaskCreateAffinitySet
 .text.vTaskStartScheduler
                0x10009340       0xc4 CMakeFiles/your_app.dir/FreeRTOS-Kernel/tasks.c.obj
                0x10009340                vTaskStartScheduler
 .text.vTaskDelete
                0x10009404      0x168 CMakeFiles/your_app.dir/FreeRTOS-Kernel/tasks.c.obj
                0x10009404                vTaskDelete
 .text.xTaskResumeAll.part.0
                0x1000956c      0x1a4 CMakeFiles/your_app.dir/FreeRTOS-Kernel/tasks.c.obj
 .text.xTaskResumeAll
                0x10009710       0x10 CMakeFiles/your_app.dir/FreeRTOS-Kernel/tasks.c.obj
                0x10009710                xTaskResumeAll
 .text.vTaskDelay
                0x10009720       0x5c CMakeFiles/your_app.dir/FreeRTOS-Kernel/tasks.c.obj
                0x10009720                vTaskDelay
 .text.vTaskRemoveFromUnorderedEventList
                0x1000977c       0xa0 CMakeFiles/your_app.dir/FreeRTOS-Kernel/tasks.c.obj
                0x1000977c                vTaskRemoveFromUnorderedEventList
 .text.xTaskCheckForTimeOut
                0x1000981c       0xa8 CMakeFiles/your_app.dir/FreeRTOS-Kernel/tasks.c.obj
                0x1000981c                xTaskCheckForTimeOut
 .text.vTaskEnterCriticalFromISR
                0x100098c4       0xa0 CMakeFiles/your_app.dir/FreeRTOS-Kernel/tasks.c.obj
                0x100098c4                vTaskEnterCriticalFromISR
 .text.vTaskExitCritical
                0x10009964       0x98 CMakeFiles/your_app.dir/FreeRTOS-Kernel/tasks.c.obj
                0x10009964                vTaskExitCritical
 .text.vTaskExitCriticalFromISR
                0x100099fc       0x60 CMakeFiles/your_app.dir/FreeRTOS-Kernel/tasks.c.obj
                0x100099fc                vTaskExitCriticalFromISR
 .text.uxTaskResetEventItemValue
                0x10009a5c       0x44 CMakeFiles/your_app.dir/FreeRTOS-Kernel/tasks.c.obj
                0x10009a5c                uxTaskResetEventItemValue
 .text.pvTaskIncrementMutexHeldCount
                0x10009aa0       0x28 CMakeFiles/your_app.dir/FreeRTOS-Kernel/tasks.c.obj
                0x10009aa0                pvTaskIncrementMutexHeldCount
 .text.ulTaskGenericNotifyTake
                0x10009ac8      0x14c CMakeFiles/your_app.dir/FreeRTOS-Kernel/tasks.c.obj
                0x10009ac8                ulTaskGenericNotifyTake
 .text.xTaskGenericNotify
                0x10009c14      0x20c CMakeFiles/your_app.dir/FreeRTOS-Kernel/tasks.c.obj
                0x10009c14                xTaskGenericNotify
 .text.vTaskGenericNotifyGiveFromISR
                0x10009e20      0x15c CMakeFiles/your_app.dir/FreeRTOS-Kernel/tasks.c.obj
                0x10009e20                vTaskGenericNotifyGiveFromISR
 .text.prvTimerTask
                0x10009f7c      0x350 CMakeFiles/your_app.dir/FreeRTOS-Kernel/timers.c.obj
 .text.xTimerCreateTimerTask
                0x1000a2cc       0x8c CMakeFiles/your_app.dir/FreeRTOS-Kernel/timers.c.obj
                0x1000a2cc                xTimerCreateTimerTask
 .text.xTimerCreate
                0x1000a358       0xa0 CMakeFiles/your_app.dir/FreeRTOS-Kernel/timers.c.obj
                0x1000a358                xTimerCreate
 .text.xTimerGenericCommandFromTask
                0x1000a3f8       0x40 CMakeFiles/your_app.dir/FreeRTOS-Kernel/timers.c.obj
                0x1000a3f8                xTimerGenericCommandFromTask
 .text.pvTimerGetTimerID
                0x1000a438       0x1c CMakeFiles/your_app.dir/FreeRTOS-Kernel/timers.c.obj
                0x1000a438                pvTimerGetTimerID
 .text.xTimerPendFunctionCallFromISR
                0x1000a454       0x30 CMakeFiles/your_app.dir/FreeRTOS-Kernel/timers.c.obj
                0x1000a454                xTimerPendFunctionCallFromISR
 .text.exception_set_exclusive_handler
                0x1000a484       0x64 CMakeFiles/your_app.dir/C_/Users/zhasanr/Desktop/pico-sdk/src/rp2_common/hardware_exception/exception.c.obj
                0x1000a484                exception_set_exclusive_handler
 .text.core1_trampoline
                0x1000a4e8        0x4 CMakeFiles/your_app.dir/C_/Users/zhasanr/Desktop/pico-sdk/src/rp2_common/pico_multicore/multicore.c.obj
 .text.core1_wrapper
                0x1000a4ec       0x14 CMakeFiles/your_app.dir/C_/Users/zhasanr/Desktop/pico-sdk/src/rp2_common/pico_multicore/multicore.c.obj
                0x1000a4ec                core1_wrapper
 .text.multicore_launch_core1_raw
                0x1000a500       0x80 CMakeFiles/your_app.dir/C_/Users/zhasanr/Desktop/pico-sdk/src/rp2_common/pico_multicore/multicore.c.obj
                0x1000a500                multicore_launch_core1_raw
 .text.multicore_launch_core1
                0x1000a580       0x48 CMakeFiles/your_app.dir/C_/Users/zhasanr/Desktop/pico-sdk/src/rp2_common/pico_multicore/multicore.c.obj
                0x1000a580                multicore_launch_core1
 .text.multicore_doorbell_claim_unused
                0x1000a5c8       0xf8 CMakeFiles/your_app.dir/C_/Users/zhasanr/Desktop/pico-sdk/src/rp2_common/pico_multicore/multicore.c.obj
                0x1000a5c8                multicore_doorbell_claim_unused
 .text.clear_lwip_context
                0x1000a6c0        0xc CMakeFiles/your_app.dir/C_/Users/zhasanr/Desktop/pico-sdk/src/rp2_common/pico_lwip/lwip_freertos.c.obj
 .text.tcpip_init_done
                0x1000a6cc        0xc CMakeFiles/your_app.dir/C_/Users/zhasanr/Desktop/pico-sdk/src/rp2_common/pico_lwip/lwip_freertos.c.obj
 .text.lwip_freertos_init
                0x1000a6d8       0x70 CMakeFiles/your_app.dir/C_/Users/zhasanr/Desktop/pico-sdk/src/rp2_common/pico_lwip/lwip_freertos.c.obj
                0x1000a6d8                lwip_freertos_init
 .text.lwip_freertos_deinit
                0x1000a748       0x10 CMakeFiles/your_app.dir/C_/Users/zhasanr/Desktop/pico-sdk/src/rp2_common/pico_lwip/lwip_freertos.c.obj
                0x1000a748                lwip_freertos_deinit
 .text.pico_lwip_custom_lock_tcpip_core
                0x1000a758       0x30 CMakeFiles/your_app.dir/C_/Users/zhasanr/Desktop/pico-sdk/src/rp2_common/pico_lwip/lwip_freertos.c.obj
                0x1000a758                pico_lwip_custom_lock_tcpip_core
 .text.pico_lwip_custom_unlock_tcpip_core
                0x1000a788       0x10 CMakeFiles/your_app.dir/C_/Users/zhasanr/Desktop/pico-sdk/src/rp2_common/pico_lwip/lwip_freertos.c.obj
                0x1000a788                pico_lwip_custom_unlock_tcpip_core
 .text.async_context_base_add_at_time_worker
                0x1000a798       0x24 CMakeFiles/your_app.dir/C_/Users/zhasanr/Desktop/pico-sdk/src/rp2_common/pico_async_context/async_context_base.c.obj
                0x1000a798                async_context_base_add_at_time_worker
 .text.async_context_base_remove_at_time_worker
                0x1000a7bc       0x20 CMakeFiles/your_app.dir/C_/Users/zhasanr/Desktop/pico-sdk/src/rp2_common/pico_async_context/async_context_base.c.obj
                0x1000a7bc                async_context_base_remove_at_time_worker
 .text.async_context_base_add_when_pending_worker
                0x1000a7dc       0x20 CMakeFiles/your_app.dir/C_/Users/zhasanr/Desktop/pico-sdk/src/rp2_common/pico_async_context/async_context_base.c.obj
                0x1000a7dc                async_context_base_add_when_pending_worker
 .text.async_context_base_remove_when_pending_worker
                0x1000a7fc       0x20 CMakeFiles/your_app.dir/C_/Users/zhasanr/Desktop/pico-sdk/src/rp2_common/pico_async_context/async_context_base.c.obj
                0x1000a7fc                async_context_base_remove_when_pending_worker
 .text.async_context_base_execute_once
                0x1000a81c       0xd8 CMakeFiles/your_app.dir/C_/Users/zhasanr/Desktop/pico-sdk/src/rp2_common/pico_async_context/async_context_base.c.obj
                0x1000a81c                async_context_base_execute_once
 .text.lwip_init
                0x1000a8f4       0x28 CMakeFiles/your_app.dir/C_/Users/zhasanr/Desktop/pico-sdk/lib/lwip/src/core/init.c.obj
                0x1000a8f4                lwip_init
 .text.lwip_htons
                0x1000a91c        0x8 CMakeFiles/your_app.dir/C_/Users/zhasanr/Desktop/pico-sdk/lib/lwip/src/core/def.c.obj
                0x1000a91c                lwip_htons
 .text.lwip_htonl
                0x1000a924        0x4 CMakeFiles/your_app.dir/C_/Users/zhasanr/Desktop/pico-sdk/lib/lwip/src/core/def.c.obj
                0x1000a924                lwip_htonl
 .text.lwip_standard_chksum
                0x1000a928       0x74 CMakeFiles/your_app.dir/C_/Users/zhasanr/Desktop/pico-sdk/lib/lwip/src/core/inet_chksum.c.obj
                0x1000a928                lwip_standard_chksum
 .text.inet_chksum_pseudo
                0x1000a99c       0x88 CMakeFiles/your_app.dir/C_/Users/zhasanr/Desktop/pico-sdk/lib/lwip/src/core/inet_chksum.c.obj
                0x1000a99c                inet_chksum_pseudo
 .text.ip_chksum_pseudo
                0x1000aa24        0x4 CMakeFiles/your_app.dir/C_/Users/zhasanr/Desktop/pico-sdk/lib/lwip/src/core/inet_chksum.c.obj
                0x1000aa24                ip_chksum_pseudo
 .text.inet_chksum
                0x1000aa28       0x8c CMakeFiles/your_app.dir/C_/Users/zhasanr/Desktop/pico-sdk/lib/lwip/src/core/inet_chksum.c.obj
                0x1000aa28                inet_chksum
 .text.inet_chksum_pbuf
                0x1000aab4       0x48 CMakeFiles/your_app.dir/C_/Users/zhasanr/Desktop/pico-sdk/lib/lwip/src/core/inet_chksum.c.obj
                0x1000aab4                inet_chksum_pbuf
 .text.mem_init
                0x1000aafc       0x68 CMakeFiles/your_app.dir/C_/Users/zhasanr/Desktop/pico-sdk/lib/lwip/src/core/mem.c.obj
                0x1000aafc                mem_init
 .text.mem_free
                0x1000ab64      0x168 CMakeFiles/your_app.dir/C_/Users/zhasanr/Desktop/pico-sdk/lib/lwip/src/core/mem.c.obj
                0x1000ab64                mem_free
 .text.mem_trim
                0x1000accc      0x170 CMakeFiles/your_app.dir/C_/Users/zhasanr/Desktop/pico-sdk/lib/lwip/src/core/mem.c.obj
                0x1000accc                mem_trim
 .text.mem_malloc
                0x1000ae3c      0x180 CMakeFiles/your_app.dir/C_/Users/zhasanr/Desktop/pico-sdk/lib/lwip/src/core/mem.c.obj
                0x1000ae3c                mem_malloc
 .text.memp_init
                0x1000afbc       0x70 CMakeFiles/your_app.dir/C_/Users/zhasanr/Desktop/pico-sdk/lib/lwip/src/core/memp.c.obj
                0x1000afbc                memp_init
 .text.memp_malloc
                0x1000b02c       0x70 CMakeFiles/your_app.dir/C_/Users/zhasanr/Desktop/pico-sdk/lib/lwip/src/core/memp.c.obj
                0x1000b02c                memp_malloc
 .text.memp_free
                0x1000b09c       0x50 CMakeFiles/your_app.dir/C_/Users/zhasanr/Desktop/pico-sdk/lib/lwip/src/core/memp.c.obj
                0x1000b09c                memp_free
 .text.netif_null_output_ip4
                0x1000b0ec        0x8 CMakeFiles/your_app.dir/C_/Users/zhasanr/Desktop/pico-sdk/lib/lwip/src/core/netif.c.obj
 .text.netif_init
                0x1000b0f4        0x4 CMakeFiles/your_app.dir/C_/Users/zhasanr/Desktop/pico-sdk/lib/lwip/src/core/netif.c.obj
                0x1000b0f4                netif_init
 .text.netif_set_addr
                0x1000b0f8       0xb8 CMakeFiles/your_app.dir/C_/Users/zhasanr/Desktop/pico-sdk/lib/lwip/src/core/netif.c.obj
                0x1000b0f8                netif_set_addr
 .text.netif_add
                0x1000b1b0      0x104 CMakeFiles/your_app.dir/C_/Users/zhasanr/Desktop/pico-sdk/lib/lwip/src/core/netif.c.obj
                0x1000b1b0                netif_add
 .text.netif_remove
                0x1000b2b4       0x8c CMakeFiles/your_app.dir/C_/Users/zhasanr/Desktop/pico-sdk/lib/lwip/src/core/netif.c.obj
                0x1000b2b4                netif_remove
 .text.netif_set_default
                0x1000b340        0xc CMakeFiles/your_app.dir/C_/Users/zhasanr/Desktop/pico-sdk/lib/lwip/src/core/netif.c.obj
                0x1000b340                netif_set_default
 .text.netif_set_up
                0x1000b34c       0x14 CMakeFiles/your_app.dir/C_/Users/zhasanr/Desktop/pico-sdk/lib/lwip/src/core/netif.c.obj
                0x1000b34c                netif_set_up
 .text.netif_set_link_up
                0x1000b360       0x18 CMakeFiles/your_app.dir/C_/Users/zhasanr/Desktop/pico-sdk/lib/lwip/src/core/netif.c.obj
                0x1000b360                netif_set_link_up
 .text.netif_set_link_down
                0x1000b378       0x18 CMakeFiles/your_app.dir/C_/Users/zhasanr/Desktop/pico-sdk/lib/lwip/src/core/netif.c.obj
                0x1000b378                netif_set_link_down
 .text.netif_get_by_index
                0x1000b390       0x28 CMakeFiles/your_app.dir/C_/Users/zhasanr/Desktop/pico-sdk/lib/lwip/src/core/netif.c.obj
                0x1000b390                netif_get_by_index
 .text.pbuf_free_ooseq_callback
                0x1000b3b8       0x34 CMakeFiles/your_app.dir/C_/Users/zhasanr/Desktop/pico-sdk/lib/lwip/src/core/pbuf.c.obj
 .text.pbuf_free.part.0
                0x1000b3ec       0x94 CMakeFiles/your_app.dir/C_/Users/zhasanr/Desktop/pico-sdk/lib/lwip/src/core/pbuf.c.obj
 .text.pbuf_alloc
                0x1000b480      0x148 CMakeFiles/your_app.dir/C_/Users/zhasanr/Desktop/pico-sdk/lib/lwip/src/core/pbuf.c.obj
                0x1000b480                pbuf_alloc
 .text.pbuf_alloced_custom
                0x1000b5c8       0x4c CMakeFiles/your_app.dir/C_/Users/zhasanr/Desktop/pico-sdk/lib/lwip/src/core/pbuf.c.obj
                0x1000b5c8                pbuf_alloced_custom
 .text.pbuf_realloc
                0x1000b614       0x9c CMakeFiles/your_app.dir/C_/Users/zhasanr/Desktop/pico-sdk/lib/lwip/src/core/pbuf.c.obj
                0x1000b614                pbuf_realloc
 .text.pbuf_add_header
                0x1000b6b0       0x4c CMakeFiles/your_app.dir/C_/Users/zhasanr/Desktop/pico-sdk/lib/lwip/src/core/pbuf.c.obj
                0x1000b6b0                pbuf_add_header
 .text.pbuf_remove_header
                0x1000b6fc       0x3c CMakeFiles/your_app.dir/C_/Users/zhasanr/Desktop/pico-sdk/lib/lwip/src/core/pbuf.c.obj
                0x1000b6fc                pbuf_remove_header
 .text.pbuf_header_force
                0x1000b738       0x70 CMakeFiles/your_app.dir/C_/Users/zhasanr/Desktop/pico-sdk/lib/lwip/src/core/pbuf.c.obj
                0x1000b738                pbuf_header_force
 .text.pbuf_free_header
                0x1000b7a8       0x44 CMakeFiles/your_app.dir/C_/Users/zhasanr/Desktop/pico-sdk/lib/lwip/src/core/pbuf.c.obj
                0x1000b7a8                pbuf_free_header
 .text.pbuf_free
                0x1000b7ec       0x14 CMakeFiles/your_app.dir/C_/Users/zhasanr/Desktop/pico-sdk/lib/lwip/src/core/pbuf.c.obj
                0x1000b7ec                pbuf_free
 .text.pbuf_clen
                0x1000b800       0x14 CMakeFiles/your_app.dir/C_/Users/zhasanr/Desktop/pico-sdk/lib/lwip/src/core/pbuf.c.obj
                0x1000b800                pbuf_clen
 .text.pbuf_ref
                0x1000b814       0x28 CMakeFiles/your_app.dir/C_/Users/zhasanr/Desktop/pico-sdk/lib/lwip/src/core/pbuf.c.obj
                0x1000b814                pbuf_ref
 .text.pbuf_cat
                0x1000b83c       0x58 CMakeFiles/your_app.dir/C_/Users/zhasanr/Desktop/pico-sdk/lib/lwip/src/core/pbuf.c.obj
                0x1000b83c                pbuf_cat
 .text.pbuf_chain
                0x1000b894       0x74 CMakeFiles/your_app.dir/C_/Users/zhasanr/Desktop/pico-sdk/lib/lwip/src/core/pbuf.c.obj
                0x1000b894                pbuf_chain
 .text.pbuf_copy_partial_pbuf
                0x1000b908      0x154 CMakeFiles/your_app.dir/C_/Users/zhasanr/Desktop/pico-sdk/lib/lwip/src/core/pbuf.c.obj
                0x1000b908                pbuf_copy_partial_pbuf
 .text.pbuf_copy
                0x1000ba5c       0x10 CMakeFiles/your_app.dir/C_/Users/zhasanr/Desktop/pico-sdk/lib/lwip/src/core/pbuf.c.obj
                0x1000ba5c                pbuf_copy
 .text.pbuf_copy_partial
                0x1000ba6c       0x80 CMakeFiles/your_app.dir/C_/Users/zhasanr/Desktop/pico-sdk/lib/lwip/src/core/pbuf.c.obj
                0x1000ba6c                pbuf_copy_partial
 .text.pbuf_take
                0x1000baec       0x64 CMakeFiles/your_app.dir/C_/Users/zhasanr/Desktop/pico-sdk/lib/lwip/src/core/pbuf.c.obj
                0x1000baec                pbuf_take
 .text.pbuf_clone
                0x1000bb50       0x2c CMakeFiles/your_app.dir/C_/Users/zhasanr/Desktop/pico-sdk/lib/lwip/src/core/pbuf.c.obj
                0x1000bb50                pbuf_clone
 .text.raw_input
                0x1000bb7c      0x128 CMakeFiles/your_app.dir/C_/Users/zhasanr/Desktop/pico-sdk/lib/lwip/src/core/raw.c.obj
                0x1000bb7c                raw_input
 .text.raw_bind
                0x1000bca4       0x14 CMakeFiles/your_app.dir/C_/Users/zhasanr/Desktop/pico-sdk/lib/lwip/src/core/raw.c.obj
                0x1000bca4                raw_bind
 .text.raw_recv
                0x1000bcb8        0x8 CMakeFiles/your_app.dir/C_/Users/zhasanr/Desktop/pico-sdk/lib/lwip/src/core/raw.c.obj
                0x1000bcb8                raw_recv
 .text.raw_sendto
                0x1000bcc0      0x114 CMakeFiles/your_app.dir/C_/Users/zhasanr/Desktop/pico-sdk/lib/lwip/src/core/raw.c.obj
                0x1000bcc0                raw_sendto
 .text.raw_send
                0x1000bdd4      0x110 CMakeFiles/your_app.dir/C_/Users/zhasanr/Desktop/pico-sdk/lib/lwip/src/core/raw.c.obj
                0x1000bdd4                raw_send
 .text.raw_remove
                0x1000bee4       0x30 CMakeFiles/your_app.dir/C_/Users/zhasanr/Desktop/pico-sdk/lib/lwip/src/core/raw.c.obj
                0x1000bee4                raw_remove
 .text.raw_new_ip_type
                0x1000bf14       0x30 CMakeFiles/your_app.dir/C_/Users/zhasanr/Desktop/pico-sdk/lib/lwip/src/core/raw.c.obj
                0x1000bf14                raw_new_ip_type
 .text.raw_netif_ip_addr_changed
                0x1000bf44       0x38 CMakeFiles/your_app.dir/C_/Users/zhasanr/Desktop/pico-sdk/lib/lwip/src/core/raw.c.obj
                0x1000bf44                raw_netif_ip_addr_changed
 .text.stats_init
                0x1000bf7c        0x4 CMakeFiles/your_app.dir/C_/Users/zhasanr/Desktop/pico-sdk/lib/lwip/src/core/stats.c.obj
                0x1000bf7c                stats_init
 .text.tcp_close_shutdown_fin
                0x1000bf80       0x58 CMakeFiles/your_app.dir/C_/Users/zhasanr/Desktop/pico-sdk/lib/lwip/src/core/tcp.c.obj
 .text.tcp_pcb_purge.part.0
                0x1000bfd8       0xb0 CMakeFiles/your_app.dir/C_/Users/zhasanr/Desktop/pico-sdk/lib/lwip/src/core/tcp.c.obj
 .text.tcp_init
                0x1000c088       0x18 CMakeFiles/your_app.dir/C_/Users/zhasanr/Desktop/pico-sdk/lib/lwip/src/core/tcp.c.obj
                0x1000c088                tcp_init
 .text.tcp_free
                0x1000c0a0       0x20 CMakeFiles/your_app.dir/C_/Users/zhasanr/Desktop/pico-sdk/lib/lwip/src/core/tcp.c.obj
                0x1000c0a0                tcp_free
 .text.tcp_bind
                0x1000c0c0       0xdc CMakeFiles/your_app.dir/C_/Users/zhasanr/Desktop/pico-sdk/lib/lwip/src/core/tcp.c.obj
                0x1000c0c0                tcp_bind
 .text.tcp_listen_with_backlog_and_err
                0x1000c19c       0xbc CMakeFiles/your_app.dir/C_/Users/zhasanr/Desktop/pico-sdk/lib/lwip/src/core/tcp.c.obj
                0x1000c19c                tcp_listen_with_backlog_and_err
 .text.tcp_update_rcv_ann_wnd
                0x1000c258       0x5c CMakeFiles/your_app.dir/C_/Users/zhasanr/Desktop/pico-sdk/lib/lwip/src/core/tcp.c.obj
                0x1000c258                tcp_update_rcv_ann_wnd
 .text.tcp_recved
                0x1000c2b4       0x94 CMakeFiles/your_app.dir/C_/Users/zhasanr/Desktop/pico-sdk/lib/lwip/src/core/tcp.c.obj
                0x1000c2b4                tcp_recved
 .text.tcp_slowtmr
                0x1000c348      0x4cc CMakeFiles/your_app.dir/C_/Users/zhasanr/Desktop/pico-sdk/lib/lwip/src/core/tcp.c.obj
                0x1000c348                tcp_slowtmr
 .text.tcp_segs_free
                0x1000c814       0x34 CMakeFiles/your_app.dir/C_/Users/zhasanr/Desktop/pico-sdk/lib/lwip/src/core/tcp.c.obj
                0x1000c814                tcp_segs_free
 .text.tcp_seg_free
                0x1000c848       0x28 CMakeFiles/your_app.dir/C_/Users/zhasanr/Desktop/pico-sdk/lib/lwip/src/core/tcp.c.obj
                0x1000c848                tcp_seg_free
 .text.tcp_seg_copy
                0x1000c870       0x40 CMakeFiles/your_app.dir/C_/Users/zhasanr/Desktop/pico-sdk/lib/lwip/src/core/tcp.c.obj
                0x1000c870                tcp_seg_copy
 .text.tcp_arg  0x1000c8b0        0x8 CMakeFiles/your_app.dir/C_/Users/zhasanr/Desktop/pico-sdk/lib/lwip/src/core/tcp.c.obj
                0x1000c8b0                tcp_arg
 .text.tcp_recv
                0x1000c8b8       0x1c CMakeFiles/your_app.dir/C_/Users/zhasanr/Desktop/pico-sdk/lib/lwip/src/core/tcp.c.obj
                0x1000c8b8                tcp_recv
 .text.tcp_sent
                0x1000c8d4       0x1c CMakeFiles/your_app.dir/C_/Users/zhasanr/Desktop/pico-sdk/lib/lwip/src/core/tcp.c.obj
                0x1000c8d4                tcp_sent
 .text.tcp_err  0x1000c8f0       0x1c CMakeFiles/your_app.dir/C_/Users/zhasanr/Desktop/pico-sdk/lib/lwip/src/core/tcp.c.obj
                0x1000c8f0                tcp_err
 .text.tcp_accept
                0x1000c90c        0xc CMakeFiles/your_app.dir/C_/Users/zhasanr/Desktop/pico-sdk/lib/lwip/src/core/tcp.c.obj
                0x1000c90c                tcp_accept
 .text.tcp_poll
                0x1000c918       0x20 CMakeFiles/your_app.dir/C_/Users/zhasanr/Desktop/pico-sdk/lib/lwip/src/core/tcp.c.obj
                0x1000c918                tcp_poll
 .text.tcp_pcb_purge
                0x1000c938       0x14 CMakeFiles/your_app.dir/C_/Users/zhasanr/Desktop/pico-sdk/lib/lwip/src/core/tcp.c.obj
                0x1000c938                tcp_pcb_purge
 .text.tcp_pcb_remove
                0x1000c94c       0xe4 CMakeFiles/your_app.dir/C_/Users/zhasanr/Desktop/pico-sdk/lib/lwip/src/core/tcp.c.obj
                0x1000c94c                tcp_pcb_remove
 .text.tcp_abandon
                0x1000ca30      0x184 CMakeFiles/your_app.dir/C_/Users/zhasanr/Desktop/pico-sdk/lib/lwip/src/core/tcp.c.obj
                0x1000ca30                tcp_abandon
 .text.tcp_abort
                0x1000cbb4        0x8 CMakeFiles/your_app.dir/C_/Users/zhasanr/Desktop/pico-sdk/lib/lwip/src/core/tcp.c.obj
                0x1000cbb4                tcp_abort
 .text.tcp_accept_null
                0x1000cbbc       0x1c CMakeFiles/your_app.dir/C_/Users/zhasanr/Desktop/pico-sdk/lib/lwip/src/core/tcp.c.obj
 .text.tcp_alloc
                0x1000cbd8      0x1e8 CMakeFiles/your_app.dir/C_/Users/zhasanr/Desktop/pico-sdk/lib/lwip/src/core/tcp.c.obj
                0x1000cbd8                tcp_alloc
 .text.tcp_new_ip_type
                0x1000cdc0        0x8 CMakeFiles/your_app.dir/C_/Users/zhasanr/Desktop/pico-sdk/lib/lwip/src/core/tcp.c.obj
                0x1000cdc0                tcp_new_ip_type
 .text.tcp_close_shutdown
                0x1000cdc8      0x194 CMakeFiles/your_app.dir/C_/Users/zhasanr/Desktop/pico-sdk/lib/lwip/src/core/tcp.c.obj
 .text.tcp_shutdown
                0x1000cf5c       0x68 CMakeFiles/your_app.dir/C_/Users/zhasanr/Desktop/pico-sdk/lib/lwip/src/core/tcp.c.obj
                0x1000cf5c                tcp_shutdown
 .text.tcp_recv_null
                0x1000cfc4       0xd4 CMakeFiles/your_app.dir/C_/Users/zhasanr/Desktop/pico-sdk/lib/lwip/src/core/tcp.c.obj
                0x1000cfc4                tcp_recv_null
 .text.tcp_process_refused_data
                0x1000d098       0x7c CMakeFiles/your_app.dir/C_/Users/zhasanr/Desktop/pico-sdk/lib/lwip/src/core/tcp.c.obj
                0x1000d098                tcp_process_refused_data
 .text.tcp_fasttmr
                0x1000d114       0x84 CMakeFiles/your_app.dir/C_/Users/zhasanr/Desktop/pico-sdk/lib/lwip/src/core/tcp.c.obj
                0x1000d114                tcp_fasttmr
 .text.tcp_tmr  0x1000d198       0x20 CMakeFiles/your_app.dir/C_/Users/zhasanr/Desktop/pico-sdk/lib/lwip/src/core/tcp.c.obj
                0x1000d198                tcp_tmr
 .text.tcp_close
                0x1000d1b8      0x184 CMakeFiles/your_app.dir/C_/Users/zhasanr/Desktop/pico-sdk/lib/lwip/src/core/tcp.c.obj
                0x1000d1b8                tcp_close
 .text.tcp_next_iss
                0x1000d33c       0x24 CMakeFiles/your_app.dir/C_/Users/zhasanr/Desktop/pico-sdk/lib/lwip/src/core/tcp.c.obj
                0x1000d33c                tcp_next_iss
 .text.tcp_eff_send_mss_netif
                0x1000d360       0x30 CMakeFiles/your_app.dir/C_/Users/zhasanr/Desktop/pico-sdk/lib/lwip/src/core/tcp.c.obj
                0x1000d360                tcp_eff_send_mss_netif
 .text.tcp_netif_ip_addr_changed
                0x1000d390       0x90 CMakeFiles/your_app.dir/C_/Users/zhasanr/Desktop/pico-sdk/lib/lwip/src/core/tcp.c.obj
                0x1000d390                tcp_netif_ip_addr_changed
 .text.tcp_free_ooseq
                0x1000d420       0x38 CMakeFiles/your_app.dir/C_/Users/zhasanr/Desktop/pico-sdk/lib/lwip/src/core/tcp.c.obj
                0x1000d420                tcp_free_ooseq
 .text.tcp_parseopt
                0x1000d458      0x1b0 CMakeFiles/your_app.dir/C_/Users/zhasanr/Desktop/pico-sdk/lib/lwip/src/core/tcp_in.c.obj
 .text.tcp_oos_insert_segment
                0x1000d608       0x8c CMakeFiles/your_app.dir/C_/Users/zhasanr/Desktop/pico-sdk/lib/lwip/src/core/tcp_in.c.obj
 .text.tcp_free_acked_segments.isra.0
                0x1000d694       0xac CMakeFiles/your_app.dir/C_/Users/zhasanr/Desktop/pico-sdk/lib/lwip/src/core/tcp_in.c.obj
 .text.tcp_receive
                0x1000d740      0x8a8 CMakeFiles/your_app.dir/C_/Users/zhasanr/Desktop/pico-sdk/lib/lwip/src/core/tcp_in.c.obj
 .text.tcp_input
                0x1000dfe8      0xbfc CMakeFiles/your_app.dir/C_/Users/zhasanr/Desktop/pico-sdk/lib/lwip/src/core/tcp_in.c.obj
                0x1000dfe8                tcp_input
 .text.tcp_trigger_input_pcb_close
                0x1000ebe4       0x10 CMakeFiles/your_app.dir/C_/Users/zhasanr/Desktop/pico-sdk/lib/lwip/src/core/tcp_in.c.obj
                0x1000ebe4                tcp_trigger_input_pcb_close
 .text.tcp_create_segment
                0x1000ebf4       0xc4 CMakeFiles/your_app.dir/C_/Users/zhasanr/Desktop/pico-sdk/lib/lwip/src/core/tcp_out.c.obj
 .text.tcp_output_control_segment
                0x1000ecb8       0xa4 CMakeFiles/your_app.dir/C_/Users/zhasanr/Desktop/pico-sdk/lib/lwip/src/core/tcp_out.c.obj
 .text.tcp_write
                0x1000ed5c      0x838 CMakeFiles/your_app.dir/C_/Users/zhasanr/Desktop/pico-sdk/lib/lwip/src/core/tcp_out.c.obj
                0x1000ed5c                tcp_write
 .text.tcp_split_unsent_seg
                0x1000f594      0x180 CMakeFiles/your_app.dir/C_/Users/zhasanr/Desktop/pico-sdk/lib/lwip/src/core/tcp_out.c.obj